[  000000]nitilizing grp subss pust
[   0.0000]niializi cro sbsys cpu
   0.000] Iniiazingcgupsuys cuat
[   0.0000] Linux veion 4..0-101-generic (buildd@lcy01-amd64-006) (gcc version 5.4.0 20160609 (Ubuntu 5.4.0-6ubuntu1~16.04.5) ) #124-Ubuntu SMP Fri Nov 10 18:29:59 UTC 2017 (Ubuntu 4.4.0-101.124-generic 4.4.95)
[    0.000000] Command line: BOOT_IMAGE=/boot/vmlinuz-4.4.0-101-generic root=LABEL=cloudimg-rootfs ro console=tty1 console=ttyS0
[    0.000000] KERNEL supported cpus:
[    0.000000]   Intel GenuineIntel
[    0.000000]   AMD AuthenticAMD
[    0.000000]   Centaur CentaurHauls
[    0.000000] x86/fpu: xstate_offset[2]:  576, xstate_sizes[2]:  256
[    0.000000] x86/fpu: Supporting XSAVE feature 0x01: 'x87 floating point registers'
[    0.000000] x86/fpu: Supporting XSAVE feature 0x02: 'SSE registers'
[    0.000000] x86/fpu: Supporting XSAVE feature 0x04: 'AVX registers'
[    0.000000] x86/fpu: Enabled xstate features 0x7, context size is 832 bytes, using 'standard' format.
[    0.000000] x86/fpu: Using 'lazy' FPU context switches.
[    0.000000] e820: BIOS-provided physical RAM map:
[    0.000000] BIOS-e820: [mem 0x0000000000000000-0x000000000009fbff] usable
[    0.000000] BIOS-e820: [mem 0x000000000009fc00-0x000000000009ffff] reserved
[    0.000000] BIOS-e820: [mem 0x00000000000f0000-0x00000000000fffff] reserved
[    0.000000] BIOS-e820: [mem 0x0000000000100000-0x000000003ffeffff] usable
[    0.000000] BIOS-e820: [mem 0x000000003fff0000-0x000000003fffffff] ACPI data
[    0.000000] BIOS-e820: [mem 0x00000000fffc0000-0x00000000ffffffff] reserved
[    0.000000] NX (Execute Disable) protection: active
[    0.000000] SMBIOS 2.5 present.
[    0.000000] Hypervisor detected: KVM
[    0.000000] e820: last_pfn = 0x3fff0 max_arch_pfn = 0x400000000
[    0.000000] MTRR: Disabled
[    0.000000] x86/PAT: MTRRs disabled, skipping PAT initialization too.
[    0.000000] CPU MTRRs all blank - virtualized system.
[    0.000000] x86/PAT: Configuration [0-7]: WB  WT  UC- UC  WB  WT  UC- UC  
[    0.000000] found SMP MP-table at [mem 0x0009fff0-0x0009ffff] mapped at [ffff88000009fff0]
[    0.000000] Scanning 1 areas for low memory corruption
[    0.000000] RAMDISK: [mem 0x36abc000-0x37555fff]
[    0.000000] ACPI: Early table checksum verification disabled
[    0.000000] ACPI: RSDP 0x00000000000E0000 000024 (v02 VBOX  )
[    0.000000] ACPI: XSDT 0x000000003FFF0030 00003C (v01 VBOX   VBOXXSDT 00000001 ASL  00000061)
[    0.000000] ACPI: FACP 0x000000003FFF00F0 0000F4 (v04 VBOX   VBOXFACP 00000001 ASL  00000061)
[    0.000000] ACPI: DSDT 0x000000003FFF0470 002118 (v01 VBOX   VBOXBIOS 00000002 INTL 20160108)
[    0.000000] ACPI: FACS 0x000000003FFF0200 000040
[    0.000000] ACPI: FACS 0x000000003FFF0200 000040
[    0.000000] ACPI: APIC 0x000000003FFF0240 00005C (v02 VBOX   VBOXAPIC 00000001 ASL  00000061)
[    0.000000] ACPI: SSDT 0x000000003FFF02A0 0001CC (v01 VBOX   VBOXCPUT 00000002 INTL 20160108)
[    0.000000] No NUMA configuration found
[    0.000000] Faking a node at [mem 0x0000000000000000-0x000000003ffeffff]
[    0.000000] NODE_DATA(0) allocated [mem 0x3ffeb000-0x3ffeffff]
[    0.000000] kvm-clock: Using msrs 4b564d01 and 4b564d00
[    0.000000] kvm-clock: cpu 0, msr 0:3ffe3001, primary cpu clock
[    0.000000] kvm-clock: using sched offset of 3561154638 cycles
[    0.000000] clocksource: kvm-clock: mask: 0xffffffffffffffff max_cycles: 0x1cd42e4dffb, max_idle_ns: 881590591483 ns
[    0.000000] Zone ranges:
[    0.000000]   DMA      [mem 0x0000000000001000-0x0000000000ffffff]
[    0.000000]   DMA32    [mem 0x0000000001000000-0x000000003ffeffff]
[    0.000000]   Normal   empty
[    0.000000]   Device   empty
[    0.000000] Movable zone start for each node
[    0.000000] Early memory node ranges
[    0.000000]   node   0: [mem 0x0000000000001000-0x000000000009efff]
[    0.000000]   node   0: [mem 0x0000000000100000-0x000000003ffeffff]
[    0.000000] Initmem setup node 0 [mem 0x0000000000001000-0x000000003ffeffff]
[    0.000000] ACPI: PM-Timer IO Port: 0x4008
[    0.000000] IOAPIC[0]: apic_id 2, version 17, address 0xfec00000, GSI 0-23
[    0.000000] ACPI: INT_SRC_OVR (bus 0 bus_irq 0 global_irq 2 dfl dfl)
[    0.000000] ACPI: INT_SRC_OVR (bus 0 bus_irq 9 global_irq 9 high level)
[    0.000000] Using ACPI (MADT) for SMP configuration information
[    0.000000] smpboot: Allowing 2 CPUs, 0 hotplug CPUs
[    0.000000] PM: Registered nosave memory: [mem 0x00000000-0x00000fff]
[    0.000000] PM: Registered nosave memory: [mem 0x0009f000-0x0009ffff]
[    0.000000] PM: Registered nosave memory: [mem 0x000a0000-0x000effff]
[    0.000000] PM: Registered nosave memory: [mem 0x000f0000-0x000fffff]
[    0.000000] e820: [mem 0x40000000-0xfffbffff] available for PCI devices
[    0.000000] Booting paravirtualized kernel on KVM
[    0.000000] clocksource: refined-jiffies: mask: 0xffffffff max_cycles: 0xffffffff, max_idle_ns: 7645519600211568 ns
[    0.000000] setup_percpu: NR_CPUS:512 nr_cpumask_bits:512 nr_cpu_ids:2 nr_node_ids:1
[    0.000000] PERCPU: Embedded 34 pages/cpu @ffff88003fc00000 s98328 r8192 d32744 u1048576
[    0.000000] PV qspinlock hash table entries: 256 (order: 0, 4096 bytes)
[    0.000000] Built 1 zonelists in Ne rde milityroupi o  Tot pages: 2793
[   0000] Poly zoe:MA2
[   00000]erel mmnd in: OTMAGE/boot/vmnuz-4.4.-101enericrot=LABE=cloumg-roos o coso=tty1onoltt0
[   000000] PD has tle etrs: 4096 (order: 3, 32768 bytes)
[    0.000000] Memory: 1001708K/1048120K available (8484K kernel code, 1294K rwdata, 3988K rodata, 1492K init, 1316K bss, 46412K reserved, 0K cma-reserved)
[    0.000000] SLUB: HWalign=64, Order=0-3, MinObjects=0, CPUs=2, Nodes=1
[    0.000000] Hierarchical RCU implementation.
[    0.000000] 	Build-time adjustment of leaf fanout to 64.
[    0.000000] 	RCU restricting CPUs from NR_CPUS=512 to nr_cpu_ids=2.
[    0.000000] RCU: Adjusting geometry for rcu_fanout_leaf=64, nr_cpu_ids=2
[    0.000000] NR_IRQS:33024 nr_irqs:440 16
[    0.000000] Console: colour VGA+ 80x25
[    0.000000] console [tty1] enabled
[    0.000000] console [ttyS0] enabled
[    0.000000] tsc: Detected 3299.954 MHz processor
[    3.197342] Calibrating delay loop (skipped) preset value.. 6599.90 BogoMIPS (lpj=13199816)
[    3.199584] pid_max: default: 32768 minimum: 301
[    3.201251] ACPI: Core revision 20150930
[    3.203477] ACPI: 2 ACPI AML tables successfully acquired and loaded
[    3.205950] Security Framework initialized
[    3.207405] Yama: becoming mindful.
[    3.208852] AppArmor: AppArmor initialized
[    3.210469] Dentry cache hash table entries: 131072 (order: 8, 1048576 bytes)
[    3.213127] Inode-cache hash table entries: 65536 (order: 7, 524288 bytes)
[    3.216023] Mount-cache hash table entries: 2048 (order: 2, 16384 bytes)
[    3.218389] Mountpoint-cache hash table entries: 2048 (order: 2, 16384 bytes)
[    3.220993] Initializing cgroup subsys io
[    3.222477] Initializing cgroup subsys memory
[    3.224062] Initializing cgroup subsys devices
[    3.225681] Initializing cgroup subsys feezer
[    3.252279] Initializing cgroup subsys net_cls
[    3.364439] Initializing cgroup subsys perf_event
[    3.473436] Initializing cgroup subsys net_prio
[    3.553129] Initializing cgroup subsys hugetlb
[    3.653665] Initializing cgroup subsys pids
[    3.700727] CPU: Physical Processor ID: 0
[    3.702171] CPU: Processor Core ID: 0
[    3.703877] mce: CPU supports 0 MCE banks
[    3.705408] Last level iTLB entries: 4KB 512, 2MB 8, 4MB 8
[    3.719102] Last level dTLB entries: 4KB 512, 2MB 32, 4MB 32, 1GB 0
[    3.723334] Freeing SMP alternatives memory: 32K
[    3.750262] ftrace: allocating 32156 entries in 126 pages
[    3.848648] smpboot: APIC(0) Converting physical 0 to logical package 0
[    3.969315] smpboot: Max logical packages: 1
[    4.014685] ..TIMER: vector=0x30 apic1=0 pin1=2 apic2=-1 pin2=-1
[    4.127901] APIC calibration not consistent with PM-Timer: 103ms instead of 100ms
[    4.130926] APIC delta adjusted to PM-Timer: 6250095 (6495906)
[    4.133546] smpboot: CPU0: Intel(R) Core(TM) i5-3550 CPU @ 3.30GHz (family: 0x6, model: 0x3a, stepping: 0x9)
[    4.157119] Performance Events: unsupported p6 CPU model 58 no PMU driver, software events only.
[    4.160717] KVM setup paravirtual spinlock
[    4.162924] x86: Booting SMP configuration:
[    4.176713] .... node  #0, CPUs:      #1
[    4.178244] kvm-clock: cpu 1, msr 0:3ffe3041, secondary cpu clock
[    4.275266] mce: CPU supports 0 MCE banks
[    4.359190] x86: Booted up 1 node, 2 CPUs
[    4.398482] smpboot: Total of 2 processors activated (13199.81 BogoMIPS)
[    4.401976] devtmpfs: initialized
[    4.405138] evm: security.selinux
[    4.406596] evm: security.SMACK64
[    4.408015] evm: security.SMACK64EXEC
[    4.409359] evm: security.SMACK64TRANSMUTE
[    4.411174] evm: security.SMACK64MMAP
[    4.413123] evm: security.ima
[    4.414382] evm: security.capability
[    4.417187] clocksource: jiffies: mask: 0xffffffff max_cycles: 0xffffffff, max_idle_ns: 7645041785100000 ns
[    4.421641] futex hash table entries: 512 (order: 3, 32768 bytes)
[    4.425108] pinctrl core: initialized pinctrl subsystem
[    4.427606] RTC time: 13:54:10, date: 02/19/18
[    4.430055] NET: Registered protocol family 16
[    4.442008] cpuidle: using governor ladder
[    4.458257] cpuidle: using governor menu
[    4.526907] PCCT header not found.
[    4.558180] ACPI: bus type PCI registered
[    4.565238] acpiphp: ACPI Hot Plug PCI Controller Driver version: 0.5
[    4.573613] PCI: Using configuration type 1 for base access
[    4.616789] ACPI: Added _OSI(Module Device)
[    4.687607] ACPI: Added _OSI(Processor Device)
[    4.699959] ACPI: Added _OSI(3.0 _SCP Extensions)
[    4.701842] ACPI: Added _OSI(Processor Aggregator Device)
[    4.704659] ACPI: Executed 1 blocks of module-level executable AML code
[    4.725220] ACPI: Interpreter enabled
[    4.726716] ACPI: (supports S0 S5)
[    4.727996] ACPI: Using IOAPIC for interrupt routing
[    4.729958] PCI: Using host bridge windows from ACPI; if necessary, use "pci=nocrs" and report a bug
[    4.736626] ACPI: PCI Root Bridge [PCI0] (domain 0000 [bus 00-ff])
[    4.745508] acpi PNP0A03:00: _OSC: OS supports [ASPM ClockPM Segments MSI]
[    4.748197] acpi PNP0A03:00: _OSC failed (AE_NOT_FOUND); disabling ASPM
[    4.750649] acpi PNP0A03:00: fail to add MMCONFIG information, can't access extended PCI configuration space under this bridge.
[    4.756314] PCI host bridge to bus 0000:00
[    4.758425] pci_bus 0000:00: root bus resource [io  0x0000-0x0cf7 window]
[    4.761614] pci_bus 0000:00: root bus resource [io  0x0d00-0xffff window]
[    4.764235] pci_bus 0000:00: root bus resource [mem 0x000a0000-0x000bffff window]
[    4.767116] pci_bus 0000:00: root bus resource [mem 0x40000000-0xffdfffff window]
[    4.770091] pci_bus 0000:00: root bus resource [bus 00-ff]
[    4.773464] pci 0000:00:01.1: legacy IDE quirk: reg 0x10: [io  0x01f0-0x01f7]
[    4.775931] pci 0000:00:01.1: legacy IDE quirk: reg 0x14: [io  0x03f6]
[    4.778157] pci 0000:00:01.1: legacy IDE quirk: reg 0x18: [io  0x0170-0x0177]
[    4.780574] pci 0000:00:01.1: legacy IDE quirk: reg 0x1c: [io  0x0376]
[    4.856520] ACPI: PCI Interrupt Link [LNKA] (IRQs 5 9 10 11) *0, disabled.
[    4.861992] ACPI: PCI Interrupt Link [LNKB] (IRQs 5 9 10 *11)
[    4.868814] ACPI: PCI Interrupt Link [LNKC] (IRQs 5 9 *10 11)
[    4.888957] ACPI: PCI Interrupt Link [LNKD] (IRQs 5 *9 10 11)
[    4.906131] ACPI: Enabled 2 GPEs in block 00 to 07
[    4.912746] vgaarb: setting as boot device: PCI:0000:00:02.0
[    4.945023] vgaarb: device added: PCI:0000:00:02.0,decodes=io+mem,owns=io+mem,locks=none
[    4.957104] vgaarb: loaded
[    4.959365] vgaarb: bridge control possible 0000:00:02.0
[    4.965027] SCSI subsystem initialized
[    4.970744] ACPI: bus type USB registered
[    4.972751] usbcore: registered new interface driver usbfs
[    4.976072] usbcore: registered new interface driver hub
[    4.984775] usbcore: registered new device driver usb
[    4.991524] PCI: Using ACPI for IRQ routing
[    4.995704] NetLabel: Initializing
[    5.000286] NetLabel:  domain hash size = 128
[    5.003239] NetLabel:  protocols = UNLABELED CIPSOv4
[    5.006682] NetLabel:  unlabeled traffic allowed by default
[    5.015161] amd_nb: Cannot enumerate AMD northbridges
[    5.040481] clocksource: Switched to clocksource kvm-clock
[    5.076614 AArr:ppmoFilesyst Ebl
  5.22] pnp: PnP ACPI init
[    5.947607] pnp: PnP ACPI: found 3 devices

[    5.973905] clocksource: acpi_pm: mask: 0xffffff max_cycles: 0xffffff, max_idle_ns: 2085701024 ns
[    5.981565] NET: Registered protocol family 2
[    5.988475] TCP established hash table entries: 8192 (order: 4, 65536 bytes)
[    5.996479] TCP bind hash table entries: 8192 (order: 5, 131072 bytes)
[    6.003109] TCP: Hash tables configured (established 8192 bind 8192)
[    6.007713] UDP hash table entries: 512 (order: 2, 16384 bytes)
[    6.014105] UDP-Lite hash table entries: 512 (order: 2, 16384 bytes)
[    6.021928] NET: Registered protocol family 1
[    6.023666] pci 0000:00:00.0: Limiting direct PCI/PCI transfers
[   6.50] ci0000:00:01.0: Activating ISA DMA hang workarounds
[    6.412038] Unpacking initramfs...
[    8.428484] Freeing initrd memory: 10856K
[    8.432766] RAPL PMU detected, API unit is 2^-32 Joules, 3 fixed counters 10737418240 ms ovfl timer
[    8.439055] hw unit of domain pp0-core 2^-0 Joules
[    8.447375] hw unit of domain package 2^-0 Joules
[    8.458022] hw unit of domain pp1-gpu 2^-0 Joules
[    8.461307] platform rtc_cmos: registered platform RTC device (no PNP device found)
[    8.465786] Scanning for low memory corruption every 60 seconds
[    8.469886] audit: initializing netlink subsys (disabled)
[    8.473240] audit: type=2000 audit(1519048455.932:1): initialized
[    8.484314] Initialise system trusted keyring
[    8.490256] HugeTLB registered 2 MB page size, pre-allocated 0 pages
[    8.496685] zbud: loaded
[    8.503631] VFS: Disk quotas dquot_6.6.0
[    8.506408] VFS: Dquot-cache hash table entries: 512 (order 0, 4096 bytes)
[    8.510403] squashfs: version 4.0 (2009/01/31) Phillip Lougher
[    8.518694] fuse init (API version7.2
[    .727 K te igeyrested
[  9041]Alocating IMA M a baclit eyng.[   .400] tsc Rin T clckourc cliatn:30.1 M
[    9.460101] clocksource: tsc: mask: 0xffffffffffffffff max_cycles: 0x2f95ab5a1e9, max_idle_ns: 440795361914 ns
[   10.850721] Key type asymmetric registered
[   10.876440] Asymmetric key parser 'x509' registered
[   10.878254] Block layer SCSI generic (bsg) driver version 0.4 loaded (major 249)
[   10.882029] io scheduler noop registered
[   10.883672] io scheduler deadline registered (default)
[   10.887914] io scheduler cfq registered
[   10.891125] pci_hotplug: PCI Hot Plug PCI Core version: 0.5
[   10.893163] pciehp: PCI Express Hot Plug Controller Driver version: 0.4
[   10.913105] ACPI: AC Adapter [AC] (on-line)
[   10.916224] input: Power Button as /devices/LNXSYSTM:00/LNXPWRBN:00/input/input0
[   10.979749] ACPI: Power Button [PWRF]
[   11.052249] input: Sleep Button as /devices/LNXSYSTM:00/LNXSLPBN:00/input/input1
[   11.129893] ACPI: Sleep Button [SLPF]
[   11.217693] GHES: HEST is not enabled!
[   11.261973] Serial: 8250/16550 driver, 32 ports, IRQ sharing enabled
[   11.406775] 00:02: ttyS0 at I/O 0x3f8 (irq = 4, base_baud = 115200) is a 16550A
[   11.562877] Linux agpgart interface v0.103
[   11.648477] loop: module loaded
[  17164sci os: a_iix
[   12.09698 si os: taii
[   12.3032] aa1: AT m UA/33 cmd0x0 l x3 bdm 0d00 rq4
[   13.3433]at: ATmaUDMA/33 cmd 0x170 ctl 0x376 bmdma 0xd008 irq 15
[   13.285399] libphy: Fixed MDIO Bus: probed
[   1337021] tun: nirsal TUN/TAP device driver, 1.6
[   .553] n:C)99-24 x asany axk@qualcomm.com>
[   14.141398] PPP generic driver version 2.4.2
[   14.165066] ehc__hcd: USB 2.0 'Enhanced' Host Controller (EHCI) Driver
[   14.434917] ehci-pci: EHCI PCI platform driver
[   14.465032] ehci-platform: EHCI generic platform driver
[   14.485224] ohci_hcd: USB 1.1 'Open' Host Controller (OHCI) Driver
[   14.486141] ohci-pci: OHCI PCI platform driver
[   14.486867] ohci-platform: OHCI generic platform driver
[   14.616644] uhci_hcd: USB Universal Host Controller Interface driver
[   14.656610] i8042: PNP: PS/2 Controller [PNP0303:PS2K,PNP0f03:PS2M] at 0x60,0x64 irq 1,12
[   14.825698] serio: i8042 KBD port at 0x60,0x64 irq 1
[   14.884904] serio: i8042 AUX port at 0x60,0x64 irq 12
[   15.004974] mousedev: PS/2 mouse device common for all mice
[   15.006254] rtc_cmos rtc_cmos: rtc core  registered rtc_cmos as rtc0
[   15.125172] input: AT Translated Set 2 keyboard as /devices/platform/i8042/serio0/input/input2
[   15.126614] rtc_cmos rtc_cmos: alarms up to one day, 114 bytes nvram
[   15.127644] i2c /dev entries driver
[   15.128361] device-mapper: uevent: version 1.0.3
[   15.129188] device-mapper: ioctl: 4.34.0-ioctl (2015-10-28) initialised: dm-devel@redhat.com
[   15.135621] ledtrig-cpu: registered to indicate activity on CPUs
[   15.157112] NET: Registered protocol family 10
[   15.161202] NET: Registered protocol family 17
[   15.164890] Key type dns_resolver registered
[   15.174319] microcode: CPU0 sig=0x306a9, pf=0x2, revision=0x19
[   15.291922] microcode: CPU1 sig=0x306a9, pf=0x2, revision=0x19
[   15.425136] microcode: Microcode Update Driver: v2.01 <tigran@aivazian.fsnet.co.uk>, Peter Oruba
[   15.505691] registered taskstats version 1
[   15.524877] Loading compiled-in X.509 certificates
[   15.526291] Loaded X.509 cert 'Build time autogenerated kernel key: f91c6829a34a801956ec6287af569c0a1f1f8d39'
[   15.644961] zswap: loaded using pool lzo/zbud
[   15.878659] Key type trusted registered
[   16.049694] Key type encrypted registered
[   16.284880] AppArmor: AppArmor sha1 policy hashing enabled
[   16.494954] ima: No TPM chip found, activating TPM-bypass!
[   16.720769] evm: HMAC attrs: 0x1
[   16.832591]  MMagic number: 6:671:938
[   17.044960] rtc_cmos rcc_cmos:ssetting system clock to 2018-02-19 13:54:23 UTC (1519048463)
[   17.425555] BIOS EDD facility v0.16 2004-Jun-25, 0 devices found
[   17.644953] EDD information not available.
[   17.806019] Freeing unused kernel memory: 1492K
[   17.806788] Write protecting the kernel read-only data: 14336k
[   18.245423] Freeing unused kernel memory: 1744K
[   18.355278] Freeing unused kernel memory: 108K
Loading, please [   18.376539] random: systemd-udevd: uninitialized urandom read (16 bytes read, 3 bits of entropy available)
wait...
starting version 229
[   18.377107] random: udevadm: uninitialized urandom read (16 bytes read, 3 bits of entropy available)
[   18.377220] random: udevadm: uninitialized urandom read (16 bytes read, 3 bits of entropy available)
[   18.384374] random: udevadm: uninitialized urandom read (16 bytes read, 3 bits of entropy available)
[   18.384409] random: udevadm: uninitialized urandom read (16 bytes read, 3 bits of entropy available)
[   18.384520] random: udevadm: uninitialized urandom read (16 bytes read, 3 bits of entropy available)
[   18.384564] random: udevadm: uninitialized urandom read (16 bytes read, 3 bits of entropy available)
[   18.384609] random: udevadm: uninitialized urandom read (16 bytes read, 3 bits of entropy available)
[   18.384652] random: udevadm: uninitialized urandom read (16 bytes read, 3 bits of entropy available)
[   18.384696] random: udevadm: uninitialized urandom read (16 bytes read, 3 bits of entropy available)
[   20.886090] Fusion MPT base driver 3.04.20
[   20.931797] Copyright (c) 1999-2008 LSI Corporation
[   21.055513] e1000: Intel(R) PRO/1000 Network Driver - version 7.3.21-k8-NAPI
[   21.177660] e1000: Copyright (c) 1999-2006 Intel Corporation.
[   21.186025] Fusion MPT SPI Host driver 3.04.20
[   21.263043] mptbase: ioc0: Initiating bringup
[   21.360327] AVX version of gcm_enc/dec engaged.
[   21.640940] AES CTR mode by8 optimization enabled
[   21.645942] input: ImExPS/2 Generic Explorer Mouse as /devices/platform/i8042/serio1/input/input4
[   21.779763] ioc0: LSI53C1030 A0: Capabilities={Initiator}
[   22.355660] scsi host2: ioc0: LSI53C1030 A0, FwRev=00000000h, Ports=1, MaxQ=256, IRQ=20
[   23.398721] scsi 2:0:0:0: Direct-Access     VBOX     HARDDISK         1.0  PQ: 0 ANSI: 5
[   23.535896] scsi target2:0:0: Beginning Domain Validation
[   23.556089] scsi target2:0:0: Domain Validation skipping write tests
[   23.646830] scsi target2:0:0: Ending Domain Validation
[   23.767082] scsi target2:0:0: asynchronous
[   23.824779] scsi 2:0:1:0: Direct-Access     VBOX     HARDDISK         1.0  PQ: 0 ANSI: 5
[   23.887723] scsi target2:0:1: Beginning Domain Validation
[   23.942459] scsi target2:0:1: Domain Validation skipping write tests
[   24.025020] scsi target2:0:1: Ending Domain Validation
[   24.028470] scsi target2:0:1: asynchronous
[   24.043603] e1000 0000:00:03.0 eth0: (PCI:33MHz:32-bit) 02:44:03:e3:22:ab
[   24.165059] e1000 0000:00:03.0 eth0: Intel(R) PRO/1000 Network Connection
[   24.226498] sd 2:0:0:0: Attached scsi generic sg0 type 0
[   24.248386] sd 2:0:0:0: [sda] 20971520 512-byte logical blocks: (10.7 GB/10.0 GiB)
[   24.248572] sd 2:0:1:0: Attached scsi generic sg1 type 0
[   24.248717] sd 2:0:1:0: [sdb] 20480 512-byte logical blocks: (10.5 MB/10.0 MiB)
[   24.248823] sd 2:0:1:0: [sdb] Write Protect is off
[   24.248890] sd 2:0:1:0: [sdb] Incomplete mode parameter data
[   24.248891] sd 2:0:1:0: [sdb] Assuming drive cache: write through
[   24.544061] floppy0: no floppy controllers found
[   24.674208] sd 2:0:1:0: [sdb] Attached SCSI disk
[   24.929875] sd 2:0:0:0: [sda] Write Protect is off
[   24.949900] e1000 0000:00:08.0 eth1: (PCI:33MHz:32-bit) 08:00:27:62:c7:07
[   24.949902] e1000 0000:00:08.0 eth1: Intel(R) PRO/1000 Network Connection
[   25.006741] e1000 0000:00:08.0 enp0s8: renamed from eth1
[   25.012789] sd 2:0:0:0: [sda] Incomplete mode parameter data
[   25.121220] sd 2:0:0:0: [sda] Assuming drive cache: write through
[   25.419907] e1000 0000:00:03.0 enp0s3: renamed from eth0
[   25.473515]  sda: sda1
[   25.550761] sd 2:0:0:0: [sda] Attached SCSI disk
Begin: Loading e[   27.828268] md: linear personality registered for level -1
ssential drivers ... [   28.079661] md: multipath personality registered for level -4
[   28.216663] md: raid0 personality registered for level 0
[   28.315607] md: raid1 personality registered for level 1
[   28.511979] raid6: sse2x1   gen()  5148 MB/s
[   28.646299] raid6: sse2x1   xor()  3178 MB/s
[   28.800330] raid6: sse2x2   gen()  4495 MB/s
[   28.899938] raid6: sse2x2   xor()  4413 MB/s
[   29.040095] raid6: sse2x4   gen() 10063 MB/s
[   29.163960] raid6: sse2x4   xor()  5123 MB/s
[   29.251937] raid6: using algorithm sse2x4 gen() 10063 MB/s
[   29.403598] raid6: .... xor() 5123 MB/s, rmw enabled
[   29.567073] raid6: using ssse3x2 recovery algorithm
[   29.776289] xor: automatically using best checksumming function:
[   29.999561]    avx       : 18866.000 MB/sec
[   30.127940] async_tx: api initialized (async)
[   30.322887] md: raid6 personality registered for level 6
[   30.520967] md: raid5 personality registered for level 5
[   30.678095] md: raid4 personality registered for level 4
[   30.888317] md: raid10 personality registered for level 10
done.
Begin: Running /scripts/init-premount ... done[   31.181135] Btrfs loaded
.
Begin: Mounting root file system ... Begin: Running /scripts/local-top ... done.
Begin: Running /scripts/local-premount ... Scanning for Btrfs filesystems
done.
Warning: [   31.617561] EXT4-fs (sda1): mounted filesystem with ordered data mode. Opts: (null)
fsck not present[   31.851102] random: nonblocking pool is initialized
, so skipping root file system
done.
Begin: Running /scripts/local-bottom ... done.
Begin: Running /scripts/init-bottom ... done.
[   32.683919] systemd[1]: systemd 229 running in system mode. (+PAM +AUDIT +SELINUX +IMA +APPARMOR +SMACK +SYSVINIT +UTMP +LIBCRYPTSETUP +GCRYPT +GNUTLS +ACL +XZ -LZ4 +SECCOMP +BLKID +ELFUTILS +KMOD -IDN)
[   32.887436] systemd[1]: Detected virtualization oracle.
[   32.896970] systemd[1]: Detected architecture x86-64.

Welcome to [1mUbuntu 16.04.3 LTS[0m!

[   32.958587] systemd[1]: Set hostname to <ubuntu>.
[   32.982845] systemd[1]: Initializing machine ID from random generator.
[   32.995057] systemd[1]: Installed transient /etc/machine-id file.
[   33.695896] systemd[1]: Listening on Journal Audit Socket.
[[0;32m  OK  [0m] Listening on Journal Audit Socket.
[   33.771715] systemd[1]: Reached target Encrypted Volumes.
[[0;32m  OK  [0m] Reached target Encrypted Volumes.
[   33.916752] systemd[1]: Listening on LVM2 poll daemon socket.
[[0;32m  OK  [0m] Listening on LVM2 poll daemon socket.
[   34.019936] systemd[1]: Listening on Device-mapper event daemon FIFOs.
[[0;32m  OK  [0m] Listening on Device-mapper event daemon FIFOs.
[   34.159854] systemd[1]: Started Trigger resolvconf update for networkd DNS.
[[0;32m  OK  [0m] Started Trigger resolvconf update for networkd DNS.
[   34.343922] systemd[1]: Listening on udev Control Socket.
[[0;32m  OK  [0m] Listening on udev Control Socket.
[   34.455833] systemd[1]: Listening on Journal Socket (/dev/log).
[[0;32m  OK  [0m] Listening on Journal Socket (/dev/log).
[   34.695792] systemd[1]: Started Forward Password Requests to Wall Directory Watch.
[[0;32m  OK  [0m] Started Forward Password Requests to Wall Directory Watch.
[   34.964095] systemd[1]: Created slice User and Session Slice.
[[0;32m  OK  [0m] Created slice User and Session Slice.
[   35.199819] systemd[1]: Listening on LVM2 metadata daemon socket.
[[0;32m  OK  [0m] Listening on LVM2 metadata daemon socket.
[   35.307968] systemd[1]: Listening on udev Kernel Socket.
[[0;32m  OK  [0m] Listening on udev Kernel Socket.
[   35.475828] systemd[1]: Listening on /dev/initctl Compatibility Named Pipe.
[[0;32m  OK  [0m] Listening on /dev/initctl Compatibility Named Pipe.
[   35.524166] systemd[1]: Created slice System Slice.
[[0;32m  OK  [0m] Created slice System Slice.
[   35.647868] systemd[1]: Reached target Slices.
[[0;32m  OK  [0m] Reached target Slices.
[   35.779762] systemd[1]: Reached target Swap.
[[0;32m  OK  [0m] Reached target Swap.
[   35.831789] systemd[1]: Listening on Syslog Socket.
[[0;32m  OK  [0m] Listening on Syslog Socket.
[   35.891117] systemd[1]: Reached target User and Group Name Lookups.
[[0;32m  OK  [0m] Reached target User and Group Name Lookups.
[   35.945096] systemd[1]: Listening on Journal Socket.
[[0;32m  OK  [0m] Listening on Journal Socket.
[   36.088972] systemd[1]: Starting Load Kernel Modules...
         Startin[   36.201667] Loading iSCSI transport class v2.0-870.
g Load Kernel Modules...
[   36.267880] iscsi: registered transport (tcp)
[   36.271837] systemd[1]: Mounting POSIX Message Queue File System...
         Mounting POSIX Message Queue File System...
[   36.499745] systemd[1]: Mounting Huge Pages File System...
         Mounting Huge Pages File System...
[   36.537767] systemd[1]: Starting Uncomplicated firewall...
         Starting Uncomplicated firewall...
[   36.545126] systemd[1]: Starting Set console keymap...
         Starting Set console keymap...
[   36.553079] systemd[1]: Starting Create list of required static device nodes for the current kernel...
         Starting Create list of required st... nodes for the current kernel...
[   36.567854] systemd[1]: Starting Remount Root and Kernel File Systems...
         Starting Remount Root and Kernel File Systems...
[   36.578224] systemd[1]: Mounting Debug File System...
         Mounting Debug File System...
[   36.612543] EXT4-fs (sda1): re-mounted. Opts: (null)
[   36.628633] systemd[1]: Starting Nameserver information manager...
[   36.724291] iscsi: registered transport (iser)
         Starting Nameserver information manager...
[   36.887743] systemd[1]: Starting Journal Service...
         Starting Journal Service...
[   37.007979] systemd[1]: Set up automount Arbitrary Executable File Formats File System Automount Point.
[[0;32m  OK  [0m] Set up automount Arbitrary Executab...ats File System Automount Point.
[   37.331459] systemd[1]: Created slice system-serial\x2dgetty.slice.
[[0;32m  OK  [0m] Created slice system-serial\x2dgetty.slice.
[   37.507799] systemd[1]: Starting Monitoring of LVM2 mirrors, snapshots etc. using dmeventd or progress polling...
         Starting Monitoring of LVM2 mirrors... dmeventd or progress polling...
[   37.593015] systemd[1]: Mounted POSIX Message Queue File System.
[[0;32m  OK  [0m] Mounted POSIX Message Queue File System.
[   37.679892] systemd[1]: Mounted Debug File System.
[[0;32m  OK  [0m] Mounted Debug File System.
[   37.851768] systemd[1]: Mounted Huge Pages File System.
[[0;32m  OK  [0m] Mounted Huge Pages File System.
[   37.983926] systemd[1]: Started Journal Service.
[[0;32m  OK  [0m] Started Journal Service.
[[0;32m  OK  [0m] Started Load Kernel Modules.
[[0;32m  OK  [0m] Started Uncomplicated firewall.
[[0;32m  OK  [0m] Started Set console keymap.
[[0;32m  OK  [0m] Started Create list of required sta...ce nodes for the current kernel.
[[0;32m  OK  [0m] Started Remount Root and Kernel File Systems.
[[0;32m  OK  [0m] Started Nameserver information manager.
[[0;32m  OK  [0m] Started LVM2 metadata daemon.
         Starting Initial cloud-init job (pre-networking)...
         Starting udev Coldplug all Devices...
         Starting Load/Save Random Seed...
         Starting Create Static Device Nodes in /dev...
         Starting Apply Kernel Variables...
         Mounting FUSE Control File System...
         Starting Flush Journal to Persistent Storage...
[[0;32m  OK  [0m] Mounted FUSE Control File System.
[[0;32m  OK  [0m] Started Load/Save Random Seed.
[[0;32m  OK  [0m] Started udev Coldplug all Devices.
[[0;32m  OK  [0m] Started Apply Kernel Variables.
[[0;32m  OK  [0m] Started Monitoring of LVM2 mirrors,...ng dmeventd or progress polling.
[[0;32m  OK  [0m] Started Create Static Device Nodes in /dev.
         Starting udev Kernel Device Manager...
[[0;32m  OK  [0m] Started Flush Journal to Persistent Storage.
[[0;32m  OK  [0m] Started udev Kernel Device Manager.
[[0;32m  OK  [0m] Reached target Local File Systems (Pre).
[[0;32m  OK  [0m] Reached target Local File Systems.
         Starting Create Volatile Files and Directories...
         Starting Set console font and keymap...
         Starting Commit a transient machine-id on disk...
         Starting LSB: AppArmor initialization...
         Starting Tell Plymouth To Write Out Runtime Data...
[[0;32m  OK  [0m] Started Dispatch Password Requests to Console Directory Watch.
[[0;32m  OK  [0m] Started Create Volatile Files and Directories.
[[0;32m  OK  [0m] Started Commit a transient machine-id on disk.
[[0;32m  OK  [0m] Started Tell Plymouth To Write Out Runtime Data.
[[0;32m  OK  [0m] Found device /dev/ttyS0.
[[0;32m  OK  [0m] Reached target System Time Synchronized.
         Starting Update UTMP about System Boot/Shutdown...
[[0;32m  OK  [0m] Started Update UTMP about System Boot/Shutdown.
[[0;32m  OK  [0m] Listening on Load/Save RF Kill Switch Status /dev/rfkill Watch.
[[0;32m  OK  [0m] Started LSB: AppArmor initialization.
[[0;32m  OK  [0m] Started Set console font and keymap.
[[0;32m  OK  [0m] Created slice system-getty.slice.
[   43.659134] cloud-init[437]: Cloud-init v. 17.1 running 'init-local' at Mon, 19 Feb 2018 13:54:53 +0000. Up 42.85 seconds.
[[0;32m  OK  [0m] Started Initial cloud-init job (pre-networking).
[[0;32m  OK  [0m] Reached target Network (Pre).
         Starting Raise network interfaces...
[[0;32m  OK  [0m] Started Raise network interfaces.
         Starting Initial cloud-init job (metadata service crawler)...
[[0;32m  OK  [0m] Reached target Network.
[   57.642243] cloud-init[966]: Cloud-init v. 17.1 running 'init' at Mon, 19 Feb 2018 13:54:55 +0000. Up 44.83 seconds.
[   57.829987] cloud-init[966]: ci-info: +++++++++++++++++++++++++++++++++++++Net device info++++++++++++++++++++++++++++++++++++++
[   57.944432] cloud-init[966]: ci-info: +--------+-------+---------------------------+---------------+-------+-------------------+
[   58.056423] cloud-init[966]: ci-info: | Device |   Up  |          Address          |      Mask     | Scope |     Hw-Address    |
[   58.172379] cloud-init[966]: ci-info: +--------+-------+---------------------------+---------------+-------+-------------------+
[   58.288449] cloud-init[966]: ci-info: | enp0s3 |  True |         10.0.2.15         | 255.255.255.0 |   .   | 02:44:03:e3:22:ab |
[   58.404705] cloud-init[966]: ci-info: | enp0s3 |  True | fe80::44:3ff:fee3:22ab/64 |       .       |  link | 02:44:03:e3:22:ab |
[   58.494625] cloud-init[966]: ci-info: | enp0s8 | False |             .             |       .       |   .   | 08:00:27:62:c7:07 |
[   58.616615] cloud-init[966]: ci-info: |   lo   |  True |         127.0.0.1         |   255.0.0.0   |   .   |         .         |
[   58.764388] cloud-init[966]: ci-info: |   lo   |  True |          ::1/128          |       .       |  host |         .         |
[   58.884467] cloud-init[966]: ci-info: +--------+-------+---------------------------+---------------+-------+-------------------+
[   59.016409] cloud-init[966]: ci-info: +++++++++++++++++++++++++++Route IPv4 info++++++++++++++++++++++++++++
[   59.164423] cloud-init[966]: ci-info: +-------+-------------+----------+---------------+-----------+-------+
[   59.328426] cloud-init[966]: ci-info: | Route | Destination | Gateway  |    Genmask    | Interface | Flags |
[   59.492383] cloud-init[966]: ci-info: +-------+-------------+----------+---------------+-----------+-------+
[   59.652443] cloud-init[966]: ci-info: |   0   |   0.0.0.0   | 10.0.2.2 |    0.0.0.0    |   enp0s3  |   UG  |
[   59.800482] [cloud-init[0;32m  OK  [0m[966]: ] ci-info: |   1   |   10.0.2.0  | 0.0.0.0  | 255.255.255.0 |   enp0s3  |   U   |Started Initial cloud-init job (metadata service crawler).

[   59.800762] cloud-init[966]: ci-info: +-------+-------------+----------+---------------+-----------+-------+
[   60.112378] cloud-init[966]: Generating public/private rsa key pair.
[   60.220345] cloud-init[966]: Your identification has been saved in /etc/ssh/ssh_host_rsa_key.
[   60.372432] cloud-init[966]: Your public key has been saved in /etc/ssh/ssh_host_rsa_key.pub.
[   60.513072] cloud-init[966]: The key fingerprint is:
[   60.609812] cloud-init[966]: SHA256:A6UeUdaaCV5NDJOJ/tFLVymfVfV/wMnoQ1jyJvbATxo root@ubuntu-xenial
[   60.752313] cloud-init[966]: The key's randomart image is:
[   60.836341] cloud-init[966]: +---[RSA 2048]----+
[   60.912450] cloud-init[966]: |      .o*Oo .  .=|
[   60.988357] cloud-init[966]: |      o=+o+=.+o.o|
[   61.073914] cloud-init[966]: |     o+o =E *+=o.|
[   61.148541] cloud-init[966]: |     .oo=.o%. o..|
[   61.236357] cloud-init[966]: |      ..So.o=   o|
[   61.312339] cloud-init[966]: |        ...  .  .|
[   61.388418] cloud-init[966]: |                 |
[   61.484278] cloud-init[966]: |                 |
[   61.552338] cloud-init[966]: |                 |
[   61.644335] cloud-init[966]: +----[SHA256]-----+
[   61.716355] cloud-init[966]: Generating public/private dsa key pair.
[   61.819974] cloud-init[966]: Your identification has been saved in /etc/ssh/ssh_host_dsa_key.
[   62.004320] cloud-init[966]: Your public key has been saved in /etc/ssh/ssh_host_dsa_key.pub.
[   62.144280] cloud-init[966]: The key fingerprint is:
[   62.220299] cloud-init[966]: SHA256:+ssKXlSic7BQRgzgbp+ro7yWgfeDHMfkELwGu+nwT6g root@ubuntu-xenial
[   62.392335] [cloud-init[0;32m  OK  [0m[966]: ] The key's randomart image is:Reached target Network is Online.

[   62.392668] cloud-init[966]: +---[DSA 1024]----+
[   62.628368] cloud-init[966]: |.o.++            |
[   62.708344] cloud-init[966]: |o oo.            |
[   62.788346] cloud-init[966]: | +.o. . .        |
[   62.872509] cloud-init[966]: |o +..+ o         |
[   62.948331] cloud-init[966]: |.* =+ o S        |
[   63.028349] cloud-init[966]: |*.+.=+ .         |
[   63.116290] cloud-init[966]: |o++Bo o          |
[   63.216348]          cloud-initStarting iSCSI initiator daemon (iscsid)...[966]: 
|.*+o+o o         |
[   63.380390] cloud-init[966]: |E++oo...+.       |
[   63.460336] cloud-init[966]: +----[SHA256]-----+
[   63.540295] cloud-init[966]: Generating public/private ecdsa key pair.
[   63.648281] cloud-init[966]: Your identification has been saved in /etc/ssh/ssh_host_ecdsa_key.
[   63.788365] cloud-init[966]: Your public key has been saved in /etc/ssh/ssh_host_ecdsa_key.pub.
[   63.924307] cloud-init[966]: The key fingerprint is:
[   64.160561] cloud-init[966]: SHA256:g7xrNXuBu5C28tA30luAYhpjRKfDdR+5eZbhwyopAO0 root@ubuntu-xenial
[   64.312357] cloud-init[966]: The key's randomart image is:
[   64.412329] cloud-init[966]: +---[ECDSA 256]---+
[   64.500289] cloud-init[966]: | .. o . ..       |
[   64.580345] cloud-init[966]: |.o.+ . ....      |
[   64.660360] cloud-init[966]: | o=     .= o     |
[   64.740301] cloud-init[966]: | .E. . oo B      |
[[0;32m  OK  [0m] Reached target System Initialization.
[[0;32m  OK  [0m] Listening on UUID daemon activation socket.
[[0;32m  OK  [0m] Started Timer to automatically refresh installed snaps.
[   64.821083] cloud-init[966]: |  +.o +.S= .     |
[   65.149642] cloud-init[966]: | . =.oo+=o.      |
[   65.155553] cloud-init[966]: |  . ..Bo++..     |
[   65.155606] cloud-init[966]: |    .o.*o+.      |
[   65.155643] cloud-init[966]: |     ++ oo       |
[   65.155690] cloud-init[966]: +----[SHA256]-----+
[   65.155726] cloud-init[966]: Generating public/private ed25519 key pair.
[   65.155764] cloud-init[966]: Your identification has been saved in /etc/ssh/ssh_host_ed25519_key.
[   65.155806] cloud-init[966]: Your public key has been saved in /etc/ssh/ssh_host_ed25519_key.pub.
[   65.155843] cloud-init[966]: The key fingerprint is:
[   65.155879] cloud-init[966]: SHA256:uyEgcI5weI6COgFkutaZbZCH62QZx5FR6idv82XzGJs root@ubuntu-xenial
[   65.155916] cloud-init[966]: The key's randomart image is:
[   65.157678] cloud-init[966]: +--[ED25519 256]--+
[   65.157745] cloud-init[966]: | o   o+.         |
[   65.157782] cloud-init[966]: |+.  +.o          |
[   65.157819] cloud-init[966]: |* += =           |
[   65.157855] cloud-init[966]: |+@. %            |
[   65.157900] cloud-init[966]: |B.+O.= .S        |
[   65.157938] cloud-init[966]: |+.+...+  .       |
[   65.157975] cloud-init[966]: |o  .  .+o  =     |
[   65.158010] cloud-init[966]: | .    ..ooo B    |
[   65.158340] cloud-init[966]: |        .. E .   |
[   65.158383] cloud-init[966]: +----[SHA256]-----+
[[0;32m  OK  [0m] Started ACPI Events Check.
[[0;32m  OK  [0m] Reached target Paths.
[[0;32m  OK  [0m] Listening on D-Bus System Message Bus Socket.
         Starting LXD - unix socket.
[[0;32m  OK  [0m] Started Daily apt download activities.
         Starting Socket activation for snappy daemon.
[[0;32m  OK  [0m] Started Daily Cleanup of Temporary Directories.
[[0;32m  OK  [0m] Listening on ACPID Listen Socket.
[[0;32m  OK  [0m] Started Daily apt upgrade and clean activities.
[[0;32m  OK  [0m] Reached target Timers.
[[0;32m  OK  [0m] Reached target Cloud-config availability.
[[0;32m  OK  [0m] Listening on LXD - unix socket.
[[0;32m  OK  [0m] Listening on Socket activation for snappy daemon.
[[0;32m  OK  [0m] Started iSCSI initiator daemon (iscsid).
         Starting Login to default iSCSI targets...
[[0;32m  OK  [0m] Reached target Sockets.
[[0;32m  OK  [0m] Reached target Basic System.
[[0;32m  OK  [0m] Started Deferred execution scheduler.
         Starting LSB: Record successful boot for GRUB...
[[0;32m  OK  [0m] Started D-Bus System Message Bus.
[[0;32m  OK  [0m] Started Regular background program processing daemon.
         Starting Accounts Service...
         Starting LSB: MD monitoring daemon...
         Starting Pollinate to seed the pseudo random number generator...
[[0;32m  OK  [0m] Started ACPI event daemon.
         Starting Login Service...
[[0;32m  OK  [0m] Started FUSE filesystem for LXC.
         Starting Snappy daemon...
         Starting Apply the settings specified in cloud-config...
         Starting /etc/rc.local Compatibility...
[[0;32m  OK  [0m] Started Unattended Upgrades Shutdown.
         Starting LXD - container startup/shutdown...
         Starting System Logging Service...
[[0;32m  OK  [0m] Started /etc/rc.local Compatibility.
[[0;32m  OK  [0m] Started Login Service.
[[0;32m  OK  [0m] Started LSB: Record successful boot for GRUB.
         Starting Authenticate and Authorize Users to Run Privileged Tasks...
[[0;32m  OK  [0m] Started Login to default iSCSI targets.
[[0;32m  OK  [0m] Started LSB: MD monitoring daemon.
[[0;32m  OK  [0m] Started System Logging Service.
[[0;32m  OK  [0m] Reached target Remote File Systems (Pre).
[[0;32m  OK  [0m] Reached target Remote File Systems.
         Starting LSB: automatic crash report generation...
         Starting LSB: Set the CPU Frequency Scaling governor to "ondemand"...
         Starting Permit User Sessions...
         Starting LSB: VirtualBox Linux Additions...
         Starting LSB: daemon to balance interrupts for SMP systems...
[[0;32m  OK  [0m] Started Authenticate and Authorize Users to Run Privileged Tasks.
[[0;32m  OK  [0m] Started Accounts Service.
[[0;32m  OK  [0m] Started Permit User Sessions.
[[0;32m  OK  [0m] Started LSB: Set the CPU Frequency Scaling governor to "ondemand".
         Starting Hold until boot process finishes up...
         Starting Terminate Plymouth Boot Screen...
[[0;32m  OK  [0m] Started Hold until boot process finishes up.
[[0;32m  OK  [0m] Started LSB: automatic crash report generation.
[[0;32m  OK  [0m] Started Terminate Plymouth Boot Screen.
[   70.932168] cloud-init[1116]: Generating locales (this might take a while)...
[[0;32m  OK  [0m] Started Getty on tty1.
         Starting Set console scheme...
[[0;32m  OK  [0m] Started Serial Getty on ttyS0.
[[0;32m  OK  [0m] Reached target Login Prompts.
[[0;32m  OK  [0m] Started LSB: daemon to balance interrupts for SMP systems.
[[0;32m  OK  [0m] Started Set console scheme.
[[0;32m  OK  [0m] Started Pollinate to seed the pseudo random number generator.
         Starting OpenBSD Secure Shell server...
[[0;32m  OK  [0m] Started LSB: VirtualBox Linux Additions.
[[0;32m  OK  [0m] Started OpenBSD Secure Shell server.
[[0;32m  OK  [0m] Started Snappy daemon.
[[0;32m  OK  [0m] Started LXD - container startup/shutdown.
[[0;32m  OK  [0m] Reached target Multi-User System.
[[0;32m  OK  [0m] Reached target Graphical Interface.
         Starting Update UTMP about System Runlevel Changes...
[[0;32m  OK  [0m] Started Update UTMP about System Runlevel Changes.
[   73.669972] cloud-init[1116]:   en_US.UTF-8... done
[   73.744979] cloud-init[1116]: Generation complete.
         Stopping OpenBSD Secure Shell server...
[[0;32m  OK  [0m] Stopped OpenBSD Secure Shell server.
         Starting OpenBSD Secure Shell server...
[[0;32m  OK  [0m] Started OpenBSD Secure Shell server.
[[0;32m  OK  [0m] Created slice User Slice of ubuntu.
         Starting User Manager for UID 1000...
[[0;32m  OK  [0m] Started Session 1 of user ubuntu.
[[0;32m  OK  [0m] Started User Manager for UID 1000.

Ubuntu 16.04.3 LTS ubuntu-xenial ttyS0

ubuntu-xenial login: [   77.849181] cloud-init[1116]: Cloud-init v. 17.1 running 'modules:config' at Mon, 19 Feb 2018 13:55:20 +0000. Up 69.74 seconds.
ci-info: no authorized ssh keys fingerprints found for user ubuntu.
<14>Feb 19 13:55:31 ec2: 
<14>Feb 19 13:55:31 ec2: #############################################################
<14>Feb 19 13:55:31 ec2: -----BEGIN SSH HOST KEY FINGERPRINTS-----
<14>Feb 19 13:55:31 ec2: 1024 SHA256:+ssKXlSic7BQRgzgbp+ro7yWgfeDHMfkELwGu+nwT6g root@ubuntu-xenial (DSA)
<14>Feb 19 13:55:31 ec2: 256 SHA256:g7xrNXuBu5C28tA30luAYhpjRKfDdR+5eZbhwyopAO0 root@ubuntu-xenial (ECDSA)
<14>Feb 19 13:55:31 ec2: 256 SHA256:uyEgcI5weI6COgFkutaZbZCH62QZx5FR6idv82XzGJs root@ubuntu-xenial (ED25519)
<14>Feb 19 13:55:31 ec2: 2048 SHA256:A6UeUdaaCV5NDJOJ/tFLVymfVfV/wMnoQ1jyJvbATxo root@ubuntu-xenial (RSA)
<14>Feb 19 13:55:31 ec2: -----END SSH HOST KEY FINGERPRINTS-----
<14>Feb 19 13:55:31 ec2: #############################################################
-----BEGIN SSH HOST KEY KEYS-----
ecdsa-sha2-nistp256 AAAAE2VjZHNhLXNoYTItbmlzdHAyNTYAAAAIbmlzdHAyNTYAAABBBI7wuI5PE7ByB3QjukVb1HztbcNzUVmJhDG9k/4YYkoAPVtif3RXRIUm8U3K9frOjb1b5M3bttiTuCx5dtnanQg= root@ubuntu-xenial
ssh-ed25519 AAAAC3NzaC1lZDI1NTE5AAAAIHL2vWMoPcjldDpCEjyD/qGtGdI5h7qkQED+eEXK9vHs root@ubuntu-xenial
ssh-rsa AAAAB3NzaC1yc2EAAAADAQABAAABAQDJyvk3yPXZleyoUdf54XlV9MUd4RYFhbIDFe6mMilMh0Kxpw/g8H/8MUtLotbdAASyzxxFniBmxANiiRtx8IupOEILEjMdiPpQeFKHUBQk52CEPdszgcvVTcglKuOT7HprEYaQPp7z7fpJwpsMnnjj/9VTQz0lZh/2TKxM5d7fYI8zm0ORUGJtUQnP937aVgT0Xb0ZwrCF02Dpc8j9T7ewv2JZsg1bS8M+Of/DzCxGXBYzdOApo7BC2KkLXYzwt3JdbSKWn0fxq0vdFl0qcDrQEiyuy+iy+HYKSIBImLdaWzavm9djXkEYuR2n7tyLcZjxv+p+YrQM34WVbNgLRNKV root@ubuntu-xenial
-----END SSH HOST KEY KEYS-----
[   81.115326] cloud-init[1410]: Cloud-init v. 17.1 running 'modules:final' at Mon, 19 Feb 2018 13:55:30 +0000. Up 79.45 seconds.
[   81.115551] cloud-init[1410]: ci-info: no authorized ssh keys fingerprints found for user ubuntu.
[   81.115696] cloud-init[1410]: Cloud-init v. 17.1 finished at Mon, 19 Feb 2018 13:55:31 +0000. Datasource DataSourceNoCloud [seed=/dev/sdb][dsmode=net].  Up 81.07 seconds
