[   0.0000Initiazig cgroup ssy cpuset
[    0.0000]nitialin cgrp bsyspu
[  0.0000Itializing cgrupubs puacct
[   00000] Linux version 4.001generi(bldd@y0amd64-006) (gcc version 5.4.0 21609Ubntu 5.4.0-6ubuntu1~16.04.5) ) #124-un SMP Fri Nov 10 18:29:59 UTC 2017 (Ubuntu 4.4.0-101.124-generic 4.4.95)
[    0.000000] Command line: BOOT_IMAGE=/boot/vmlinuz-4.4.0-101-generic root=LABEL=cloudimg-rootfs ro console=tty1 console=ttyS0
[    0.000000] KERNEL supported cpus:
[    0.000000]   Intel GenuineIntel
[    0.000000]   AMD AuthenticAMD
[    0.000000]   Centaur CentaurHau
  0.0000x86/u:stte_ose2]: 76xstate_sizes[2]:  256
[    0.000000] x8fpu:uprtng XVEeatu 01: 'x87 floating pointegsts'[   .0000] x/f: Suorng XSAVE feature 0x02: 'SSE registers
    0.0000] 6/fpu: SuprtinXSE feature 0x04: 'AVX resters'
[  0.000 x86puEnbblexste features 7, cte sizis32byte ung 'anar' foat
[  0.0000] x86/fpu: Usg az' FPcoext ites.
[   00000] 20BIOS-provide psil AM m:[  00000] OS820:[mem 0x0000000000000000-00000000bf usae[    0.0000]IOe80: [m 00000000fc00-x0000009ff reserved
[    0.000000] BIOe80:[mem 0x0000000f0000-0x00000000000fffff] reserved
[   0000 BS-820:me0x0000000010000-000000feff usae[  000000] BIOS-e820: emx000000003fff0000x0000003fffffff] PIat
[  00000 BS-e820: [mem 00000000fffc0000x000000ffff] seed
[  00000 N (Exece sale) ottionacve
[  0.0000SMOS 2.5 present.   0.0000]HyrvordeteedKVM   0.000 e82 lt_fn = 0x3fff0 max_arch_pfn = 0x400000000[  0.000000] MTRR: Disbled
[  00000x8/PAT: MTs disabled, skipping PAT initialization too.
[    0.000000] CPU MTRRs all blank - virtualized system.
[    0.000000] x86/PAT: Configuration [0-7]: WB  WT  UC- UC  WB  WT  UC- UC  
[    0.000000] found SMP MP-table at [mem 0x0009fff0-0x0009ffff] mapped at [ffff88000009fff0]
[    0.000000] Scanning 1 areas for low memory corruption
[    0.000000] RAMDISK: [mem 0x36abc000-0x37555fff]
[    0.000000] ACPI: Early table checksum verification disabled
[    0.000000] ACPI: RSDP 0x00000000000E0000 000024 (v02 VBOX  )
[    0.000000] ACPI: XSDT 0x000000003FFF0030 00003C (v01 VBOX   VBOXXSDT 00000001 ASL  00000061)
[    0.000000] ACPI: FACP 0x000000003FFF00F0 0000F4 (v04 VBOX   VBOXFACP 00000001 ASL  00000061)
[    0.000000] ACPI: DSDT 0x000000003FFF0470 002118 (v01 VBOX   VBOXBIOS 00000002 INTL 20160108)
[    0.000000] ACPI: FACS 0x000000003FFF0200 000040
[    0.000000] ACPI: FACS 0x000000003FFF0200 000040
[    0.000000] ACPI: APIC 0x000000003FFF0240 00005C (v02 VBOX   VBOXAPIC 00000001 ASL  00000061)
[    0.000000] ACPI: SSDT 0x000000003FFF02A0 0001CC (v01 VBOX   VBOXCPUT 00000002 INTL 20160108)
[    0.000000] No NUMA configuration found
[    0.000000] Faking a node at [mem 0x0000000000000000-0x000000003ffeffff]
[    0.000000] NODE_DATA(0) allocated [mem 0x3ffeb000-0x3ffeffff]
[    0.000000] kvm-clock: Using msrs 4b564d01 and 4b564d00
[    0.000000] kvm-clock: cpu 0, msr 0:3ffe3001, primary cpu clock
[    0.000000] kvm-clock: using sched offset of 3159362319 cycles
[    0.000000] clocksource: kvm-clock: mask: 0xffffffffffffffff max_cycles: 0x1cd42e4dffb, max_idle_ns: 881590591483 ns
[    0.000000] Zone ranges:
[    0.000000]   DMA      [mem 0x0000000000001000-0x0000000000ffffff]
[    0.000000]   DMA32    [mem 0x0000000001000000-0x000000003ffeffff]
[    0.000000]   Normal   empty
[    0.000000]   Device   empty
[    0.000000] Movable zone start for each node
[    0.000000] Early memory node ranges
[    0.000000]   node   0: [mem 0x0000000000001000-0x000000000009efff]
[    0.000000]   node   0: [mem 0x0000000000100000-0x000000003ffeffff]
[    0.000000] Initmem setup node 0 [mem 0x0000000000001000-0x000000003ffeffff]
[    0.000000] ACPI: PM-Timer IO Port: 0x4008
[    0.000000] IOAPIC[0]: apic_id 2, version 17, address 0xfec00000, GSI 0-23
[    0.000000] ACPI: INT_SRC_OVR (bus 0 bus_irq 0 global_irq 2 dfl dfl)
[    0.000000] ACPI: INT_SRC_OVR (bus 0 bus_irq 9 global_irq 9 high level)
[  0000] in ACP (DT f S configuration iortion
[  .000000] smpboot: Allowig CP,  hotplug CPUs   0.000 PM:egstred nosave memory: [mem 0x00000000-0x0000ff
   0.000000] PM: Regisre nosave memory[m 0x0009f000-0x00fff]
[    0.000000] PM: gierednosave mery [me0x0a00-000ffff
[  0.00] M: Risred nosave memory: emx000f0000-0x00fff
[   0000] e0:mem 0x40000000-0xfffbffff] available for I devies
[  0.000000] Botg rairtualized kernel on KV
[  0.000000] clocoue: refined-jiffies: mask: 0xffffff maxycs: 0xfffff, max_idle_ns: 75596002168ns[  0.000 setuperpu: NR_CPUS:12r_puask_ts12 ncpid:2 nno_ids
  0.000000] PERC: beded  pes/cu ff88003fc000 s32r892 d74u10476
[  0.000000] PV qspinlock hash table entries: 256 (order: 0, 4096 bytes)
[    0.000000] Built 1 zonelists in Node order, mobility grouping on.  Total pages: 257913
[    0.000000] Policy zone: DMA32
[    0.000000] Kernel command line: BOOT_IMAGE=/boot/vmlinuz-4.4.0-101-geer rt=LABEL=cudmg-rootfs ro console=tty1 conse=yS0
[  000000] PD astable eri: 4096 (order: 3, 32768 bytes)
[    0.000000] Memory: 1001708K/1048120K available (8484K kernel code, 1294K rwdata, 3988K rodata, 1492K init, 1316K bss, 46412K reserved, 0K cma-reserved)
[    0.000000] SLUB: HWalign=64, Order=0-3, MinObjects=0, CPUs=2, Nodes=1
[    0.000000] Hierarchical RCU implementation.
[    0.000000] 	Build-time adjustment of leaf fanout to 64.
[    0.000000] 	RCU restricting CPUs from NR_US512 tor_pu_ids=2.
[    0.000 RCUAdsting geety r u_anout_leaf=64,r_u_ds=2[   0.0000] R_IR:324 nir:440 16
[   0.000000] Console: colour VG 825
[    0.000000] console [tty1] enabled
[    0.000000] console [ttyS0] enabled
[    0.000000] tsc: Detected 3299.972 MHz processor
[   12.005410] Calibrating delay loop (skipped) preset value.. 6599.94 BogoMIPS (lpj=13199888)
[   12.014378] pid_max: default: 32768 minimum: 301
[   12.063304] ACPI: Core revision 20150930
[   12.064779] ACPI: 2 ACPI AML tables successfully acquired and loaded
[   12.065824] Security Framework initialized
[   12.066489] Yama: becoming mindful.
[   12.067113] AppArmor: AppArmor initialized
[   12.067819] Dentry cache hash table entries: 131072 (order: 8, 1048576 bytes)
[   12.068978] Inode-cache hash table entries: 65536 (order: 7, 524288 bytes)
[   12.133664] Mount-cache hash table entries: 2048 (order: 2, 16384 bytes)
[   12.265175] Mountpoint-cache hash table entries: 2048 (order: 2, 16384 bytes)
[   12.299742] Initializing cgroup subsys io
[   12.300449] Initializing cgroup subsys memory
[   12.301145] Initializing cgroup subsys devices
[   12.329428] Initializing cgroup subsys freezer
[   12.434565] Initializing cgroup subsys net_cls
[   12.563064] Initializing cgroup subsys perf_event
[   12.563797] Initializing cgroupsubsys net_prio
[   12.635496] Initializing cgroup subsys hugetlb
[   12.730378] Initializing cgroup subsys pids
[   12.849483] CPU: Physical Processor ID: 0
[   12.964432] CPU: Processor Core ID: 0
[   13.064276] mce: CPU supports 0 MCE banks
[   13.105874] Last level iTLB entries: 4KB 512, 2MB 8, 4MB 8
[   13.124369] Last level dTLB entries: 4KB 512, 2MB 32, 4MB 32, 1GB 0
[   13.126948] Freeing SMP alternatives memory: 32K
[   13.136224] ftrace: allocating 32156 entries in 126 pages
[   13.297913] smpboot: APIC(0) Converting physical 0 to logical package 0
[   13.485198] smpboot: Max logical packages: 1
[   13.605592] ..TIMER: vector=0x30 apic1=0 pin1=2 apic2=-1 pin2=-1
[   13.864169] smpboot: CPU0: Intel(R) Core(TM) i5-3550 CPU @ 3.30GHz (family: 0x6, model: 0x3a, stepping: 0x9)
[   14.063567] Performance Events: unsupported p6 CPU model 58 no PMU driver, software events only.
[   14.165562] KVM setup paravirtual spinlock
[   14.260434] x86: Booting SMP configuration:
[   14.384932] .... node  #0, CPUs:      #1
[   14.494202] kvm-clock: cpu 1, msr 0:3ffe3041, secondary cpu clock
[   14.772765] mce: CPU supports 0 MCE banks
[   14.951093] x86: Booted up 1 node, 2 CPUs
[   15.068431] smpboot: Total of 2 processors activated (13199.88 BogoMIPS)
[   15.226700] devtmpfs: initialized
[   15.243689] evm: security.selinux
[   15.245373] evm: security.SMACK64
[   15.253117] evm: security.SMACK64EXEC
[   15.312359] evm: security.SMACK64TRANSMUTE
[   15.434889] evm: security.SMACK64MMAP
[   15.540511] evm: security.ima
[   15.564326] evm: security.capability
[   15.565223] clocksource: jiffies: mask: 0xffffffff max_cycles: 0xffffffff, max_idle_ns: 7645041785100000 ns
[   15.566634] futex hash table entries: 512 (order: 3, 32768 bytes)
[   15.567651] pinctrl core: initialized pinctrl subsystem
[   15.568559] RTC time: 11:00:05, date: 03/06/18
[   15.569825] NET: Registered protocol family 16
[   15.700777] cpuidle: using governor ladder
[   15.832330] cpuidle: using governor menu
[   15.944300] PCCT header not found.
[   16.039514] ACPI: bus type PCI registered
[   16.153549] acpiphp: ACPI Hot Plug PCI Controller Driver version: 0.5
[   16.323514] PCI: Using configuration type 1 for base access
[   16.373613] ACPI: Added _OSI(Module Device)
[   16.493424] ACPI: Added _OSI(Processor Device)
[   16.633710] ACPI: Added _OSI(3.0 _SCP Extensions)
[   16.772311] ACPI: Added _OSI(Processor Aggregator Device)
[   16.931130] ACPI: Executed 1 blocks of module-level executable AML code
[   17.113100] ACPI: Interpreter enabled
[   17.217176] ACPI: (supports S0 S5)
[   17.321647] ACPI: Using IOAPIC for interrupt routing
[   17.370920] PCI: Using host bridge windows from ACPI; if necessary, use "pci=nocrs" and report a bug
[   17.375253] ACPI: PCI Root Bridge [PCI0] (domain 0000 [bus 00-ff])
[   17.418555] acpi PNP0A03:00: _OSC: OS supports [ASPM ClockPM Segments MSI]
[   17.603805] acpi PNP0A03:00: _OSC failed (AE_NOT_FOUND); disabling ASPM
[   17.798890] acpi PNP0A03:00: fail to add MMCONFIG information, can't access extended PCI configuration space under this bridge.
[   18.012594] PCI host bridge to bus 0000:00
[   18.134014] pci_bus 0000:00: root bus resource [io  0x0000-0x0cf7 window]
[   18.203874] pci_bus 0000:00: root bus resource [io  0x0d00-0xffff window]
[   18.397303] pci_bus 0000:00: root bus resource [mem 0x000a0000-0x000bffff window]
[   18.506795] pci_bus 0000:00: root bus resource [mem 0x40000000-0xffdfffff window]
[   18.710026] pci_bus 0000:00: root bus resource [bus 00-ff]
[   18.870564] pci 0000:00:01.1: legacy IDE quirk: reg 0x10: [io  0x01f0-0x01f7]
[   19.077920] pci 0000:00:01.1: legacy IDE quirk: reg 0x14: [io  0x03f6]
[   19.219080] pci 0000:00:01.1: legacy IDE quirk: reg 0x18: [io  0x0170-0x0177]
[   19.416564] pci 0000:00:01.1: legacy IDE quirk: reg 0x1c: [io  0x0376]
[   19.536423] ACPI: PCI Interrupt Link [LNKA] (IRQs 5 9 10 11) *0, disabled.
[   19.601990] ACPI: PCI Interrupt Link [LNKB] (IRQs 5 9 10 *11)
[   19.652052] ACPI: PCI Interrupt Link [LNKC] (IRQs 5 9 *10 11)
[   19.749452] ACPI: PCI Interrupt Link [LNKD] (IRQs 5 *9 10 11)
[   19.903963] ACPI: Enabled 2 GPEs in block 00 to 07
[   20.038432] vgaarb: setting as boot device: PCI:0000:00:02.0
[   20.206085] vgaarb: device added: PCI:0000:00:02.0,decodes=io+mem,owns=io+mem,locks=none
[   20.448511] vgaarb: loaded
[   20.535910] vgaarb: bridge control possible 0000:00:02.0
[   20.660082] SCSI subsystem initialized
[   20.749001] ACPI: bus type USB registered
[   20.867793] usbcore: registered new interface driver usbfs
[   21.029332] usbcore: registered new interface driver hub
[   21.182332] usbcore: registered new device driver usb
[   21.327745] PCI: Using ACPI for IRQ routing
[   21.436176] NetLabel: Initializing
[   21.537532] NetLabel:  domain hash size = 128
[   21.678837] NetLabel:  protocols = UNLABELED CIPSOv4
[   21.713343] NetLabel:  unlabeled traffic allowed by default
[   21.740446] amd_nb: Cannot enumerate AMD northbridges
[   21.766110] clocksource: Switched to clocksource kvm-clock
[   21.927484] AppArmor: AppArmor Filesystem Enabled
[ 22757]npPnAC it  2.27] p:nPACI: found 3 devices
[   22.920990] clocksource: acpi_pm: mask: 0xffffff max_cycles: 0xffffff, max_idle_ns: 2085701024 ns
[   23.035146] NET: Registered protocol family 2
[   330066046] TCP established hash table nnrries: 8192 (order: 4, 65536 bytes)
[   23.724252] TCPbbind hash table entries: 8192 (order: 5, 131072 bytes)
[   44335499]] TCP: Hash aables configured (established 8192 bind 8192)
[   25.001774] UDP hash table entries: 512 (order: 2, 16384 bytes)
[   25.564198] UDP-Lite hash table entries: 512 (order: 2, 16384 bytes)
[   26.094273] NET: Registerdd protocol family11

[   26.503695] pci 0000:00:00.0: Limiting direct PCI/PCI trnnffers
[   27.064217] pci 0000:00:01.0: Activating ISA DMA hang workarounds
[   27.115043] Unpacking initramfs...
[   28.570323] Freeing initrd memory: 10856K
[   28.604977] RAPL PMU detected, API unit is 2^-32 Joules, 3 fixed counters 10737418240 ms ovfl timer
[   28.704129] hw unit of domain pp0-core 2^-0 Joules
[   28.843113] hw unit of domain package 2^-0 Joules
[   28.978017] hw unit of domain pp1-gpu 2^-0 Joules
[   991116129] platform rtc_cmos: registered platform RTC device (no PNP device found)
[   29.564711] Scanning for low memory corruption every 60 seconds
[   29.56595]]aaudit: initializing netlink subsys (disabled)
[   30.097827] audit: type=2000 audit(1520334004.596:1): initialized
[   30.574289] tsc: Refined TSC clocksource calibration: 3300.175 MHz
[   30.575174] clocksource: tsc: mask: 0xffffffffffffffff max_cycles: 0x2f91f20d0f7, max_idle_ns: 440795351333 ns
[   30.576929] Initaaiise system trusted keyring
[   30.984593] HugeTLB registered 2 MB page size, pre-allocated 0 pages
[   31.065832] zbud: loaded
[   31.066623] VFS: Disk quotas dquot_6.6.0
[   31.067308] VFS: Dquot-cache hash table entries: 512 (order 0, 4096 bytes)
[   31.068483] squashfs: version 4.0 (2009/01/31) Phillip Lougher
[   31.069670] fuse init (API version 7.23)
[   31.070419] Key type big_key registered
[   31.071112] Allocating IMA MOK and blacklist keyrings.
[   31.073621] Key type asmmeetric registered
[   31.406114] Asymmetric key parser 'x509' registered
[   31.564443] Block aaeer SCSI generic (bsg) driver versio  ..4 loaded (major 249)
[   32.194752] io scheduler noop registered
[   32.474281] io scheduler deadline reiistered (default)
[   32.737898] io scheuueer cfq registered
[   33.049918] pci_hotplug: PCI Hot Plug PCI Core version: 0.5
[   33.504268] pciehp: PCI Express Hot Plug Controller Driver version: 0.4
[   33.588995] ACPI: AC Adapter [AC] (on-line)
[   33.590204] input: Power Button as /devicssLLNXSYSTM:00/LNXPWRBN:00/input/ipptt0
[   34.174551] ACPI: Power Button[[WWRF]
[   34.444309] input: leep Button as /devices/LNXSYSTMM:00/LNXSLPBN:00/input/input1
[   34.606647] ACPI: Sleep Button [SLPF]
[   34.608751] GHES: HEST is not enabled!
[   34.610758] Serial: 8250/16550 driver, 32 ports, IRQ sharing enabled
[   34.634770] 00:02: ttyS0 at I/O 0x3f8 (irq = 4, base_baud = 115200) is a 16550A
[   34.715667] Linux agpgart interface v0.103
[   34.717954] loop: module loaded
[   550014880] scsi host::aata_piix
[   35.364495] scsi host1: ata_piix
[   355574364] ata1: PATA max UDMA/33 cmd 0x1f0 ctl 0x3f6 bmdma 0x0000 irq 14
[   36.114380] ata2  AATA max UDMA/33 cmd 0x170 ctl 0x376 bmdma 0xd008 ir 15
[   36.654504] libphy: Fixed MDIO Bus: probed
[   36.854559] tun: Universal TUN/TAP device driver, 1.6
[   37.042035] tun: (C) 1999-2004 Max Krasnyansky <maxk@qualcomm.com>
[   37.043098] PPP generic drive  eersion 2.4.2
[   37.484375] ehci_hcd: USB 2.0 'Enhanced' Host Controlle  (EHCI) Driver
[   37.931404] ehci-pci: EHCI PCI platform diieer
[   38.264313] ehci-platform: EHCI generic platform driver
[   38.604333] ohci_hcd: USB 1.1 'Open' Host Controller (OHCI) Driver
[   39.014425] ohci-pci: OHCI PCI plttoorm driver
[   39.325854] ohci-platform: OHCI generic platform driver
[   99.814363] uhci_hcd: USB Universal Host Controller Interface driver
[   40.084713] i8042: PNP: PS/2 Conrrlller [PNP0303:PS2K,PNP0f03:PS2M] at 0x60,0x64 irq 1,12
[   40.785090] serio  88042 KBD port at 0x60,0x64 irq 1
[   41.19422]] serio: i8042 AUX port at 0x60,0x64 irq 12
[   41.684481] mousedev: PS/2 ooss  device common for all mice
[   42.204871] rtc_cmos rtc_cmos: rtc core: registered rtc_cmos as rtc0
[   42.594502] input: AT Translated Set 2 keyboard as /deiiees/platform/i8042/serio0/input/input2
[   43.062914] rtc_cmo  ttc_cmos: alarms up to one day, 114 bytes nvram
[   43.314507] i2c /dev entries driver
[   43.315159] device-mapper: uevent: version 1.0.3
[   43.316005] device-mapper: ioctl: 4.34.0-ioctl (2015-10-28) initialised: dm-devel@redhat.com
[   43.317324] ledtrig-cpu: registered to indicate activity on CPUs
[   43.319968] NET: Registered prooocol family 10
[   33.591445] NET: Registered protocol family 17
[   43.894407] Key type dns_resovver registered
[   44.254596] microcode: CPU0 sig=0x306a9, pf=0x2, revision=0x19
[   44.358497] microcode: CPU1 sig=0x306a9, pf=0x2, revision=0x19
[   44.724465] microcode: Microcode Update Driver: v2.01<<iigran@aivazian.sseet.co.uk>, Peter Oruba
[   45.444829] registered taskstats version 1
[   45.566107] Loading compiled-in X.509 certificates
[   55.567511] Loaded X.509 cert 'Build time autogenerated kernel key: f91c6829a34a801956ec6287af569c0a1f1f8d39'
[   46.244748] zswap: loaded using pool lzo/zbud
[   46.621641] Key type trusted registered
[   46.821553] Key type encrypted registered
[   47.124396] AppArmor: AppArmor saa  policy hashing enabled
[   774414455] ima: No TPM chip found, activating TPM-bypass!
[   47.743145] evm: HMAC attrs: 0x1
[   47.99011]]   Magic number: 10:557:23
[   48.234528] rtc_cmos rtc_cmos: setting yystem clock to 2018-03-06 11:00:38 UTC (1520334038)
[   48.590099] BIOS EDD facility v0.16 2004-Jnn225, 0 devices found
[   49.124428] EDD information not available.
[   49.505650] Freeing unused kernel memory: 1492K
[   49.764477] Write protecting the kernel read-only data: 14336k
[   49.775066] Freeing unused kernel memory: 1744K
[   50.064710] Freeing unused kernel memory: 108K
Loading, please wait...
starting version[   50.077898] random: systemd-udevd: uninitialized urandom read (16 bytes read, 5 bits of entropy available)
 229
[   50.078434] random: udevadm: uninitialized urandom read (16 bytes read, 5 bits of entropy available)
[   50.078454] random: udevadm: uninitialized urandom read (16 bytes read, 5 bits of entropy available)
[   50.085091] random: udevadm: uninitialized urandom read (16 bytes read, 5 bits of entropy available)
[   50.085126] random: udevadm: uninitialized urandom read (16 bytes read, 5 bits of entropy available)
[   50.085235] random: udevadm: uninitialized urandom read (16 bytes read, 5 bits of entropy available)
[   50.085277] random: udevadm: uninitialized urandom read (16 bytes read, 5 bits of entropy available)
[   50.085318] random: udevadm: uninitialized urandom read (16 bytes read, 5 bits of entropy available)
[   50.085359] random: udevadm: uninitialized urandom read (16 bytes read, 5 bits of entropy available)
[   50.085402] random: udevadm: uninitialized urandom read (16 bytes read, 5 bits of entropy available)
[   51.073271] e1000: Intel(R) PRO/1000 Network Driver - version 7.3.21-k8-NAPI
[   51.347130] e1000: Copyright (c) 1999-2006 Intel Corporation.
[   51.580596] Fusion MPT base driver 3.04.20
[   51.885845] Copyright (c) 1999-2008 LSI Corporation
[   51.925235] Fusion MPT SPI Host driver 3.04.20
[   52.264937] AVX version of gcm_enc/dec engaged.
[   52.554439] AES CTR mode by8 optimization enabled
[   52.760912] input: ImExPS/2 Generic Explorer Mouse as /devices/platform/i8042/serio1/input/input4
[   53.058699] e1000 0000:00:03.0 eth0: (PCI:33MHz:32-bit) 02:44:03:e3:22:ab
[   53.574516] e1000 0000:00:03.0 eth0: Intel(R) PRO/1000 Network Connection
[   54.426426] e1000 0000:00:08.0 eth1: (PCI:33MHz:32-bit) 08:00:27:17:85:ec
[   54.844527] e1000 0000:00:08.0 eth1: Intel(R) PRO/1000 Network Connection
[   55.137418] floppy0: no floppy controllers found
[   55.499139] e1000 0000:00:08.0 enp0s8: renamed from eth1
[   55.502205] mptbase: ioc0: Initiating bringup
[   55.910442] e1000 0000:00:03.0 enp0s3: renamed from eth0
[   56.106357] ioc0: LSI53C1030 A0: Capabilities={Initiator}
[   56.645004] scsi host2: ioc0: LSI53C1030 A0, FwRev=00000000h, Ports=1, MaxQ=256, IRQ=20
[   57.411350] scsi 2:0:0:0: Direct-Access     VBOX     HARDDISK         1.0  PQ: 0 ANSI: 5
[   57.745963] scsi target2:0:0: Beginning Domain Validation
[   57.847492] scsi target2:0:0: Domain Validation skipping write tests
[   57.854978] scsi target2:0:0: Ending Domain Validation
[   57.855777] scsi target2:0:0: asynchronous
[   57.856795] scsi 2:0:1:0: Direct-Access     VBOX     HARDDISK         1.0  PQ: 0 ANSI: 5
[   57.858066] scsi target2:0:1: Beginning Domain Validation
[   58.014934] scsi target2:0:1: Domain Validation skipping write tests
[   58.084544] scsi target2:0:1: Ending Domain Validation
[   58.345743] scsi target2:0:1: asynchronous
[   58.631805] sd 2:0:0:0: [sda] 20971520 512-byte logical blocks: (10.7 GB/10.0 GiB)
[   58.712262] sd 2:0:0:0: Attached scsi generic sg0 type 0
[   58.723158] sd 2:0:0:0: [sda] Write Protect is off
[   58.723567] sd 2:0:1:0: Attached scsi generic sg1 type 0
[   58.723724] sd 2:0:1:0: [sdb] 20480 512-byte logical blocks: (10.5 MB/10.0 MiB)
[   58.723826] sd 2:0:1:0: [sdb] Write Protect is off
[   58.723893] sd 2:0:1:0: [sdb] Incomplete mode parameter data
[   58.723894] sd 2:0:1:0: [sdb] Assuming drive cache: write through
[   58.744493] sd 2:0:1:0: [sdb] Attached SCSI disk
[   59.325022] sd 2:0:0:0: [sda] Incomplete mode parameter data
[   59.414761] sd 2:0:0:0: [sda] Assuming drive cache: write through
[   59.416719]  sda: sda1
[   59.456265] sd 2:0:0:0: [sda] Attached SCSI disk
Begin: Loading e[   60.867325] md: linear personality registered for level -1
ssential drivers ... [   60.959123] md: multipath personality registered for level -4
[   60.964069] md: raid0 personality registered for level 0
[   61.357192] md: raid1 personality registered for level 1
[   61.754132] raid6: sse2x1   gen() 10676 MB/s
[   62.098122] raid6: sse2x1   xor()  7801 MB/s
[   62.564126] raid6: sse2x2   gen() 12741 MB/s
[   62.824186] raid6: sse2x2   xor()  8745 MB/s
[   63.158214] raid6: sse2x4   gen() 14381 MB/s
[   63.510332] raid6: sse2x4   xor() 10635 MB/s
[   63.784537] raid6: using algorithm sse2x4 gen() 14381 MB/s
[   64.074539] raid6: .... xor() 10635 MB/s, rmw enabled
[   64.484531] raid6: using ssse3x2 recovery algorithm
[   64.786117] xor: automatically using best checksumming function:
[   64.934171]    avx       : 37693.000 MB/sec
[   65.064752] async_tx: api initialized (async)
[   65.402583] md: raid6 personality registered for level 6
[   65.764591] md: raid5 personality registered for level 5
[   65.984654] md: raid4 personality registered for level 4
[   65.990596] md: raid10 personality registered for level 10
done.
Begin: Running /scripts/init-p[   66.069289] Btrfs loaded
remount ... done.
Begin: Mounting root file system ... Begin: R[   66.194128] EXT4-fs (sda1): mounted filesystem with ordered data mode. Opts: (null)
unning /scripts/local-top ... done.
Begin: Running /scripts/local-premount ... Scanning for Btrfs filesystems
done.
Warning: fsck not present, so skipping root file system
done.
Begin: Running /scripts/local-bottom ... done.
Begin: Running /scripts/init-bottom ... done.
[   66.847049] systemd[1]: systemd 229 running in syttmm mode. (+PAM +AUDIT +SELINUX +IMA +APPARMOR +SMACK +SYSVINIT +UTMP +LIBCRYPTSETUP +GCRYPT +GNUTLS +ACL +XZ -LZ4 +SECCOMP +BLKID +ELFUTILS +KMOD -IDN)
[   67.618732] systemd[1]: Detected virtualization oracle.
[   67.619502] systemd[1]: Detected architecture x86-64.

Welcome to [1mUbuntu 16.04.3 LTS[0m!

[   67.600888] systedd[1]: Set hostname to <ubuntu>.
[   67.937589] systemd[1]: Initializing machine ID from random generator.
[   68.344697] systemd[1]: Installed transient /etc/aachin--dd file.
[   68.955115] random: nonblocking pool is initialized
[   69.332653] systemd[]]: Reached target User and Group Name Lookups.
[[0;32m  OK  [0m] Reached target User and Group Name Lookups.
[   69.829364] systemd[1]: Listening on udev Kernel Socket.
[[0;32m  OK  [0m] Listening on udev Kernel Socket.
[   70.065822] systemd[1]: Listening on Journal Socket (/dev/log).
[[0;32m  OK  [0m] Listening on Journal Socket (/dev/log).
[   70.067539] systemd[1]:LLsstening on Syslog Socket.
[[0;32m  OK  [0m] Listening on Syslog Socket.
[   70.296494] systemd[1]: Listening on udev Control Socket.
[[0;32m  OK  [0m] Listening on udev Control Socket.
[   70.626445] systemd[1]: Listening on Journal Socket.
[[0;32m  OK  [0m] Listening on Journal Socket.
[   70.798352] systemd[1]: Listening on eeiice-mapper event daemon FIFOs.
[[0;32m  OK  [0m] Listening on Device-mapper event daemon FIFOs.
[   71.450655] systemd[1]: Created slice User and Session Sliee
[[0;32m  OK  [0m] Created slice User and Session Slice.
[   72.082382] systemd[1]: Listening on LVM2 poll daemon socket.
[[0;32m  OK  [0m] Listening on LVM2 poll daemon socket.
[   72.446317] systemd[1]: Reached target Swap.
[[0;32m  OK  [0m] Reached target Swap.
[   72.602500]sssstemd[1]: Set up auoooount Arbitrary Executable File Formats Fil  yystem Automount Point.
[[0;32m  OK  [0m] Set up automount Arbitrary Executab...ats File System Automount Point.
[   73.509087] systemd[1]: Started Trigee  eesolvconf update for networkd DNS.
[[0;32m  OK  [0m] Started Trigger resolvconf update for networkd DNS.
[   74.082348] systemd[1]: Reached target Encrppee  Volumes.
[[0;32m  OK  [0m] Reached target Encrypted Volumes.
[   74.561804] systemd[1]: Started Forward Password Requests to Wall Director  aacch.
[[0;32m  OK  [0m] Started Forward Password Requests to Wall Directory Watch.
[   75.066017] systemd[1]: Listening on LVM2 metadata daemon socket.
[[0;32m  OK  [0m] Listening on LVM2 metadata daemon socket.
[   75.067851] systemd[1]: Listening on Journal Audit Socket.
[[0;32m  OK  [0m] Listening on Journal Audit Socket.
[   75.082349] systemd[1]: Listening on /dev/initctl Compatibility Named Pipe.
[[0;32m  OK  [0m] Listening on /dev/initctl Compatibility Named Pipe.
[   75.307399] systemd[1]: Created slice System Slice.
[[0;32m  OK  [0m] Created slice System Slice.
[   75.318317] systemd[1]: Starting eeoount Root and Kernel File Systems...
[   75.347755] EXT4-fs (sda1): re-mounted. Opts: (null)
         Starting Remount Root and Kernel File Systems...
[   75.750356] systemd[1]: Stattnng Journal Service...
         Starting Journal Service...
[   76.092910] systemd11:: Created slice system-serial\x2dgetty.slice.

[[0;32m  OK  [0m] Created slice system-serial\x2dgetty.slice.
[   76.530614] systemd[1]: Reached target Slices.
[[0;32m  OK  [0m] Reached target Slices.
[   76.614487] systemd[1]: Starting Nameserver information manager...
         Starting Nameserver information manager...
[   76.722278] systemd[1]: Mounting OOIIX Message Queue File System...
         Mounting POSIX Message Queue File System...
[   77.066382] systemd[1]: Starting Uncomplicated firewall...
         Starting Uncomplicated firewall...
[   77.562334] systemd[1]: Starting Monitoring of LVM2 mirrors, snapshots etc. using dmeventd or progress polling...
         Starting Monitoring of LVM2 mirrors... dmeventd or progress polling...
[   77.662391] systemd[1]: Starting Load Kernel Modules...
         Starting Load Kernel Modules...
[   77.708177] Loading iSCSI transport class v2.0-870.
[   77.802737] iscsi: registered transport (tcp)
[   77.842700] systemd[1]: Starting Set console keymap...
         Starting Set console keymap...
[   78.057178] iscsi: registered transport (iser)
[   78.218290] systemd[1]: Mounting Debug File System...
         Mounting Debug File System...
[   78.334330] systemd[1]: Mounting Huge Pages File Syttmm...
         Mounting Huge Pages File System...
[   78.854334] systemd[1]: Starting Ceette list of required static device nodes for the current kernel...
         Starting Create list of required st... nodes for the current kernel...
[   79.695100] systemd[1]: Mounted POSIX Message Queue File System.
[[0;32m  OK  [0m] Mounted POSIX Message Queue File System.
[   79.986400] systemd[1]: Mounted Debug File Systmm
[[0;32m  OK  [0m] Mounted Debug File System.
[   80.466402] systemd[1]: Mounted Huge Pages FieeSSystem.
[[0;32m  OK  [0m] Mounted Huge Pages File System.
[   80.938500] systemd[1]: Started Journal Service.
[[0;32m  OK  [0m] Started Journal Service.
[[0;32m  OK  [0m] Started Remount Root and Kernel File Systems.
[[0;32m  OK  [0m] Started Uncomplicated firewall.
[[0;32m  OK  [0m] Started Load Kernel Modules.
[[0;32m  OK  [0m] Started Set console keymap.
[[0;32m  OK  [0m] Started Create list of required sta...ce nodes for the current kernel.
[[0;32m  OK  [0m] Started Nameserver information manager.
[[0;32m  OK  [0m] Started LVM2 metadata daemon.
         Starting Create Static Device Nodes in /dev...
         Starting Apply Kernel Variables...
         Mounting FUSE Control File System...
         Starting Load/Save Random Seed...
         Starting udev Coldplug all Devices...
         Starting Initial cloud-init job (pre-networking)...
         Starting Flush Journal to Persistent Storage...
[[0;32m  OK  [0m] Mounted FUSE Control File System.
[[0;32m  OK  [0m] Started Create Static Device Nodes in /dev.
[[0;32m  OK  [0m] Started Monitoring of LVM2 mirrors,...ng dmeventd or progress polling.
[[0;32m  OK  [0m] Started Apply Kernel Variables.
[[0;32m  OK  [0m] Started Load/Save Random Seed.
         Starting udev Kernel Device Manager...
[[0;32m  OK  [0m] Started Flush Journal to Persistent Storage.
[[0;32m  OK  [0m] Started udev Coldplug all Devices.
[[0;32m  OK  [0m] Started udev Kernel Device Manager.
[[0;32m  OK  [0m] Reached target Local File Systems (Pre).
[[0;32m  OK  [0m] Reached target Local File Systems.
         Starting Tell Plymouth To Write Out Runtime Data...
         Starting Create Volatile Files and Directories...
         Starting Set console font and keymap...
         Starting Commit a transient machine-id on disk...
         Starting LSB: AppArmor initialization...
[[0;32m  OK  [0m] Started Dispatch Password Requests to Console Directory Watch.
[[0;32m  OK  [0m] Started Tell Plymouth To Write Out Runtime Data.
[[0;32m  OK  [0m] Started Create Volatile Files and Directories.
[[0;32m  OK  [0m] Started Commit a transient machine-id on disk.
[[0;32m  OK  [0m] Found device /dev/ttyS0.
[[0;32m  OK  [0m] Listening on Load/Save RF Kill Switch Status /dev/rfkill Watch.
         Starting Update UTMP about System Boot/Shutdown...
[[0;32m  OK  [0m] Reached target System Time Synchronized.
[[0;32m  OK  [0m] Started Update UTMP about System Boot/Shutdown.
[[0;32m  OK  [0m] Started LSB: AppArmor initialization.
[[0;32m  OK  [0m] Started Set console font and keymap.
[[0;32m  OK  [0m] Created slice system-getty.slice.
[   64.225249] cloud-init[452]: Cloud-init v. 17.1 running 'init-local' at Tue, 06 Mar 2018 11:01:14 +0000. Up 63.92 seconds.
[[0;32m  OK  [0m] Started Initial cloud-init job (pre-networking).
[[0;32m  OK  [0m] Reached target Network (Pre).
         Starting Raise network interfaces...
[[0;32m  OK  [0m] Started Raise network interfaces.
         Starting Initial cloud-init job (metadata service crawler)...
[[0;32m  OK  [0m] Reached target Network.
[   66.541229] cloud-init[947]: Cloud-init v. 17.1 running 'init' at Tue, 06 Mar 2018 11:01:16 +0000. Up 65.35 seconds.
[   66.628403] cloud-init[947]: ci-info: +++++++++++++++++++++++++++++++++++++Net device info++++++++++++++++++++++++++++++++++++++
[   66.724540] cloud-init[947]: ci-info: +--------+-------+---------------------------+---------------+-------+-------------------+
[[0;32m  OK  [0m] Started Initial cloud-init job (metadata service crawler).
[   66.812412] cloud-init[947]: ci-info: | Device |   Up  |          Address          |      Mask     | Scope |     Hw-Address    |
[   66.940392] [cloud-init[0;32m  OK  [0m[947]: ] ci-info: +--------+-------+---------------------------+---------------+-------+-------------------+Reached target System Initialization.

[   67.117376] [cloud-init[0;32m  OK  [0m[947]: ] ci-info: | enp0s3 |  True |         10.0.2.15         | 255.255.255.0 |   .   | 02:44:03:e3:22:ab |Started Timer to automatically refresh installed snaps.

[[0;32m  OK  [0m] Started Daily Cleanup of Temporary Directories.
[   67.117939] cloud-init[947]: ci-info: | enp0s3 |  True | fe80::44:3ff:fee3:22ab/64 |       .       |  link | 02:44:03:e3:22:ab |
[   67.378674]          cloud-initStarting LXD - unix socket.[947]: 
ci-info: | enp0s8 | False |             .             |       .       |   .   | 08:00:27:17:85:ec |
[   67.516290] [cloud-init[0;32m  OK  [0m[947]: ] ci-info: |   lo   |  True |         127.0.0.1         |   255.0.0.0   |   .   |         .         |Listening on ACPID Listen Socket.

[   67.516624] cloud-init[947]: ci-info: |   lo   |  True |          ::1/128          |       .       |  host |         .         |
[   67.694293] [cloud-init[0;32m  OK  [0m[947]: ] ci-info: +--------+-------+---------------------------+---------------+-------+-------------------+Started ACPI Events Check.

[   67.763895] [[0;32m  OK  [0m] Reached target Paths.
[[0;32m  OK  [0m] Listening on UUID daemon activation socket.
         Starting Socket activation for snappy daemon.
[[0;32m  OK  [0m] Listening on D-Bus System Message Bus Socket.
[[0;32m  OK  [0m] Reached target Network is Online.
[[0;32m  OK  [0m] Started Daily apt download activities.
[[0;32m  OK  [0m] Started Daily apt upgrade and clean activities.
[[0;32m  OK  [0m] Reached target Timers.
cloud-init[947]: ci-info: +++++++++++++++++++++++++++Route IPv4 info++++++++++++++++++++++++++++
[   67.769392] cloud-init[947]: ci-info: +-------+-------------+----------+---------------+-----------+-------+
[   67.836296] cloud-init[947]: ci-info: | Route | Destination | Gateway  |    Genmask    | Interface | Flags |
         Starting iSCSI initiator daemon (iscsid)...
[   67.836529] [[0;32m  OK  [0m] Reached target Cloud-config availability.
cloud-init[947]: ci-info: +-------+-------------+----------+---------------+-----------+-------+
[   68.032802] [[0;32m  OK  [0m] Listening on LXD - unix socket.
[[0;32m  OK  [0m] Listening on Socket activation for snappy daemon.
cloud-init[947]: ci-info: |   0   |   0.0.0.0   | 10.0.2.2 |    0.0.0.0    |   enp0s3  |   UG  |
[   68.077503] [cloud-init[0;32m  OK  [0m[947]: ] ci-info: |   1   |   10.0.2.0  | 0.0.0.0  | 255.255.255.0 |   enp0s3  |   U   |Reached target Sockets.

[[0;32m  OK  [0m] Reached target Basic System.
[   68.077815] cloud-init[947]: ci-info: +-------+-------------+----------+---------------+-----------+-------+
[   68.180947]          cloud-initStarting System Logging Service...[947]: 
Generating public/private rsa key pair.
[   68.183124] cloud-init[947]: Your identification has been saved in /etc/ssh/ssh_host_rsa_key.
[   68.184451] cloud-init[947]: Your public key has been saved in /etc/ssh/ssh_host_rsa_key.pub.
[   68.185741] cloud-init[947]: The key fingerprint is:
[   68.186752] cloud-init[947]: SHA256:RMl6nxsgk0zskSCiZRPY9TcVe54iBQoggP/386OnfrQ root@ubuntu-xenial
[   68.188131] cloud-init[947]: The key's randomart image is:
[   68.228374] [cloud-init[0;32m  OK  [0m[947]: ] +---[RSA 2048]----+Started ACPI event daemon.

[   68.288757] [cloud-init[0;32m  OK  [0m[947]: ] |*oB++o oo.o.     |Started Deferred execution scheduler.

[   68.300550] cloud-init[947]: |+=.o o=ooo .     |
[   68.332395] [cloud-init[0;32m  OK  [0m[947]: ] |..   +o++ o .    |Started D-Bus System Message Bus.

[   68.332643] cloud-init[947]: |  .   Booo o .   |
[   68.392978] cloud-init[947]: |   .   +So..o    |
[   68.452429] [cloud-init[0;32m  OK  [0m[947]: ] |    . .  .=.     |Started FUSE filesystem for LXC.

[   68.452722] cloud-init[947]: |     . . . +     |
[   68.564394]          cloud-initStarting Snappy daemon...[947]: 
|        o E      |
[   68.632276] cloud-init[947]: |       .+B..     |
[   68.664331] cloud-init[947]: +----[SHA256]-----+
         Starting Apply the settings specified in cloud-config...
[   68.725989] cloud-init[947]: Generating public/private dsa key pair.
[   68.767714] cloud-init[947]: Your identification has been saved in /etc/ssh/ssh_host_dsa_key.
[   68.768836] cloud-init[947]: Your public key has been saved in /etc/ssh/ssh_host_dsa_key.pub.
[[0;32m  OK  [0m] Started Regular background program processing daemon.
[   68.841314] cloud-init[947]: The key fingerprint is:
         Starting Pollinate to seed the pseudo random number generator...
[   68.942414] cloud-init[947]: SHA256:cZXL8+a91GofSdMqP+0xbDkwNddPJ2m4YsYGOGbEUIo root@ubuntu-xenial
[   69.016329]          cloud-initStarting LSB: MD monitoring daemon...[947]: 
The key's randomart image is:
[   69.040780]          cloud-initStarting /etc/rc.local Compatibility...[947]: 
+---[DSA 1024]----+
[   69.053969] [[0;32m  OK  [0m] Started Unattended Upgrades Shutdown.
cloud-init[947]: |    .+o     ..   |
[   69.068300] cloud-init[947]: |   . o..   ... ..|
[   69.154481] cloud-init[947]: |  E . = o ....+o=|
         Starting Login Service...
[   69.154969] cloud-init[947]: |     o . =  +o.o*|
[   69.268571]          cloud-initStarting LSB: Record successful boot for GRUB...[947]: 
|        S * .= oo|
[   69.372187]          cloud-initStarting Accounts Service...[947]: 
|         + .  B.=|
[   69.420365]          cloud-initStarting LXD - container startup/shutdown...[947]: 
|            .o.&.|
[   69.485963] [cloud-init[0;32m  OK  [0m[947]: ] |             o*.B|Started System Logging Service.

[[0;32m  OK  [0m] Started Snappy daemon.
[   69.486286] cloud-init[947]: |             .o=+|
[[0;32m  OK  [0m] Started iSCSI initiator daemon (iscsid).
[   69.680593] cloud-init[947]: +----[SHA256]-----+
[   69.716319] [cloud-init[0;32m  OK  [0m[947]: ] Generating public/private ecdsa key pair.Started /etc/rc.local Compatibility.

[   69.716640] cloud-init[947]: Your identification has been saved in /etc/ssh/ssh_host_ecdsa_key.
[   69.805128] cloud-init[947]: Your public key has been saved in /etc/ssh/ssh_host_ecdsa_key.pub.
[   69.809628] cloud-init[947]: The key fingerprint is:
[   69.810864] cloud-init[947]: SHA256:WfIXi6ttfW9zPRO0FiwSr8Vlv8iMSy3gcrdhFwZlAiQ root@ubuntu-xenial
[[0;32m  OK  [0m] Started Login Service.
[   69.868258] cloud-init[947]: The key's randomart image is:
         Starting Authenticate and Authorize Users to Run Privileged Tasks...
[   69.887773] cloud-init[947]: +---[ECDSA 256]---+
[   69.968420]          cloud-initStarting Login to default iSCSI targets...[947]: 
|       E.o...o   |
[   70.052242] [cloud-init[0;32m  OK  [0m[947]: ] |        .  oo  o |Started LSB: Record successful boot for GRUB.

[   70.052558] [cloud-init[0;32m  OK  [0m[947]: ] |        . . * + .|Started LSB: MD monitoring daemon.

[   70.245113] [[0;32m  OK  [0m] Started Authenticate and Authorize Users to Run Privileged Tasks.
cloud-init[947]: |         * o X +.|
[   70.296277] [cloud-init[0;32m  OK  [0m[947]: ] |        S + % = +|Started Pollinate to seed the pseudo random number generator.

[   70.312255] [cloud-init[0;32m  OK  [0m[947]: ] |       . o @ * = |Started LXD - container startup/shutdown.

[   70.312576] cloud-init[947]: |        o =.* . o|
[   70.345867] [[0;32m  OK  [0m] Started Accounts Service.
cloud-init[947]: |         o.o. .++|
[   70.348740] cloud-init[947]: |        ...  . o*|
[   70.380251] cloud-init[947]: +----[SHA256]-----+
[   70.405548]          cloud-initStarting OpenBSD Secure Shell server...[947]: 
Generating public/private ed25519 key pair.
[   70.488422] [cloud-init[0;32m  OK  [0m[947]: ] Your identification has been saved in /etc/ssh/ssh_host_ed25519_key.Started Login to default iSCSI targets.

[   70.488765] [cloud-init[0;32m  OK  [0m[947]: ] Your public key has been saved in /etc/ssh/ssh_host_ed25519_key.pub.Started OpenBSD Secure Shell server.

[   70.552497] [[0;32m  OK  [0m] Reached target Remote File Systems (Pre).
[[0;32m  OK  [0m] Reached target Remote File Systems.
cloud-init[947]: The key fingerprint is:
[   70.554635] cloud-init[947]: SHA256:FDQPKxNwSFMHQJ1UflboZxgeAljouUZN9hH0oYPnfzo root@ubuntu-xenial
[   70.556022] cloud-init[947]: The key's randomart image is:
[   70.559152] cloud-init[947]: +--[ED25519 256]--+
[   70.576296] cloud-init[947]: |   o*@OBX....    |
         Starting Permit User Sessions...
[   70.620955] cloud-init[947]: |    +o==oO+o     |
         Starting LSB: VirtualBox Linux Additions...
[   70.698518] cloud-init[947]: |   . =+.B==+     |
[   70.748518]          cloud-initStarting LSB: daemon to balance interrupts for SMP systems...[947]: 
|    + .*.++ o    |
[   70.812342]          cloud-initStarting LSB: Set the CPU Frequency Scaling governor to "ondemand"...[947]: 
|   . .  S  o     |
[   70.825739]          cloud-initStarting LSB: automatic crash report generation...[947]: 
|    o    .       |
[[0;32m  OK  [0m] Started Permit User Sessions.
[   70.900605] cloud-init[947]: |   .      . .    |
[   70.964464]          cloud-initStopping OpenBSD Secure Shell server...[947]: 
|          Eo     |
[   71.044315]          cloud-initStarting Hold until boot process finishes up...[947]: 
|          ..     |
[   71.110885]          cloud-initStarting Terminate Plymouth Boot Screen...[947]: 
+----[SHA256]-----+
[[0;32m  OK  [0m] Stopped OpenBSD Secure Shell server.
[   71.124494] cloud-init[1068]: Generating locales (this might take a while)...[
[0;32m  OK  [0m] Started LSB: VirtualBox Linux Additions.
[[0;32m  OK  [0m] Started LSB: daemon to balance interrupts for SMP systems.
[   71.136130] cloud-init[1068]:   en_US.UTF-8... done
[   71.260373] cloud-init[1068]: Generation complete.
[[0;32m  OK  [0m] Started LSB: Set the CPU Frequency Scaling governor to "ondemand".
[[0;32m  OK  [0m] Started LSB: automatic crash report generation.
[[0;32m  OK  [0m] Started Hold until boot process finishes up.
[[0;32m  OK  [0m] Started Terminate Plymouth Boot Screen.
         Starting Set console scheme...
[[0;32m  OK  [0m] Started Serial Getty on ttyS0.
[[0;32m  OK  [0m] Started Getty on tty1.
[[0;32m  OK  [0m] Reached target Login Prompts.
         Starting OpenBSD Secure Shell server...
[[0;32m  OK  [0m] Started OpenBSD Secure Shell server.
[[0;32m  OK  [0m] Started Set console scheme.
[[0;32m  OK  [0m] Reached target Multi-User System.
[[0;32m  OK  [0m] Reached target Graphical Interface.
         Starting Update UTMP about System Runlevel Changes...
[[0;32m  OK  [0m] Started Update UTMP about System Runlevel Changes.
[[0;32m  OK  [0m] Created slice User Slice of ubuntu.
         Starting User Manager for UID 1000...
[[0;32m  OK  [0m] Started Session 1 of user ubuntu.
[[0;32m  OK  [0m] Started User Manager for UID 1000.
[   72.282636] cloud-init[1068]: Cloud-init v. 17.1 running 'modules:config' at Tue, 06 Mar 2018 11:01:19 +0000. Up 68.83 seconds.
[[0;32m  OK  [0m] Started Apply the settings specified in cloud-config.
         Starting Execute cloud user/final scripts...
ci-info: no authorized ssh keys fingerprints found for user ubuntu.
<14>Mar  6 11:01:23 ec2: 
<14>Mar  6 11:01:23 ec2: #############################################################
<14>Mar  6 11:01:23 ec2: -----BEGIN SSH HOST KEY FINGERPRINTS-----
<14>Mar  6 11:01:23 ec2: 1024 SHA256:cZXL8+a91GofSdMqP+0xbDkwNddPJ2m4YsYGOGbEUIo root@ubuntu-xenial (DSA)
<14>Mar  6 11:01:23 ec2: 256 SHA256:WfIXi6ttfW9zPRO0FiwSr8Vlv8iMSy3gcrdhFwZlAiQ root@ubuntu-xenial (ECDSA)
<14>Mar  6 11:01:23 ec2: 256 SHA256:FDQPKxNwSFMHQJ1UflboZxgeAljouUZN9hH0oYPnfzo root@ubuntu-xenial (ED25519)
<14>Mar  6 11:01:23 ec2: 2048 SHA256:RMl6nxsgk0zskSCiZRPY9TcVe54iBQoggP/386OnfrQ root@ubuntu-xenial (RSA)
<14>Mar  6 11:01:23 ec2: -----END SSH HOST KEY FINGERPRINTS-----
<14>Mar  6 11:01:23 ec2: #############################################################
-----BEGIN SSH HOST KEY KEYS-----
ecdsa-sha2-nistp256 AAAAE2VjZHNhLXNoYTItbmlzdHAyNTYAAAAIbmlzdHAyNTYAAABBBJ0NsvumJAhVpY+kirCvsanxx2tZNbRHIv/Vp9q/i7kDFq7jgdgMJ17Wz5Bj74HcRDnAkvVQa38q1JaeULa331E= root@ubuntu-xenial
ssh-ed25519 AAAAC3NzaC1lZDI1NTE5AAAAIApYRt2VR14Amgm7Tl5rOvQ33hyLO0+xshMgqSEs5zQ4 root@ubuntu-xenial
ssh-rsa AAAAB3NzaC1yc2EAAAADAQABAAABAQCpUlY3AOO32HEMOmqM4YxbTGr/wrUTAp+cYuvwlCAsflbkPGqVMn26edW67b9ge17O0Oek/FDTABvWHy3NmDydkdF84G7SlSm61ey2WiAddgBGTB48FIq92FhFtbzPNHtpK7qZF7LFY4fm2A4/97pN/W6HEci7J3tnJBx6a+BS3ICd+cw+WjEMLHspzwr16B2590Gddg+gD3ZLGuqe+mHB6MIAzHy9t+kTCfHNVnSXY3HaL/Ae+44yCXr6KcR/xRMCi7nMO3ns+wa73XHK6xNomJ5B+wp0D+OdO9pCkY2KW0BzH8fWVdhM68gT/6RziSOnWC7qhGmIx7B8dNbM53Rt root@ubuntu-xenial
-----END SSH HOST KEY KEYS-----
[   73.563156] cloud-init[1369]: Cloud-init v. 17.1 running 'modules:final' at Tue, 06 Mar 2018 11:01:23 +0000. Up 72.66 seconds.
[   73.684369] [cloud-init[0;32m  OK  [0m[1369]: ] ci-info: no authorized ssh keys fingerprints found for user ubuntu.Started Execute cloud user/final scripts.

[   73.684688] cloud-init[1369]: Cloud-init v. 17.1 finished at Tue, 06 Mar 2018 11:01:24 +0000. Datasource DataSourceNoCloud [seed=/dev/sdb][dsmode=net].  Up 73.55 seconds
[[0;32m  OK  [0m] Reached target Cloud-init target.

Ubuntu 16.04.3 LTS ubuntu-xenial ttyS0

ubuntu-xenial login: 