[   0.0000] Initializincgoup ubs puet[    0.000000] Initializing cgroup subsys cpu
[   00000] Intiizing cgroup subsys cpuacct
[    0.000000] Linux version 4.4.0-119-generic (buildd@lcy01-amd64-013) (gcc version 5.4.0 20160609 (Ubuntu 5.4.0-6ubuntu1~16.04.9) ) #143-Ubuntu SMP Mon Apr 2 16:08:24 UTC 2018 (Ubuntu 4.4.0-119.143-generic 4.4.114)
[    0.000000] Command line: BOOT_IMAGE=oo/vmlinuz-4.4.0-119-genri root=UUID8a5d0-677ce-4c2299427 ro cool=t1 nsole=ttyS0
[    0.000]ERL suord cpus
[  0.000000] IteGeineIntl[    0.000000]   AMD AuthenticAMD
[    0.000000]   Centa Cnturul
[    0.0000]86/fpu: xstate_offset[2]:  576, xstate_sizes[2]:  256
[    0.000000] x86/fpu: Supporting XSAVE feature 0x01: 'x87 floatingpontreisers'
[    0.000000] x86/pu Spoing XSAVE feature 0x02: 'SSE registers'
[   .000000] x86/fu: Suorting XSAVE feature 0x04: 'AX giters
  0.00000] 6/pu: Enabled xta featurs 7, cte size is 832 bytes, in'staar format.
[    0.000000] x86/fpu: Using 'lazy' FPU context switches.
[    0.000000] e820BI-prodephysalAM ma
   0.000] BI-e20: [mem 0x000000000000000x000000000009fbff] uab
    0.0000] BIOe80:[m 000000009fc-0000000000ffff] reserved
[    0.000000] BIOS-e820: [mem 0x00000000000f0000-0x00000000ffff] reseve
[    0.000] OS-e820: [mem 0x0000000000100000-0x0000003fffff] usable
[   .000000] IOe80:me0x00003fff0000-0x00000003ffff]ACPIat
[    0.000000] BIOS82: [m 00000000ff00-000000fffffff] esve
[    0000 N(Execu Dsae)rotection:ctve[   0.000]MBS 2.5 present.
[   0.000] Hypervisor detected:KV
[   0.000 e820: ast_pfn = 0x3fff mx_chfn =x4000000
  0.0000 MRRDibled[   0.000]x86/ATMTRs disable, skpi PAT initalzation too.
[    0.000000] CPU MTRRs all blank - virtualized system.
[    0.000000] x86/PAT: Configuration [0-7]: WB  WT  UC- UC  WB  WT  UC- UC  
[    0.000000] found SMP MP-table at [mem 0x0009fff0-0x0009ffff] mapped at [ffff8800009f0]
[  00000Scanning 1 areas for low memory corruption
[    0.000000] RAMDISK: [me0x62000x370f9fff]
[    0.000000] ACPI: Early table checksum verification disabled
[    0.00000]CPI:RSP 0x00000000E0000 004 v02 VBOX  )
[    0.0000ACPI XT x000003FF0030 0003 (1 OX   VXXT 0000001SL  0001)
[    0.0000]CP FACP 0x0000003FFF00F0 00F4v04 VBOX   VBOXFACP 00000001SL  0061)   0.00000ACPI: DSDT x0000003FF04 02118 (v0 VX  VBOIO 00002 TL016008
   0.000000] ACPI: FACS 0x00000003F000 000040
[    0.000000] ACPIFACSx0000003F00 000040
[   0.000000] ACPI: APIC 0x000003F020 005Cv02 VBOX   OXAPIC 00000001 ASL  00000061)
[    0.000000]CP: SD0x0000FFF02A0 01CC 01BOX   VBOXCPUT 00000002 INTL 20160108)
[    0.000000] No NUMA configuration found
[    0.000000] Faking a node at [mem 0x0000000000000000-0x000000003ffeffff]
[    0.000000] NODE_DATA(0) allocated [mem 0x3ffeb000-0x3ffeffff]
[    0.000000] kvm-clock: Using msrs 4b564d01 and 4b564d00
[    0.000000] kvm-clock: cpu 0, msr 0:3ffe3001, primary cpu clock
[    0.000000 k-clock: usin sedofetof350571 cycles
[   00000] clocksoure:vm-clock: mask: 0xffffffffffffffff max_cycle: 1c42e4df, x_ide_: 8105483 ns[   .0000] Zone ranges:
[    0.000000]   DMA      [mem 0x000000000000100x0000000fffff][   .0000]   DMA    emx0000000001000000-x0000003eff]
[  00000  Norm  emp
   0.00000] Devi  mpty
[   00000] Movable zone start for each node
[    0.000000] Early memory node ranges
[    0.000000]   node   0: [mem 0x0000000000001000-0x000000000009efff][   0.000]  od  0:[m 000000000010000x00003fffff]
[    0.000000] Initmem setup node 0 [mem 0x000000000000x000000003ffefff]
  0.000000 AI: P-TerIOor 0x48[    0.000000] IOAPIC[0]: apic_id 2, version 17, address 0xfec00000, GSI 0-23   0.000000] PIINT_SRC_OVR (bu 0us_irq 0loal_irq  d dfl)
[   000000]AC: INT_C_OVR (bus 0 bus_irq 9 global_irq 9 high level)
[    0.000000] Using ACPI (MADT) for SMP configuration information
    0.000000] smpboot: Allowing 2 CPUs, 0 hotplug CPUs
[    0.000000] PM: Registered nosave memory: [mem 0x00000000-0x00000fff]
[    0.000000] PM: Registered nosave memory: [mem 0x0009f000-0x0009ffff]
[    0.000000] PM: Registered nosveemor [em0x0000-0x000effff]
[    0.000000] PM: egteed nsa mmo: em 0x0000-0x000fffff]
[    0.000000] e820: [mem 0x40000000-0xfffbffff] available for PCI devices
[    0.000000] Booting paravirtualized kernel on KVM
[   000000clksource: refined-jiffies: mask: 0xffffffff max_cycles: 0xffffffff, max_idle_ns: 7645519600211568 ns
[    0.000000] setup_percpu: NR_CPUS:512 nr_cpumask_bits:512 nr_cpu_ids:2 nr_node_ids:1
[    0.000000] PERCPU: Embedded 34 pages/cpu @ffff88003fc00000 s99544 r819d3528 u1085
[    0.000] PV qspinlock hash table entries: 256 (order: 0, 96ytes
[  0.000000] Built 1 zonelstin Node de, biity gropi o.  Total pages: 257912
[    00000] Policy zon: MA32
[    0.0000] ernel commandli: OOT_IMAGE=/bo/vliz-4.0-119-genericrot=UUIDa95d70-6747ce-94-25992427 ro conslety console=ttyS0
[    0.000000] PID hash table entries: 4096 (order: 3, 3278 yt)[    0.000000] Memory: 997204/1810K avlae (8532K kernel code, 13Krwdata, 3996K rodata, 1508K init, 1316K bss, 50916K reserved, 0K cma-reserved)
[    0.000000] SLUB: HWalign=64, Order=0-3, MinObjects=0, CPUs=2, Nodes=1
[    0.000000] Kernel/User page tables isolation: enabled
[    0.000000] Hierarchical RCU implementation.
[    0.000000] 	Build-time adjustment of leaf fanout to 64.
[  000000] 	U restricting CPUs from NR_CPUS=512 to nr_cpuds=2.    .000] U:Adstg geometry for rcu_fanout_leaf=64, nr_cpu_ids=2
[    .000] R_QS3302nrrqs:440 1
[   00000 Consolecoour VG+ x25   0.0000] onsole [tty1]enled
[    .0000] onle [yS enabd
[    0.000000] tsc: Detected 3299.996 MHz processor
[   13.809659] Calibrating delay loop (skipped) preset value.. 6599.99 BogoMIPS (lpj=13199984)
[   13.829796] pid_max: default: 32768 minimum: 301
[   13.877421] ACPI: Core revision 20150930
[   13.942393] ACPI: 2 ACPI AML tables successfully acquired and loaded
[   14.024927] Security Framework initialized
[   14.093020] Yama: becoming mindful.
[   14.154647] AppArmor: AppArmor initialized
[   14.186684] Dentry cache hash table entries: 131072 (order: 8, 1048576 bytes)
[   14.286488] Inode-cache hash table entries: 65536 (order: 7, 524288 bytes)
[   14.288845] Mount-cache hash table entries: 2048 (order: 2, 16384 bytes)
[   14.291056] Mountpoint-cache hash table entries: 2048 (order: 2, 16384 bytes)
[   14.293590] Initializing cgroup subsys io
[   14.295042] Initializing cgroup subsys memory
[   14.296567] Initializing cgroup subsys devices
[   14.316589] Initializing cgroup subsys freezer
[   14.320617] Initializing cgroup subsys net_cls
[   14.325999] Initializing cgroup subsys perf_event
[   14.329955] Initializing cgroup subsys net_prio
[   14.332843] Initializing cgroup subsys hugetlb
[   14.334779] Initializing cgroup subsys pids
[   14.336723] CPU: Physical Processor ID: 0
[   14.338570] CPU: Processor Core ID: 0
[   14.339915] FEATURE SPEC_CTRL Not Present
[   14.341669] mce: CPU supports 0 MCE banks
[   14.343419] Last level iTLB entries: 4KB 512, 2MB 8, 4MB 8
[   14.345542] Last level dTLB entries: 4KB 512, 2MB 32, 4MB 32, 1GB 0
[   14.347558] Spectre V2 mitigation: Mitigation: Full generic retpoline
[   14.349774] Spectre V2 mitigation: Speculation control IBPB not-supported IBRS not-supported
[   14.354294] Freeing SMP alternatives memory: 32K
[   14.363787] ftrace: allocating 32195 entries in 126 pages
[   14.415404] smpboot: APIC(0) Converting physical 0 to logical package 0
[   14.440566] smpboot: Max logical packages: 1
[   14.512473] ..TIMER: vector=0x30 apic1=0 pin1=2 apic2=-1 pin2=-1
[   14.624705] smpboot: CPU0: Intel(R) Core(TM) i5-3550 CPU @ 3.30GHz (family: 0x6, model: 0x3a, stepping: 0x9)
[   14.711218] Performance Events: unsupported p6 CPU model 58 no PMU driver, software events only.
[   14.812831] KVM setup paravirtual spinlock
[   14.823010] x86: Booting SMP configuration:
[   14.888535] .... node  #0, CPUs:      #1
[   14.894938] kvm-clock: cpu 1, msr 0:3ffe3041, secondary cpu clock
[   15.084234] mce: CPU supports 0 MCE banks
[   15.166033] x86: Booted up 1 node, 2 CPUs
[   15.219760] smpboot: Total of 2 processors activated (13199.98 BogoMIPS)
[   15.253406] devtmpfs: initialized
[   15.285798] evm: security.selinux
[   15.312150] evm: security.SMACK64
[   15.321521] evm: security.SMACK64EXEC
[   15.343393] evm: security.SMACK64TRANSMUTE
[   15.387202] evm: security.SMACK64MMAP
[   15.389259] evm: security.ima
[   15.439471] evm: security.capability
[   15.453468] clocksource: jiffies: mask: 0xffffffff max_cycles: 0xffffffff, max_idle_ns: 7645041785100000 ns
[   15.520030] futex hash table entries: 512 (order: 3, 32768 bytes)
[   15.591929] pinctrl core: initialized pinctrl subsystem
[   15.685489] RTC time:  9:14:52, date: 04/12/18
[   15.719548] NET: Registered protocol family 16
[   15.797164] cpuidle: using governor ladder
[   15.889554] cpuidle: using governor menu
[   15.921820] PCCT header not found.
[   15.988939] ACPI: bus type PCI registered
[   16.007453] acpiphp: ACPI Hot Plug PCI Controller Driver version: 0.5
[   16.008454] PCI: Using configuration type 1 for base access
[   16.023625] ACPI: Added _OSI(Module Device)
[   16.108520] ACPI: Added _OSI(Processor Device)
[   16.177299] ACPI: Added _OSI(3.0 _SCP Extensions)
[   16.177986] ACPI: Added _OSI(Processor Aggregator Device)
[   16.255654] ACPI: Executed 1 blocks of module-level executable AML code
[   16.290003] ACPI: Interpreter enabled
[   16.307544] ACPI: (supports S0 S5)
[   16.374565] ACPI: Using IOAPIC for interrupt routing
[   16.410196] PCI: Using host bridge windows from ACPI; if necessary, use "pci=nocrs" and report a bug
[   16.466631] ACPI: PCI Root Bridge [PCI0] (domain 0000 [bus 00-ff])
[   16.522454] acpi PNP0A03:00: _OSC: OS supports [ASPM ClockPM Segments MSI]
[   16.630373] acpi PNP0A03:00: _OSC failed (AE_NOT_FOUND); disabling ASPM
[   16.692738] acpi PNP0A03:00: fail to add MMCONFIG information, can't access extended PCI configuration space under this bridge.
[   16.894048] PCI host bridge to bus 0000:00
[   16.943755] pci_bus 0000:00: root bus resource [io  0x0000-0x0cf7 window]
[   17.086029] pci_bus 0000:00: root bus resource [io  0x0d00-0xffff window]
[   17.134749] pci_bus 0000:00: root bus resource [mem 0x000a0000-0x000bffff window]
[   17.223001] pci_bus 0000:00: root bus resource [mem 0x40000000-0xffdfffff window]
[   17.279593] pci_bus 0000:00: root bus resource [bus 00-ff]
[   17.356574] pci 0000:00:01.1: legacy IDE quirk: reg 0x10: [io  0x01f0-0x01f7]
[   17.387162] pci 0000:00:01.1: legacy IDE quirk: reg 0x14: [io  0x03f6]
[   17.388053] pci 0000:00:01.1: legacy IDE quirk: reg 0x18: [io  0x0170-0x0177]
[   17.485643] pci 0000:00:01.1: legacy IDE quirk: reg 0x1c: [io  0x0376]
[   17.546240] ACPI: PCI Interrupt Link [LNKA] (IRQs 5 9 10 11) *0, disabled.
[   17.569427] ACPI: PCI Interrupt Link [LNKB] (IRQs 5 9 10 *11)
[   17.645461] ACPI: PCI Interrupt Link [LNKC] (IRQs 5 9 *10 11)
[   17.760957] ACPI: PCI Interrupt Link [LNKD] (IRQs 5 *9 10 11)
[   17.872507] ACPI: Enabled 2 GPEs in block 00 to 07
[   17.879997] vgaarb: setting as boot device: PCI:0000:00:02.0
[   17.919132] vgaarb: device added: PCI:0000:00:02.0,decodes=io+mem,owns=io+mem,locks=none
[   17.937359] vgaarb: loaded
[   17.951254] vgaarb: bridge control possible 0000:00:02.0
[   17.953452] SCSI subsystem initialized
[   17.998211] ACPI: bus type USB registered
[   18.058616] usbcore: registered new interface driver usbfs
[   18.087400] usbcore: registered new interface driver hub
[   18.089316] usbcore: registered new device driver usb
[   18.160543] PCI: Using ACPI for IRQ routing
[   18.235629] NetLabel: Initializing
[   18.291709] NetLabel:  domain hash size = 128
[   18.318886] NetLabel:  protocols = UNLABELED CIPSOv4
[   18.392700] NetLabel:  unlabeled traffic allowed by default
[   18.419946] amd_nb: Cannot enumerate AMD northbridges
[   18.455664] clocksource: Switched to clocksource kvm-clock
[   18.5156 AArr:ppmoFisyemnaed[ 19411]npPnAC it   19.437948] pnp: PnP ACPI: found 3 devices
[   19.631383] clocksource: acpi_pm: mask: 0xffffff max_cycles: 0xffffff, max_idle_ns: 2085701024 ns
[   20.066765] NET: Registered protocol family 2
[   20.143690] TCP established hash table entries: 8192 (order: 4, 65536 bytes)
[   20.564353] TCP bind hash table entries: 8192 (order: 5, 131072 bytes)
[   20.983234] TCP: Hash tables configured (established 8192 bind 8192)
[   21.281705] UDP hash table entries: 512 (order: 2, 16384 bytes)
[   21.364276] UDP-Lite hash table entries: 512 (order: 2, 16384 bytes)
[   21.514431] NET: Registered protocol family 1
[   21.719145] pci 0000:00:00.0: Limiting direct PCI/PCI transfers
[   21.922219] pci 0000:00:01.0: Activating ISA DMA hang workarounds
[   22.304434] Unpacking initramfs...
[   22.556446] Freeing initrd memory: 15320K
[   22.828027] RAPL PMU detected, API unit is 2^-32 Joules, 3 fixed counters 10737418240 ms ovfl timer
[   23.344549] hw unit of domain pp0-core 2^-0 Joules
[   23.410313] hw unit of domain package 2^-0 Joules
[   23.529742] hw unit of domain pp1-gpu 2^-0 Joules
[   23.530566] platform rtc_cmos: registered platform RTC device (no PNP device found)
[   23.769688] Scanning for low memory corruption every 60 seconds
[   24.154516] audit:iinitializing netlink subsys (disabled)
[   24.516218] audit: type=2000 audit(1523524488.263:1): initialized
[   24.784470] tsc: Refined TSC clocksource calibration: 3300.217 MHz
[   25.120106] clocksource: tsc: mask: 0xffffffffffffffff max_cycles: 0x2f921946de8, max_idle_ns: 440795344313 ns
[   25.125555] Initialise system trusted keyring
[   25.12565]] HugeTLB registered 2 MB page size, pre-allocated 0 pages
[   25.126826] zbud: loaded
[   25.127074] VFS: Disk quotas dquot_6.6.0
[   25.127099] VFS: Dquot-cache hash table entries: 512 (order 0, 4096 bytes)
[   25.127310] squashfs: version 4.0 (2009/01/31) Phillip Lougher
[   25.569015] fuse init (API version 7.23)
[   25.569199] Key type big_key registered
[   25.569216] Allocating IMA MOK and blacklist keyrings.
[   25.569464] Key type asymmetric registered
[   25.569472] Asymmetric key parser 'x509' registered
[   25.569511] Block layer SCSI generic (bsg) driver version 0.4 loaded (major 249)
[   25.569547] io scheduler noop registered
[   25.569549] io scheduler deadline registered (default)
[   25.569585] io scheduler cfq registered
[   25.569726] pci_hotplug: PCI Hot Plug PCI Core version: 0.5
[   25.569731] pciehp: PCI Express Hot Plug Controller Driver version: 0.4
[   25.569860] ACPI: AC Adapter [AC] (on-line)
[   25.569906] input: Power Button as /devices/LNXSYSTM:00/LNXPWRBN:00/input/input0
[   25.569908] ACPI: Power Button [PWRF]
[   25.569962] input: Sleep Button as /devices/LNXSYSTM:00/LNXSLPBN:00/input/input
[   25.569964] ACPI: Sleep Button [SLPF]
[   25.570083] GHES: HEST is not enabldd!
[   25.570169] Serial: 8250/16550 driver, 32 ports, IRQ sharing enabled
[   25.746988] 00:02: ttyS0 at I/O 0x3f8 (irq = 4  base_baud = 115200) is a 16550A
[   26.125278] Linux agpgart interface v0.103
[   26.359031] loop: module loaded
[   26.359497] scsi host0: ata_piix
[   26.399550] scsi host1: ata_piix
[   26.359578] ata1: PATA max UDMA/33 cmd 0x1f0 ctl 0x3f6 bmdma 0xd000 irq 14
[   26.359578  ata2: PATA max UDMA/33 cmd 0x170 ctl 0x376 bmdma 0xd008 irq 15
[   26.359646] libphy: Fixed MDIO Bus: probed
[   26.359648] tun: Universal TUN/TAP device driver, 1.6
[   26.359648] tun: (C) 1999-2004 Max Krasnyansky <maxk@qualcomm.com>
[   26.359925] PPP generic driver version 2.4.2
[   26.359976] ehci_hcd: USB 2.0 'Enhanced' Host Controller (EHCI) Driver
[   26.359980] ehci-pci: EHCI PCI platform driver
[   26.359996] ehci-platform: EHCI generic platform driver
[   26.360003] ohci_hcd: USB 1.1 'Open' Host Controller (OHCI) Driver
[   26.360006] ohci-pci: OHCI PCI platform driver
[   26.360013] ohci-platform: OHCI generic platform driver
[   26.360020] uhci_hcd: USB Universal Host Controller Interface diiver
[   263360072] i8042: PNP: PS/2 Controller [PNP0303:PS2K,PNP0f03:PS2M] at 0x60,0x64 irq 1,12
[   26.360487]sserio: i8042 KBD port at 0x60,0x64 irq 1
[   26.360491] serio: i8042AAUX port at 0x60,0x64 irq 12
[   26.360582] mousedev: PS/2 mouse device common for all mice
[   26.360841] input: AT Translated Set 2 keyboard as /devices/platform/i8042/serio0/input/input2
[   26.361148] rtc_cmo  rtc_cmos: rtc core: registered rtc_cmos as rtc0
[   26.361196] rtc_cmos rtc_cmos: alarms up to one day, 114 bytes nvram
[   26.361202] i2c /dev entries driver
[   26.361251] device-mapper: uevent: version 1.0.3
[   263361298] device-mapper: ioctl: 4.34.0-ioctl (2015-10-28) initialised: dm-devel@redhat.com
[   26.361116] ledtrig-cpu: registered to indicaee activity on CPUs
[   26.311554] NET: Registeredpprotocol family 10
[   26.361686] NET: Registered protocol family 17
[   26.361698] Key type dns_resolver registered
[   26.361910] registered taskstats version 1
[   26.361923] Loading compiled-in X.509 certificates
[   26.362522] Loaded X.509 cert 'Build time autogenerated kernel key: f854e06633b5f496ced5b2e02c7b14f761b69302'
[   26.362538] zswap: loaded using pool lzo/zbud
[   26.364667] Key type trusted registered
[   26.372375] Key type encrypted registered
[   26.372382] AppArmor: AppArmor sha1 policy hashing enabled
[   26.372385] ima: No TPM chip found, activating TPM-bypass!
[   26.372407] evm: HMAC attrs: 0x1
[   26.372635]   Magic number: 14:10:222
[   26.374122] rtc_cmos rtc_cmos: setting system clock to 2018-04-12 09:15:02 UTC (1523524502)
[   26.374204] BIOS EDD facility v0.16 2004-Jun-25, 0 devices found
[   26.374204] EDD information not available.
[   37.493570] Freeing unused kernel memory: 1508K
[   38.125438] Write protecting the kernel read-only data: 14336k
[   38.220663] Freeing unused kernel memory: 1696K
[   38.289448] Freeing unused kernel memory: 100K
Loading, please wait...
starting version[   38.332820] random: systemd-udevd: uninitialized urandom read (16 bytes read, 3 bits of entropy available)
 229
[   38.333609] random: udevadm: uninitialized urandom read (16 bytes read, 3 bits of entropy available)
[   38.333636] random: udevadm: uninitialized urandom read (16 bytes read, 3 bits of entropy available)
[   38.347577] random: udevadm: uninitialized urandom read (16 bytes read, 3 bits of entropy available)
[   38.347632] random: udevadm: uninitialized urandom read (16 bytes read, 3 bits of entropy available)
[   38.347944] random: udevadm: uninitialized urandom read (16 bytes read, 3 bits of entropy available)
[   38.348023] random: udevadm: uninitialized urandom read (16 bytes read, 3 bits of entropy available)
[   38.348097] random: udevadm: uninitialized urandom read (16 bytes read, 3 bits of entropy available)
[   38.348172] random: udevadm: uninitialized urandom read (16 bytes read, 3 bits of entropy available)
[   38.348248] random: udevadm: uninitialized urandom read (16 bytes read, 3 bits of entropy available)
[   39.227720] e1000: Intel(R) PRO/1000 Network Driver - version 7.3.21-k8-NAPI
[   39.309420] e1000: Copyright (c) 1999-2006 Intel Corporation.
[   39.564447] Fusion MPT base driver 3.04.20
[   39.731788] Copyright (c) 1999-2008 LSI Corporation
[   39.841453] Fusion MPT SPI Host driver 3.04.20
[   40.027531] AVX version of gcm_enc/dec engaged.
[   40.138748] AES CTR mode by8 optimization enabled
[   40.275342] input: ImExPS/2 Generic Explorer Mouse as /devices/platform/i8042/serio1/input/input4
[   40.475454] e1000 0000:00:03.0 eth0: (PCI:33MHz:32-bit) 02:44:03:e3:22:ab
[   40.475458] e1000 0000:00:03.0 eth0: Intel(R) PRO/1000 Network Connection
[   40.859590] e1000 0000:00:08.0 eth1: (PCI:33MHz:32-bit) 08:00:27:17:85:ec
[   40.903023] e1000 0000:00:08.0 eth1: Intel(R) PRO/1000 Network Connection
[   40.972921] mptbase: ioc0: Initiating bringup
[   40.973644] e1000 0000:00:08.0 enp0s8: renamed from eth1
[   41.408461] e1000 0000:00:03.0 enp0s3: renamed from eth0
[   41.488818] ioc0: LSI53C1030 A0: Capabilities={Initiator}
[   42.339725] floppy0: no floppy controllers found
[   42.414507] scsi host2: ioc0: LSI53C1030 A0, FwRev=00000000h, Ports=1, MaxQ=256, IRQ=20
[   42.586324] scsi 2:0:0:0: Direct-Access     VBOX     HARDDISK         1.0  PQ: 0 ANSI: 5
[   42.800415] scsi target2:0:0: Beginning Domain Validation
[   42.892206] scsi target2:0:0: Domain Validation skipping write tests
[   42.904795] scsi target2:0:0: Ending Domain Validation
[   43.244505] scsi target2:0:0: asynchronous
[   43.538872] scsi 2:0:1:0: Direct-Access     VBOX     HARDDISK         1.0  PQ: 0 ANSI: 5
[   43.974716] scsi target2:0:1: Beginning Domain Validation
[   44.361929] scsi target2:0:1: Domain Validation skipping write tests
[   44.784359] scsi target2:0:1: Ending Domain Validation
[   45.183542] scsi target2:0:1: asynchronous
[   45.495318] sd 2:0:0:0: Attached scsi generic sg0 type 0
[   45.597174] sd 2:0:0:0: [sda] 20971520 512-byte logical blocks: (10.7 GB/10.0 GiB)
[   45.640932] sd 2:0:1:0: [sdb] 20480 512-byte logical blocks: (10.5 MB/10.0 MiB)
[   45.751284] sd 2:0:1:0: [sdb] Write Protect is off
[   45.751325] sd 2:0:1:0: Attached scsi generic sg1 type 0
[   45.890070] sd 2:0:0:0: [sda] Write Protect is off
[   45.890097] sd 2:0:1:0: [sdb] Incomplete mode parameter data
[   45.890098] sd 2:0:1:0: [sdb] Assuming drive cache: write through
[   46.288248] sd 2:0:1:0: [sdb] Attached SCSI disk
[   46.297756] sd 2:0:0:0: [sda] Incomplete mode parameter data
[   46.505776] sd 2:0:0:0: [sda] Assuming drive cache: write through
[   46.518061]  sda: sda1
[   46.704861] sd 2:0:0:0: [sda] Attached SCSI disk
Begin: Loading e[   48.435362] md: linear personality registered for level -1
ssential drivers[   48.940697] md: multipath personality registered for level -4
 ... [   49.023315] md: raid0 personality registered for level 0
[   49.123575] md: raid1 personality registered for level 1
[   49.360010] raid6: sse2x1   gen()  9139 MB/s
[   49.604046] raid6: sse2x1   xor()  7795 MB/s
[   50.003993] raid6: sse2x2   gen() 11367 MB/s
[   50.427991] raid6: sse2x2   xor()  8248 MB/s
[   50.513169] raid6: sse2x4   gen() 13671 MB/s
[   50.853966] raid6: sse2x4   xor() 10020 MB/s
[   51.194287] raid6: using algorithm sse2x4 gen() 13671 MB/s
[   51.205092] raid6: .... xor() 10020 MB/s, rmw enabled
[   51.494372] raid6: using ssse3x2 recovery algorithm
[   51.498301] xor: automatically using best checksumming function:
[   51.592501]    avx       : 19437.000 MB/sec
[   51.636012] async_tx: api initialized (async)
[   51.942099] md: raid6 personality registered for level 6
[   52.404380] md: raid5 personality registered for level 5
[   52.854338] md: raid4 personality registered for level 4
[   53.270787] md: raid10 personality registered for level 10
done.
Begin: Running /scripts/init-premount ... done.
Begin: Mounting root file system ... Begin: Running /scripts/local-top .[   53.795930] Btrfs loaded
.. done.
Begin: Running /scripts/local-premount[   53.936654] EXT4-fs (sda1): INFO: recovery required on readonly filesystem
 ... Scanning fo[   54.037362] EXT4-fs (sda1): write access will be enabled during recovery
r Btrfs filesystems
done.
Warning: fsck not present, so skippi[   54.219689] EXT4-fs (sda1): orphan cleanup on readonly fs
ng root file system
[   54.535302] EXT4-fs (sda1): 9 orphan inodes deleted
[   54.621423] EXT4-fs (sda1): recovery complete
[   54.654416] EXT4-fs (sda1): mounted filesystem with ordered data mode. Opts: (null)
done.
Begin: Running /scripts/local-bottom ... done.
Begin: Running /scripts/init-bottom ... done.
[   55.251259] random: nonblocking pool is initialized
[   55.730486] systemd[1]: systemd 229 running in system mode. (+PAM +AUDIT +SELINUX +IMA +APPARMOR +SMACK +SYSVINIT +UTMP LLIBCRYPTSETUP +GCRYPT +GNUTSS +ACL +XZ -LZ4 +SECCOMP +BLKID +ELFUTILS +KMOD -IDN)
[   56.755136] systemd[1]: Detected virtualization oracle.
[   57.063501] systemd[1]: Detected architecture x86-64.

Welcome to [1mUbuntu 16.04.4 LTS[0m!

[   572247389] systemd[1]: Set hostname to<<app01>.
[   58.293187] systemd[1]: Created slice System Slice.
[[0;32m  OK  [0m] Created slice System Slice.
[   58.633606] systemd[1]: Listening on udev Control Socket.
[[0;32m  OK  [0m] Listening on udev Control Socket.
[   59.153335] systemd[1]: Listening on Journal Socket (/dev/log).
[[0;32m  OK  [0m] Listening on Journal Socket (/dev/log).
[   59.367989] systemd[1]: Listening on Device-mapper event daemon FIFOs.
[[0;32m  OK  [0m] Listening on Device-mapper event daemon FIFOs.
[   59.686095] systemd[1]: Reached target User and Group Name Lookups.
[[0;32m  OK  [0m] Reached target User and Group Name Lookups.
[   60.011150] systemd[1]: Started Trigger resolvconf update for networkd DNS.
[[0;32m  OK  [0m] Started Trigger resolvconf update for networkd DNS.
[   60.491920] systemd[1]: Listening on Syslog Socket.
[[0;32m  OK  [0m] Listening on Syslog Socket.
[   60.863604] systemd[1]: Listening on LVM2 poll daemon socket.
[[0;32m  OK  [0m] Listening on LVM2 poll daemon socket.
[   61.143913] systemd[1]: Reached target Encrypted Volumes.
[[0;32m  OK  [0m] Reached target Encrypted Volumes.
[   61.436122] systemd[1]: Set up automount Arbitrary Executable File Formats File SystemAAutomuutt Point.
[[0;32m  OK  [0m] Set up automount Arbitrary Executab...ats File System Automount Point.
[   62.061612] systemd[1]: Listening on Journal Audit Socket.
[[0;32m  OK  [0m] Listening on Journal Audit Socket.
[   62.063201] systemd[1]: Listening on Journal Socket.
[[0;32m  OK  [0m] Listening on Journal Socket.
[   62.524000] systemd[1]: Starting Remount Root and Kernel File Systems...
[   62.597269] EXT4-fs (sda1): re-mounted. Opts: (null)
         Starting Remount Root and Kernel File Systems...
[   63.155896] systemd[1]: Mounting POSIX Messgge Queue File System...
         Mounting POSIX Message Queue File System...
[   63.728679] systemd[1]: Mounting Huge Pages File System...
         Mounting Huge Pages File System...
[   64.168279] ssstemd[1]: Created slice system-serial\x2dgetty.slice.
[[0;32m  OK  [0m] Created slice system-serial\x2dgetty.slice.
[   64.824859] systemd[1]: Started Forward Password Requests to Wall Directory Watch.
[[0;32m  OK  [0m] Started Forward Password Requests to Wall Directory Watch.
[   65.103988] systemd[1]: Starting Load Kernel Modules...
[   65.2985Loin iSCSI transport class v2.0-870.
         Starting Load Kernel Mo[   65.571344] iscsi: registered transport (tcp)
dules...
[   65.931902] systemd[1]: Starting Create list of required static device nodes for the current kernel...
         Starting Create list of required st... nodes for the current kernel...
[   66.225855] iscsi: registered transport (iser)
[   66.463828] systemd[1]: Starting Nameserver information manager...
         Starting Nameserver information manager...
[ 66844277] systemd[1]: Starting Uncomplicated firewall...
         Starting Uncomplicated firewall...
[  6.075 sted[1]: eaedart ap.
[[0;32m  OK  [0m] Reached target Swap.
[   67.515992] systemd[1]: Starting Journal Service...
         Starting Journal Service...
[   67.663919] systemd[1]: Starting Set console keymap...
         Starting Set console keymap...
[   67.7491 ste[1 Ltengn M2etatdaonoct.
[[0;32m  OK  [0m] Listening on LVM2 metadata daemon socket.
[   68.509276] systemd[1]: Saatting Monitoring of LVM2 mirrors, snapshots etc. using dmeventd or progress polling...
         Starting Monitoring of LVM2 mirrors... dmeventd or progress polling...
[   69.292296] systemd[1]: Created slice User and Session Slice.
[[0;32m  OK  [0m] Created slice User and Session Slice.
[   69.755892] systemd[1:: Reached target Slices.
[[0;32m  OK  [0m] Reached target Slices.
[   70.187946] systemd[1]: Reached target System Time Synchronized.
[[0;32m  OK  [0m] Reached target System Time Synchronized.
[   70.547957] systemd[1]: Listening on /dev/inicctl Compatibility Named Pipe.
[[0;32m  OK  [0m] Listening on /dev/initctl Compatibility Named Pipe.
[   70.991864] systemd[1]  Mounting Debug File System...
         Mounting Debug File System...
[   71.235973] systemd[1]: Listening on udev Kernel Socket.
[[0;32m  OK  [0m] Listening on udev Kernel Socket.
[   71.516877] systemd[1]: Mounted POSIX Message Queue File System.
[[0;32m  OK  [0m] Mounted POSIX Message Queue File System.
[   71.863951] systemd[1]: Mounted Debug File System.
[[0;32m  OK  [0m] Mounted Debug File System.
[   72.235962] systemd[1]: Mounted Huge Pages File System.
[[0;32m  OK  [0m] Mounted Huge Pages File System.
[   72.400104] systemd[1]: Started Journal Service.
[[0;32m  OK  [0m] Started Journal Service.
[[0;32m  OK  [0m] Started Remount Root and Kernel File Systems.
[[0;32m  OK  [0m] Started Load Kernel Modules.
[[0;32m  OK  [0m] Started Create list of required sta...ce nodes for the current kernel.
[[0;32m  OK  [0m] Started Uncomplicated firewall.
[[0;32m  OK  [0m] Started Set console keymap.
[[0;32m  OK  [0m] Started Nameserver information manager.
[[0;32m  OK  [0m] Started LVM2 metadata daemon.
         Starting Create Static Device Nodes in /dev...
         Mounting FUSE Control File System...
         Starting Apply Kernel Variables...
         Starting Initial cloud-init job (pre-networking)...
         Starting Load/Save Random Seed...
         Starting udev Coldplug all Devices...
         Starting Flush Journal to Persistent Storage...
[[0;32m  OK  [0m] Mounted FUSE Control File System.
[[0;32m  OK  [0m] Started Create Static Device Nodes in /dev.
[[0;32m  OK  [0m] Started Monitoring of LVM2 mirrors,...ng dmeventd or progress polling.
[[0;32m  OK  [0m] Started Apply Kernel Variables.
[[0;32m  OK  [0m] Started Load/Save Random Seed.
         Starting udev Kernel Device Manager...
[[0;32m  OK  [0m] Started Flush Journal to Persistent Storage.
[[0;32m  OK  [0m] Started udev Coldplug all Devices.
[[0;32m  OK  [0m] Started udev Kernel Device Manager.
[[0;32m  OK  [0m] Reached target Local File Systems (Pre).
[[0;32m  OK  [0m] Reached target Local File Systems.
         Starting Tell Plymouth To Write Out Runtime Data...
         Starting LSB: AppArmor initialization...
         Starting Set console font and keymap...
         Starting Create Volatile Files and Directories...
[[0;32m  OK  [0m] Started Dispatch Password Requests to Console Directory Watch.
[[0;32m  OK  [0m] Started Tell Plymouth To Write Out Runtime Data.
[[0;32m  OK  [0m] Found device /dev/ttyS0.
[[0;32m  OK  [0m] Started Create Volatile Files and Directories.
         Starting Update UTMP about System Boot/Shutdown...
[[0;32m  OK  [0m] Started Update UTMP about System Boot/Shutdown.
[[0;32m  OK  [0m] Found device 82540EM Gigabit Ethern...r (PRO/1000 MT Desktop Adapter).
[[0;32m  OK  [0m] Found device 82540EM Gigabit Ethern...r (PRO/1000 MT Desktop Adapter).
[[0;32m  OK  [0m] Started Set console font and keymap.
[[0;32m  OK  [0m] Listening on Load/Save RF Kill Switch Status /dev/rfkill Watch.
[[0;32m  OK  [0m] Created slice system-getty.slice.
[[0;32m  OK  [0m] Started LSB: AppArmor initialization.
[   59.505337] cloud-init[448]: Cloud-init v. 17.2 running 'init-local' at Thu, 12 Apr 2018 09:15:52 +0000. Up 58.88 seconds.
[[0;32m  OK  [0m] Started Initial cloud-init job (pre-networking).
[[0;32m  OK  [0m] Reached target Network (Pre).
         Starting Raise network interfaces...
[[0;32m  OK  [0m] Started ifup for enp0s8.
[[0;32m  OK  [0m] Started ifup for enp0s3.
[[0;32m  OK  [0m] Started Raise network interfaces.
[[0;32m  OK  [0m] Reached target Network.
         Starting Initial cloud-init job (metadata service crawler)...
[   61.310982] cloud-init[1052]: Cloud-init v. 17.2 running 'init' at Thu, 12 Apr 2018 09:15:54 +0000. Up 60.64 seconds.
[[0;32m  OK  [0m] Started Initial cloud-init job (metadata service crawler).
[[   61.462352] cloud-init[1052]: ci-info: ++++++++++++++++++++++++++++++++++++++Net device info++++++++++++++++++++++++++++++++++++++
[0;32m  OK  [0m] Reached target Cloud-config availability.
[[   61.557851] cloud-init[1052]: ci-info: +--------+------+-----------------------------+---------------+-------+-------------------+
[0;32m  OK  [0m] Reached target Network is Online.
[   61.736911] cloud-init[1052]: ci-info: | Device |  Up  |           Address           |      Mask     | Scope |     Hw-Address    |
[   62.008340] cloud-init[1052]: ci-info: +--------+------+-----------------------------+---------------+-------+-------------------+
[   62.008578] cloud-init[1052]: ci-info: | enp0s3 | True |          10.0.2.15          | 255.255.255.0 |   .   | 02:44:03:e3:22:ab |
         Starting iSCSI initiator daemon (iscsid)...
[   62.008667] cloud-init[1052]: ci-info: | enp0s3 | True |  fe80::44:3ff:fee3:22ab/64  |       .       |  link | 02:44:03:e3:22:ab |
[[0;32m  OK  [0m] Reached target System Initialization.
[   62.201724] cloud-init[1052]: ci-info: | enp0s8 | True |        192.168.10.12        | 255.255.255.0 |   .   | 08:00:27:17:85:ec |
[   62.293572] cloud-init[1052]: ci-info: | enp0s8 | True | fe80::a00:27ff:fe17:85ec/64 |       .       |  link | 08:00:27:17:85:ec |
[   62.293743] cloud-init[1052]: ci-info: |   lo   | True |          127.0.0.1          |   255.0.0.0   |   .   |         .         |
[[0;32m  OK  [0m] Listening on D-Bus System Message Bus Socket.
[   62.293838] cloud-init[1052]: ci-info: |   lo   | True |           ::1/128           |       .       |  host |         .         |
[   62.624918] cloud-init[1052]: ci-info: +--------+------+-----------------------------+---------------+-------+-------------------+
[   62.625112] cloud-init[1052]: ci-info: ++++++++++++++++++++++++++++Route IPv4 info++++++++++++++++++++++++++++
[[0;32m  OK  [0m] Started Daily apt download activities.
[   62.625209] cloud-init[1052]: ci-info: +-------+--------------+----------+---------------+-----------+-------+
[   62.965824] cloud-init[1052]: ci-info: | Route | Destination  | Gateway  |    Genmask    | Interface | Flags |
[   62.966044] cloud-init[1052]: ci-info: +-------+--------------+----------+---------------+-----------+-------+
[[0;32m  OK  [0m] Started Timer to automatically refresh installed snaps.
[[   62.966138] cloud-init[1052]: ci-info: |   0   |   0.0.0.0    | 10.0.2.2 |    0.0.0.0    |   enp0s3  |   UG  |
[0;32m  OK  [0m] Listening on ACPID Listen Socket.
[[   63.065154] cloud-init[1052]: ci-info: |   1   |   10.0.2.0   | 0.0.0.0  | 255.255.255.0 |   enp0s3  |   U   |
[0;32m  OK  [0m] Listening on UUID daemon activation socket.
[[   63.205011] cloud-init[1052]: ci-info: |   2   | 192.168.10.0 | 0.0.0.0  | 255.255.255.0 |   enp0s8  |   U   |
[   63.226149] cloud-init[1052]: ci-info: +-------+--------------+----------+---------------+-----------+-------+
[0;32m  OK  [0m] Started Daily Cleanup of Temporary Directories.
         Starting LXD - unix socket.
         Starting Socket activation for snappy daemon.
[[0;32m  OK  [0m] Started ACPI Events Check.
[[0;32m  OK  [0m] Reached target Paths.
[[0;32m  OK  [0m] Started Daily apt upgrade and clean activities.
[[0;32m  OK  [0m] Reached target Timers.
[[0;32m  OK  [0m] Listening on LXD - unix socket.
[[0;32m  OK  [0m] Listening on Socket activation for snappy daemon.
[[0;32m  OK  [0m] Started iSCSI initiator daemon (iscsid).
         Starting Login to default iSCSI targets...
[[0;32m  OK  [0m] Reached target Sockets.
[[0;32m  OK  [0m] Reached target Basic System.
[[0;32m  OK  [0m] Started FUSE filesystem for LXC.
         Starting System Logging Service...
         Starting Virtualbox guest utils...
         Starting /etc/rc.local Compatibility...
[[0;32m  OK  [0m] Started Regular background program processing daemon.
[[0;32m  OK  [0m] Started Deferred execution scheduler.
         Starting LSB: Record successful boot for GRUB...
         Starting LSB: MD monitoring daemon...
[[0;32m  OK  [0m] Started ACPI event daemon.
         Starting OpenBSD Secure Shell server...
[[0;32m  OK  [0m] Started D-Bus System Message Bus.
         Starting Login Service...
         Starting Snappy daemon...
         Starting Apply the settings specified in cloud-config...
[[0;32m  OK  [0m] Started Unattended Upgrades Shutdown.
         Starting Accounts Service...
         Starting LXD - container startup/shutdown...
[[0;32m  OK  [0m] Started System Logging Service.
[[0;32m  OK  [0m] Started OpenBSD Secure Shell server.
[[0;32m  OK  [0m] Started /etc/rc.local Compatibility.
[[0;32m  OK  [0m] Started Login Service.
[[0;32m  OK  [0m] Started LSB: Record successful boot for GRUB.
[[0;32m  OK  [0m] Started Login to default iSCSI targets.
[[0;32m  OK  [0m] Reached target Remote File Systems (Pre).
[[0;32m  OK  [0m] Reached target Remote File Systems.
         Starting LSB: automatic crash report generation...
         Starting LSB: Apache2 web server...
         Starting LSB: Set the CPU Frequency Scaling governor to "ondemand"...
[   65.976328] cloud-init[1157]: Cloud-init v. 17.2 running 'modules:config' at Thu, 12 Apr 2018 09:15:59 +0000. Up 65.38 seconds.
         Starting LSB: daemon to balance interrupts for SMP systems...
         Starting Permit User Sessions...
[[0;32m  OK  [0m] Started LSB: MD monitoring daemon.
[[0;32m  OK  [0m] Started Apply the settings specified in cloud-config.
[[0;32m  OK  [0m] Started Permit User Sessions.
[[0;32m  OK  [0m] Started LSB: Set the CPU Frequency Scaling governor to "ondemand".
[[0;32m  OK  [0m] Started Virtualbox guest utils.
         Starting Hold until boot process finishes up...
         Starting Terminate Plymouth Boot Screen...
[[0;32m  OK  [0m] Started LSB: automatic crash report generation.
[[0;32m  OK  [0m] Started LSB: daemon to balance interrupts for SMP systems.
[[0;32m  OK  [0m] Started Hold until boot process finishes up.
[[0;32m  OK  [0m] Started Terminate Plymouth Boot Screen.
         Starting Authenticate and Authorize Users to Run Privileged Tasks...
[[0;32m  OK  [0m] Created slice User Slice of ubuntu.
         Starting User Manager for UID 1000...
         Starting Set console scheme...
[[0;32m  OK  [0m] Started Serial Getty on ttyS0.
[[0;32m  OK  [0m] Started Getty on tty1.
[[0;32m  OK  [0m] Reached target Login Prompts.
[[0;32m  OK  [0m] Started Snappy daemon.
[[0;32m  OK  [0m] Started Set console scheme.
[[0;32m  OK  [0m] Started User Manager for UID 1000.
[[0;32m  OK  [0m] Started Authenticate and Authorize Users to Run Privileged Tasks.
[[0;32m  OK  [0m] Started LXD - container startup/shutdown.
[[0;32m  OK  [0m] Started Accounts Service.
[[0;32m  OK  [0m] Started Session 1 of user ubuntu.
[[0;32m  OK  [0m] Started LSB: Apache2 web server.
[[0;32m  OK  [0m] Reached target Multi-User System.
[[0;32m  OK  [0m] Reached target Graphical Interface.
         Starting Update UTMP about System Runlevel Changes...
         Starting Execute cloud user/final scripts...
[[0;32m  OK  [0m] Started Update UTMP about System Runlevel Changes.
[   69.499305] cloud-init[1392]: Cloud-init v. 17.2 running 'modules:final' at Thu, 12 Apr 2018 09:16:03 +0000. Up 69.32 seconds.
[   69.632134] cloud-init[1392]: Cloud-init v. 17.2 finished at Thu, 12 Apr 2018 09:16:03 +0000. Datasource DataSourceNoCloud [seed=/dev/sdb][dsmode=net].  Up 69.49 seconds
[[0;32m  OK  [0m] Started Execute cloud user/final scripts.
         Starting Daily apt download activities...
[[0;32m  OK  [0m] Reached target Cloud-init target.
         Stopping Virtualbox guest utils...
[[0;32m  OK  [0m] Stopped Virtualbox guest utils.

Ubuntu 16.04.4 LTS app01 ttyS0

app01 login: 