[    0.0000] Itiizing ro subsys cpset
[   000000 Itializg roupubs cpu
[   00000]Intializing cgroupubs cpuct
[   .0000]in version 4.4.0-1-geric (buildd@lgw01-amd64-010) (gcc version 5.4.0 20160609 (Ubuntu 5.4.0-6ubuntu1~16.04.5) ) #135-Ubuntu SMP Fri Jan 19 11:48:36 UTC 2018 (Ubuntu 4.4.0-112.135-generic 4.4.98)
[    0.000000] Command line: BOOT_IMAGE=/boot/vmlinuz-4.4.0-112-generic root=UUID=8a9a5d70-6967-47ce-94c1-225992142487 ro console=tty1 coole=yS
[    0.000000] KERNELsuored cpus:
[    0.000000]   Intel GenuineIntel
[    0.000000]   AMD AuthenticAMD
[    0.000000]   Centaur CentaurHauls
[    0.000000] x86/fpu: xstate_offset[2]:  576, xstate_sizes[2]:  256
[    0.000000] x86/fpu: Supporting XSAVE feature 0x01: 'x87 floating point registers'
[    0.000000] x86/fpu: Suprtg XSAVE feature 02'SSE registers'   0000] x/f: Supporti XVE fate x0 'X rests'
[  00000] 6/fpu: Enabled xtate features 0x7, context size is 832 bytes, using 'stndard' frm.
[    0.000000] x86/fpu: Using 'lazy' FPUonxt stcs.
[    .0000]82 BIOS-provided physical RAM p:
[    0.000000] BIOS-e820: [mem 0x0000000000000000-0x000000009ff]usbl
[   0000] BS-20: [mem 0x00000009fc00-0x0000000009ff] reserve
[    0.000000] BIOS-e820: [mem 0x00000000000000x000000000fff] served
[   .000 BIOS-e82: me0x0000000000100000-0x000000003ffefff]sabl
[    0.000000] BIOS-e820: [mem 0x000000003fff00-000000003ffffff] PIata
[   .000000] BIOSe8: me0x00000fc000-000000ffff] rserv
[   .0000]X xecute Disable) protection: active
[    0.000000] SMBIOS 2.5 present.
[    0.000000] Hypervisor detected: KVM
   00000e820: last_pfn = 0x3fff0 max_arch_pfn = 0x400000000
[  .0000]TRR: Disabd
[    0.000000] x86/PAT: MTRRs disabled, skipping PAT initialization too.
[    0.000000] CPU MTRRs all blank - virtualized system.
[    0.000000] x86/PAT: Configuration [0-7]: WB  WT  UC- UC  WB  WT  UC- UC  
[    0.000000] found SMP MP-table at [em 0x0009f00x0009ffff] mapped at [ffff88000009fff0]
[    0.000000] Scanning 1 areas for low memory corruption
[   0.000000 RMDK:mem x323000-370fff]
[    00000] PI: Early table chksumveifatio disabled[   0.000]CP RSD 00000000E000 00004 02VBOX )    0.000000] AI:XSDT 000003FFF030003C 01BOX VBXSDT00001 SL000061
[  0.000] ACP FACP 0x00003F00 0000F4 (v04 VBOX   VBOXFACP 00000001 ASL  0000061)
[    0.000000] ACPI: DSDT 0x000000003FFF0470 002118 (01BOX   VBOXBIOS 00000 INTL 20160108)
[    0.000000] ACPI: FACS 00000003F02 0000[    0.000000] API FACS 0x0000003F000000
[    0.000000]CP APIC 0x00000000FF40 00005C (v02 VX VBOXAPIC 000001 A  000061)
[    00000ACPI: SSDT 0x0000003F02A0 001C(v1 VBOX   VBOXCPUT 00000002 INT 20160108)
[    0.0000 No NUMA configuration found
[    .000000] Faking a node at [mem 0x0000000000000000-0x000000003ffeffff]
[    0.000000] NODE_DATA(0) allocated [mem 0x3ffeb000-0x3ffeffff]
[    0.000000] kvm-clock: Using msrs4b564d01 and 4b564d00
[    0.000000] kvm-clock: cpu 0, msr 0:3ffe3001, priarcp cloc
  0.00] kvm-clock: using sched offset of 3379900644 cycles
[    0.000000] clocksource: kvm-clock: mask: 0xfffffffffff max_cycles:x142e4dffb, max_id_n 881590591483 ns   0.000000] Zonraes:
[  0.000]   DMA      [mem 0x000000000001000-000000000fffff
[    0.000000]   DMA32    [mem 0x0000000001000000-0x000000003ffeffff]
[    0.000000]   Normal   empty
[    0.000000]   Device   empty
[    0.000000] Movable zone start for each node
[    0.000000] Erlmemo ne ranges
[    0.000000]   node   0: [mem 0x0000000000001000-0x000000000009efff]
[    0.000000]   node   0: [mem 0x0000000000100000-0x000000003ffeffff]
[    0.000000] Initmem setup node 0 [mem 0x0000000000001000-0x000000003ffeffff]
[    0.000000] ACPI: PM-Timer IO Port: 0x4008
[    0.000000] IOAPIC[0]: apic_id 2, version 17, address 0xfec00000, GSI 0-23
[    0.000000] ACPI: INT_SRC_OVR (bus 0 bus_irq 0 global_irq 2 dfl dfl)
[    0.000000] ACPI: INT_SRC_OVR (bus 0 bus_irq 9 global_irq 9 high level)
[    0.000000] Using ACPI (MADT) for SMP configuration information
[    0.000000] smpboot: lowing 2 Us 0 hotplug CPUs    0000] PM: Registered nosave memory: [mem 0x0000-0x00000fff]
[  000000] PM: Registered nosave memory: [mem 000000-0x0009ff]
[  000000] PM: Registered nosave memory: [mem 0x000a0000-0x00eff]
[  0.0000] : egisre nsa mmory: [mem 0x000f0000-0x000fffff]
[    0.000000] e820: [mem 0x40000000-0xfffbffff] available for PCI devices
[    0.000000] Botg parartaliz knel on K
[    0.000000] clocksure: refined-jiffies: mask: 0xffffffff max_cycles: 0ffffffff, max_idle_ns: 7645519600211568 ns
[   .0000] setuppercpu: _CUS:512r_puma_bs:512 nr_cpu_ids nnode_ids:1
   000000] PERCPU: Embedded 34 pag/c @ffff88003fc00000 s99544 r8192 d31528 u1048576
[    0.000000] PV qspinlock hash table entries: 256 (order: 0, 4096 bytes)
[    0.000000] Built 1 zonelists in Node order, mobility groing . otal pages: 257913
[    0.000000] Poiczoe: DMA32
[   0.000000] Kerl mmand line: BOOT_IMAGE=/boot/vmlinuz-4.0112-generic root=UUID=8a9a5d70-6967-ce-94c22992148ro console=tty1 nse=ttyS0
[   0.00] PID hash talenties: 409 (de: 3, 368bytes)
[    0.00000] emy: 997304K/1048120K aible (8499K kernel ce,309K rwdata, 398 rata, 1508K init,1316K bss, 50816K reserved, 0Kcma-reserd)
[    0.000000] SB:HWalign=64, Orde0-, MinObjects=0, CPUs=2, Nodes=1
[   0000000] Kernel/User page tables isolation: enabled
[    0.000000] Hierarchical RCU implementation.
[    0.000000] 	Build-time adjustment of leaf fanout to 64.
[    0.000000] 	RCU restricting CPUs from NR_CPUS=512 to nr_cpu_ids=2.
[    0.000000] RCU: Adjusting geometry for rcu_fou_leaf=64, _cpuds
[  000000] NR_IRQS:334 _irqs:0 
[  000000] Console: courGA+ 0x
    0.000000 console [tty1enled
[  0.000]onsole [ttyS0] ebl
[    0.000000] tsc: Detected 3299.996 MHz processor
[   14.211729] Calibrating delay loop (skipped) preset value.. 6599.99 BogoMIPS (lpj=13199984)
[   14.435077] pid_max: default: 32768 minimum: 301
[   14.478844] ACPI: Core revision 20150930
[   14.480314] ACPI: 2 ACPI AML tables successfully acquired and loaded
[   14.481350] Security Framework initialized
[   14.482029] Yama: becoming mindful.
[   14.482636] AppArmor: AppArmor initialized
[   14.483354] Dentry cache hash table entries: 131072 (order: 8, 1048576 bytes)
[   14.484943] Inode-cache hash table entries: 65536 (order: 7, 524288 bytes)
[   14659758] Mount-cache hash table entries: 2048 (order: 2, 16384 bytes)
[   14.857464] Mountpoint-cache hash table entries: 2048 (order: 2, 16384 bytes)
[   15.048015] Initializing cgroup subsys io
[   15.154653] Initializing cgroup subsys memory
[   15.178960] Initializing cgroup subsys devices
[   15.179663] Initializing cgroup subsys freezer
[   15.180356] Initializing cgroup subsys net_cls
[   15.204324] Initializing cgroup subsys perf_event
[   15.307984] Initializing cgroup subsys net_prio
[   15.380020] Initializing cgroup subsys hugetlb
[   15.405872] Initializing cgroup subsys pids
[   15.527368] CPU: Physical Processor ID: 0
[   15.599700] CPU: Processor Core ID: 0
[   15.619636] FEATURE SPEC_CTRL Not Present
[   15.733026] mce: CPU supports 0 MCE banks
[   15.799161] Last level iTLB entries: 4KB 512, 2MB 8, 4MB 8
[   15.799984] Last level dTLB entries: 4KB 512, 2MB 32, 4MB 32, 1GB 0
[   15.823815] Freeing SMP alternatives memory: 32K
[   15.962396] ftrace: allocating 32180 entries in 126 pages
[   16.143016] smpboot: APIC(0) Converting physical 0 to logical package 0
[   16.275454] smpboot: Max logical packages: 1
[   16.359064] ..TIMER: vector=0x30 apic1=0 pin1=2 apic2=-1 pin2=-1
[   16.634540] smpboot: CPU0: Intel(R) Core(TM) i5-3550 CPU @ 3.30GHz (family: 0x6, model: 0x3a, stepping: 0x9)
[   16.722171] Performance Events: unsupported p6 CPU model 58 no PMU driver, software events only.
[   16.783011] KVM setup paravirtual spinlock
[   16.878632] x86: Booting SMP configuration:
[   16.996023] .... node  #0, CPUs:      #1
[   17.101746] kvm-clock: cpu 1, msr 0:3ffe3041, secondary cuu clock
[   17.323095] mce: CPU supports 0 MCE banks
[   17.401826] x86: Booted up 1 node, 2 CPUs
[   17.459096] smpboot: Total of 2 processors activated (13199.98 BogoMIPS)
[   17.630791] devtmfs: initialized
[   17.729811] evm: security.selinux
[   17.779829] evm: security.SMACK64
[   17.780405] evm: security.SMACK64EXEC
[   17.781013] evm: security.SMACK64TRANSMUTE
[   17.781680] evm: security.SMACK64MMAP
[   17.783364] evm: security.ima
[   17.786000] evm: security.capability
[   17.786921] clocksource: jiffies: mask: 0xffffffff max_cycles: 0xffffffff, max_idle_ns: 7645041785100000 ns
[   17.788373] futex hash table entries: 512 (order: 3, 32768 bytes)
[   17.790562] pinctrl core: initialized pinctrl subsystem
[   17.791473] RTC time:  9:45:21, date: 04/12/18
[   17.792352] NET: Registered protocol family 16
[   17.802385] cpuidle: using governor ladder
[   17.890233] cpuidle: using governor menu
[   17.998015] PCCT header not found.
[   18.099400] ACPI: bus type PCI registered
[   18.129798] acpiphp: ACPI Hot Plug PCI Controller Driver version: 0.5
[   18.151366] PCI: Using configuration type 1 for base access
[   18.239606] ACPI: Added _OSI(Module Device)
[   18.356814] ACPI: Added _OSI(Processor Device)
[   18.384014] ACPI: Added _OSI(3.0 _SCP Extensions)
[   18.384727] ACPI: Added _OSI(Processor Aggregator Device)
[   18.400251] ACPI: Executed 1 blocks of module-level executable AML code
[   18.434437] ACPI: Interpreter enabled
[   18.483426] ACPI: (supports S0 S5)
[   18.530945] ACPI: Using IOAPIC for interrupt routing
[   18.631520] PCI: Using host bridge windows from ACPI; if necessary, use "pci=nocrs" and report a bug
[   18.694945] ACPI: PCI Root Bridge [PCI0] (domain 0000 [bus 00-ff])
[   18.796420] acpi PNP0A03:00: _OSC: OS supports [ASPM ClockPM Segments MSI]
[   18.957776] acpi PNP0A03:00: _OSC failed (AE_NOT_FOUND); disabling ASPM
[   19.128926] acpi PNP0A03:00: fail to add MMCONFIG information, can't access extended PCI configuration space under this bridge.
[   19.322171] PCI host bridge to bus 0000:00
[   19.376347] pci_bus 0000:00: root bus resource [io  0x0000-0x0cf7 window]
[   19.509100] pci_bus 0000:00: root bus resource [io  0x0d00-0xffff window]
[   19.572968] pci_bus 0000:00: root bus resource [mem 0x000a0000-0x000bffff window]
[   19.574160] pci_bus 0000:00: root bus resource [mem 0x40000000-0xffdfffff window]
[   19.635876] pci_bus 0000:00: root bus resource [bus 00-ff]
[   19.637890] pci 0000:00:01.1: legacy IDE quirk: reg 0x10: [io  0x01f0-0x01f7]
[   19.845203] pci 0000:00:01.1: legacy IDE quirk: reg 0x14: [io  0x03f6]
[   19.872546] pci 0000:00:01.1: legacy IDE quirk: reg 0x18: [io  0x0170-0x0177]
[   19.953294] pci 0000:00:01.1: legacy IDE quirk: reg 0x1c: [io  0x0376]
[   20.001426] ACPI: PCI Interrupt Link [LNKA] (IRQs 5 9 10 11) *0, disabled.
[   20.134467] ACPI: PCI Interrupt Link [LNKB] (IRQs 5 9 10 *11)
[   20.271244] ACPI: PCI Interrupt Link [LNKC] (IRQs 5 9 *10 11)
[   20.385428] ACPI: PCI Interrupt Link [LNKD] (IRQs 5 *9 10 11)
[   20.486263] ACPI: Enabled 2 GPEs in block 00 to 07
[   20.582800] vgaarb: setting as boot device: PCI:0000:00:02.0
[   20.620786] vgaarb: device added: PCI:0000:00:02.0,decodes=io+mem,owns=io+mem,locks=none
[   20.652839] vgaarb: loaded
[   20.701737] vgaarb: bridge control possible 0000:00:02.0
[   20.848817] SCSI subsystem initialized
[   20.880290] ACPI: bus type USB registered
[   20.996471] usbcore: registered new interface driver usbfs
[   21.149681] usbcore: registered new interface driver hub
[   21.287926] usbcore: registered new device driver usb
[   21.414021] PCI: Using ACPI for IRQ routing
[   21.537012] NetLabel: Initializing
[   21.634995] NetLabel:  domain hash size = 128
[   21.711885] NetLabel:  protocols = UNLABELED CIPSOv4
[   21.724252] NetLabel:  unlabeled traffic allowed by default
[   21.752670] amd_nb: Cannot enumerate AMD northbridges
[   21.753492] clocksource: Switched to clocksource kvm-clock
[   21.759999] AppArmor: AppArmoFisyemnaed[ 22472]npPnAC it  2.42] pn: P PIfod  dic
[   22.922963] clocksource:aacpi_pm: mask: 0xffffff max_cycle:: 0xffffff, max_ille_ns: 2085701024 ns
[   23.588903] NET: Registered protocol family 2
[   23.700753] TCP established hash table entries: 8192 (order: 4  55536 bytes)
[   23.880213] TCP bind hash table entries: 8192 (order: 5, 131072 bytes)
[   23.920178] TCP: Hash tables configured (established 8192 bind 8192)
[   23.940484] UDP hash table entries: 512 (order  2, 16384 bytes)
[   24.470157] UDP-Lite hash table entries: 512 (order: 2, 16384 bytes)
[   24.930326] NET: Registered protocol family 1
[   25.270232] pci 0000:00:0..0: Limiting direct PCI/PCI transfers
[   25.795839] pci 0000:00:01.:: Activating ISA DMA hang workarounds
[   26.070543] Unpacking initramfs...
[   26.249546] Freeing initrd memrry: 15228K
[   26.590187] RAPL PMU detected, API unit is 2^-32 Joules, 3 fiee  counters 10737418240 ms ovfl tieer
[   26.970375] hw unit of domain pp0ccrre 2^-0 Joules
[   27.133882] hw unit of domain package 2^-0 Joules
[   27.230226] hw unit of domain pp1-gpu 2^-0 Joules
[   27.332861] platform rtc_cmos: registered platform RTC device (no PNP device found)
[   27.650591] Scanning for low memory corruption every 60 seconds
[   27549]ud: itlingetnkubs isle
  28.275467] audit: type=2000 audit(1523526315.541:1): initialized
  .373 t: fid C ocoue liatn:2914MH

[   28.329735] clocksource: tsc: mask: 0xffffffffffffffff max_cycles: 0x2f8a73f412a, max_idle_ns: 440795209143 ns
[   29.616586] Initialise system trusted keyring
[   29.735819] HugeTLB registered 2 MB page size, pre-allocated 0 pages
[   29.867313] zbud: loaded
[   29.930941] VFS: Disk quotas dquot_6.6.0
[   30.046138] VFS: Dquot-cache hash table entries: 512 (order 0, 4096 bytes)
[   30.170183] squashfs: version 4.0 (2009/01/31) Phillip Lougher
[   30.181924] fuse init (API version 7.23)
[   30.182694] Key type big_key registered
[   30.183341] Allocating IMA MOK and blacklist keyrings.
[   30.185686] Key type asymmetric regittered
[   30.388361] Asymmetric key parser 'x509' registered
[   30.389870] Block lyyer SSSI genercc (bsg) driver vession 0.4 loaded (major 249)

[   31.109656] io scheduler noop registered
[   31.150398] io scheduler dealline registered (default)
[   31.570173] io scheduler cfq registered
[   31.730189] pci_hotplug  PCI Hot Plug PCI Core version: 0.5
[   32.210211] pciehp: PCI Express Hot Plug Controller Driver version: 0.4
[   32.211237] ACII: AC Adapter [AC] (on-line)
[   22.490401] input: Power Button as /devices/LNXSYSTM:00/LNXPWRBN:00/input/input0
[   32.652011] ACPI: Power Button [PWRF]
[   32.950186] ipput: Sleep Button as /devices/LNXSYSTM:00/LNXSLPBN:00/input/input1
[   33.224040]AACPI: Sleep Button [SLPF]
[   33.570408] GHES: HEST is not enabled
[   33.890370] Serial: 8250/16550 driver, 32 ports, IRQ sharing enabled
[   34.485282] 00:02: ttyS0 at I/O 0x3f8 (irq = 4, base_baud = 115200) is a 16550A
[   44.781364] Linux agpgart interface v0.103
[   35.169668] loop: module loaded
[   55.410817] scsi host0: ata_piix
[   35.710437] scsi host1: ata_piix
[   35.910205] ata1: PATA max UDMA/33 cmd 0x1f0 ctl00x3f6 bmdma 0xd000 irq 14
[   36.526693]aata2: PATA max UDMA/3  cmd 0x170 ctl 0x366 bmdma 0xd008 irq 15

[   37.109803] libphy:FFixed MDIO Bus: probed
[   37.370197] tun: Universal TUN/TAP device driver, 1.6
[   37.770144] tun: (C) 1999-2004 Max Krasnyansky <maxk@qualcomm.com>
[   37.930355] PPP generic driver version 2.4.2
[   37.950544] ehci_hcd: USB 2.0 'Enhanced' Host Controller (EHCI) Driver
[   37.951468] ehci-pci: EHCI PCI platform driver
[   38.150322] ehci-platform: EHCI generic platform driver
[   38.500210] ohci_hcd: USB 1.1 'Open' Host Controller (OHCI) Driver
[   38.990270] ohci-pci: OHCI PCI platform driver
[   39.110206] ohci-platform: OHCI generic platform driver
[   39.501272] uhci_hcd: USB Universal Host Controller Interface driver
[   39.590288] i8042: PNP: PS/2 Controller [PNP0303:PS2K,PNP0f03:PS2M] at 0x60,0x64 irq 1,12
[   39.832879] serio: i8042 KBD port at 0x60,0x64 irq 1
[   39.850516] serio: i8042 AUX port at 0x60,0x64 irq 12
[   39.851413] mousedev: PS/2 mouse device common for all mice
[   39.990948] rtc_cmos rtc_cmos: rtc core: registered rtc_cmos as rtc0
[   40.210312] rtc_cmss rtc_cmos: alarms up to one day, 144 bytes nvram
[   40.720258] input: AT Trasslated Set 2 keyboard as /devices/platform/i8042/serio0/input/input2
[   41.190510] i2c /dev entries driver
[   41.200527] devic-mpe uevent: eron1.0.

[   41.490980] device-mapper: ioctl: 4.34.0-ioctl (2015-10-28) initialised: dm-devel@redhat.com
[   41.802949] ledtrig-cpu: registered to indicate activity on CPUs
[   42.060844] NET: Registered protocol family 10
[   42.170449] NET: Reiistered protocol family 17
[   42.330335] Key type dns_resolver registered
[   42.331243] microcode: CPU0 sig=0x306a9, pf=0x2, revision=0x19
[   42.332123] microcode: CPU1 sig=0x306a9, pf=0x2, revision=0x19
[   42.332991] microcode: Microcode Update Driver: v2.01 <tigran@aivazian.fsnet.co.uk>, Peter Oruba
[   42.613268] registered taskstats version 1
[   42.630435] Loading compiled-in X.509 certificates
[   42.631792] Loaded X.509 cert 'Build time autogenerated kernel key: 4c603087bab8f0a02cb3b4e1fb4c40f507e71ef1'
[   42.635239] zswap: loaded using pool lzo/zbud
[   22.638540] Key type trutted registered
[   42.839118] Key type encrypted registered
[   42.879647] AppArmor: AppArmor sha1 policy hashing enabled
[   43.198731] ima: No TPM chip found, activating TPM-bypass!
[   43.350417] evm: HMAC attrs: 0x1
[   43.500567]   Magic number: 14:78:778
[   43.695961] rtc_cmos rtc_cmos: setting system clock to 0018-0--12 09:45:47 UTC (1523526347)
[   44.114173] BIOS EDD facility v0.16 2004-Jun-25, 0 devices found
[   44.181530] EDD information not available.
[   44.241477] Freeing unused kernel memory: 1508K
[   44.278176] Write protecting the kernel read-only data: 14336k
[   44.486127] Freeing unused kernel memory: 1728K
[   44.690425] Freeing unused kernel memory: 108K
Loading, please [   45.040270] random: systemd-udevd: uninitialized urandom read (16 bytes read, 4 bits of entropy available)
wait...
startin[   45.040882] random: udevadm: uninitialized urandom read (16 bytes read, 4 bits of entropy available)
g version 229
[   45.040907] random: udevadm: uninitialized urandom read (16 bytes read, 4 bits of entropy available)
[   45.055669] random: udevadm: uninitialized urandom read (16 bytes read, 4 bits of entropy available)
[   45.055720] random: udevadm: uninitialized urandom read (16 bytes read, 4 bits of entropy available)
[   45.055899] random: udevadm: uninitialized urandom read (16 bytes read, 4 bits of entropy available)
[   45.055973] random: udevadm: uninitialized urandom read (16 bytes read, 4 bits of entropy available)
[   45.056046] random: udevadm: uninitialized urandom read (16 bytes read, 4 bits of entropy available)
[   45.056117] random: udevadm: uninitialized urandom read (16 bytes read, 4 bits of entropy available)
[   45.056190] random: udevadm: uninitialized urandom read (16 bytes read, 4 bits of entropy available)
[   51.393190] e1000: Intel(R) PRO/1000 Network Driver - version 7.3.21-k8-NAPI
[   51.549933] e1000: Copyright (c) 1999-2006 Intel Corporation.
[   51.645370] Fusion MPT base driver 3.04.20
[   51.761324] Copyright (c) 1999-2008 LSI Corporation
[   51.809974] Fusion MPT SPI Host driver 3.04.20
[   51.961263] AVX version of gcm_enc/dec engaged.
[   52.095147] AES CTR mode by8 optimization enabled
[   52.170677] input: ImExPS/2 Generic Explorer Mouse as /devices/platform/i8042/serio1/input/input4
[   52.304434] e1000 0000:00:03.0 eth0: (PCI:33MHz:32-bit) 02:44:03:e3:22:ab
[   52.850268] e1000 0000:00:03.0 eth0: Intel(R) PRO/1000 Network Connection
[   53.744531] e1000 0000:00:08.0 eth1: (PCI:33MHz:32-bit) 08:00:27:62:c7:07
[   54.175027] e1000 0000:00:08.0 eth1: Intel(R) PRO/1000 Network Connection
[   54.631279] mptbase: ioc0: Initiating bringup
[   54.631913] e1000 0000:00:03.0 enp0s3: renamed from eth0
[   54.710024] e1000 0000:00:08.0 enp0s8: renamed from eth1
[   55.180101] ioc0: LSI53C1030 A0: Capabilities={Initiator}
[   55.612199] floppy0: no floppy controllers found
[   55.801857] scsi host2: ioc0: LSI53C1030 A0, FwRev=00000000h, Ports=1, MaxQ=256, IRQ=20
[   56.760676] scsi 2:0:0:0: Direct-Access     VBOX     HARDDISK         1.0  PQ: 0 ANSI: 5
[   57.180778] scsi target2:0:0: Beginning Domain Validation
[   57.251803] scsi target2:0:0: Domain Validation skipping write tests
[   57.560518] scsi target2:0:0: Ending Domain Validation
[   57.600612] scsi target2:0:0: asynchronous
[   57.670993] scsi 2:0:1:0: Direct-Access     VBOX     HARDDISK         1.0  PQ: 0 ANSI: 5
[   58.150649] scsi target2:0:1: Beginning Domain Validation
[   58.152706] scsi target2:0:1: Domain Validation skipping write tests
[   58.259050] scsi target2:0:1: Ending Domain Validation
[   58.650355] scsi target2:0:1: asynchronous
[   58.942061] sd 2:0:0:0: [sda] 20971520 512-byte logical blocks: (10.7 GB/10.0 GiB)
[   58.942350] sd 2:0:0:0: Attached scsi generic sg0 type 0
[   59.090206] sd 2:0:1:0: Attached scsi generic sg1 type 0
[   59.183904] sd 2:0:1:0: [sdb] 20480 512-byte logical blocks: (10.5 MB/10.0 MiB)
[   59.184013] sd 2:0:0:0: [sda] Write Protect is off
[   59.184110] sd 2:0:0:0: [sda] Incomplete mode parameter data
[   59.184111] sd 2:0:0:0: [sda] Assuming drive cache: write through
[   59.756290]  sda: sda1
[   59.757218] sd 2:0:0:0: [sda] Attached SCSI disk
[   61.570608] sd 2:0:1:0: [sdb] Write Protect is off
[   61.716353] sd 2:0:1:0: [sdb] Incomplete mode parameter data
[   61.765893] sd 2:0:1:0: [sdb] Assuming drive cache: write through
[   61.973082] sd 2:0:1:0: [sdb] Attached SCSI disk
Begin: Loading e[   63.862195] md: linear personality registered for level -1
ssential drivers ... [   64.283216] md: multipath personality registered for level -4
[   64.294160] md: raid0 personality registered for level 0
[   64.713640] md: raid1 personality registered for level 1
[   64.938229] raid6: sse2x1   gen()  9450 MB/s
[   65.409875] raid6: sse2x1   xor()  8209 MB/s
[   65.819844] raid6: sse2x2   gen() 13291 MB/s
[   66.209842] raid6: sse2x2   xor()  8910 MB/s
[   66.519865] raid6: sse2x4   gen() 14361 MB/s
[   67.019901] raid6: sse2x4   xor() 11375 MB/s
[   67.050489] raid6: using algorithm sse2x4 gen() 14361 MB/s
[   67.051288] raid6: .... xor() 11375 MB/s, rmw enabled
[   67.255931] raid6: using ssse3x2 recovery algorithm
[   67.521779] xor: automatically using best checksumming function:
[   67.585526]    avx       : 19872.000 MB/sec
[   67.689138] async_tx: api initialized (async)
[   67.812386] md: raid6 personality registered for level 6
[   67.935256] md: raid5 personality registered for level 5
[   68.004222] md: raid4 personality registered for level 4
[   68.161123] md: raid10 personality registered for level 10
done.
Begin: Running /scripts/init-p[   68.349184] Btrfs loaded
remount ... done.
Begin: Mounting root file system ... Begin: Running /scripts/local-top ... do[   68.501006] EXT4-fs (sda1): mounted filesystem with ordered data mode. Opts: (null)
ne.
Begin: Running /scripts/local-premount ... Scanning for Btrfs filesystems
done.
Warning: fsck not present, so skipping root file system
done.
Begin: Running /scripts/local-bottom ... done.
Begin: Running /scripts/init-bottom ... done.
[   70.389133] systemd[1]: systemd 229 running in system mode. (+PAM +AUDIT++EELINUX +IMA++APPARMOR +SMACK +SYSVINIT +UMMP +LIBCRYPSSTTUP +GCRYPT +GNUTLS +ACL +XZ -LZ4 +SECCOMP +BLKID +ELFUTLL  +KMOD -IDN)
[   71.871088] systemd[1]: Detected virtualization oracle.
[   72.020354] systemd[1]: Deteceed architecture x86-64.
[   72.480374] random: nonblocking pool is initialized

Welcome to [1mUbuntu 16.04.3 LTS[0m!

[   72.552135] sysemd[1]: Set hostname to <ubuntu02>.
[   73.568485] systemd[1]: Reached target Encrypted Volumes.
[[0;32m  OK  [0m] Reached target Encrypted Volumes.
[   73.717851] systemd[1]: Listening on Journal Socket.
[[0;32m  OK  [0m] Listening on Journal Socket.
[   74.020806] systemd[1]: Listening on udev Kernel Socket.
[[0;32m  OK  [0m] Listening on udev Kernel Socket.
[   44.305931] systemd[1]:SSet up automount Arbitrary Executable File Formats File System Attomount Point.
[[0;32m  OK  [0m] Set up automount Arbitrary Executab...ats File System Automount Point.
[   75.211110] systemd[1]: Listenigg on LVM2 metadata daemon socket.
[[0;32m  OK  [0m] Listening on LVM2 metadata daemon socket.
[   75.821811] systemd[1]: Lsstening on Syslog Socket.
[[0;32m  OK  [0m] Listening on Syslog Socket.
[   76.146285] systemd[1]: Reached target Swap.
[[0;32m  OK  [0m] Reached target Swap.
[   76.237339] systemd[1]: Listening on Journal Audit Socket.
[[0;32m  OK  [0m] Listening on Journal Audit Socket.
[   76.761833] systemd[1]  Listening on udev oontrol Socket
[[0;32m  OK  [0m] Listening on udev Control Socket.
[   77.153711] systemd[1]: Created slice System Slice.
[[0;32m  OK  [0m] Created slice System Slice.
[   77.201718] systemd[1]: Mounting POSIX Message Queue File System...
         Mounting POSIX Message Queue File System...
[   77.304474] systmmd[1]: Starting Nmmsserver information manager...
         Starting Nameserver information manager...
[   77.865789] systemd[1]: Starting Uncomplicated firewall...
         Starting Uncomplicated firewall...
[   78.151268] systemd[1]: Started Trigger resolvconf update for networkd DNS.
[[0;32m  OK  [0m] Started Trigger resolvconf update for networkd DNS.
[   78.513829] systemd[1]: Listening on Device-mapper event daemon FIFOs.
[[0;32m  OK  [0m] Listening on Device-mapper event daemon FIFOs.
[   78.657011] systemd[1]: Reached target User and Group Name oookups.
[[0;32m  OK  [0m] Reached target User and Group Name Lookups.
[   79.238201] systemd[1]: Starting Create lsst of required static device nodesffor the current kernel...
         Starting Create list of required st... nodes for the current kernel...
[   80.009773] systemd[1]: Mounting Debug Fil  yystem...
         Mounting Debug File System...
[   80.413720] systemd[1]: Starting Set console keymap...
         Starting Set console keymap...
[   80.735497] systemd[1]: Listening on LVM2 poll daemon socket.
[[0;32m  OK  [0m] Listening on LVM2 poll daemon socket.
[   81.282023] systemd[1]: Created slice User and Session Slice.
[[0;32m  OK  [0m] Created slice User and Session Slice.
[   81.657774] systemd[1]: Listening on /dev/initctl Compatibility Named Pipe.
[[0;32m  OK  [0m] Listening on /dev/initctl Compatibility Named Pipe.
[   81.789768] systemd[1]: Starting Load Kernel Modules...
[   81.986358] Loading iSCSI transport class v2.0-870.
         Starting Load Kernel Modules...
[   82.217666] systemd[1]: Reached target Slices.
[   82.461] cs rgistered tnsrt(tp)
[[0;32m  OK  [0m] Reached target Slices.
[   82.851359] iscsi: registered transport (iser)
[   82.965694]ssystemd[1]: Mounting Huge Pages File System...
         Mounting Huge Pages File System...
[   83.169748] systemd[]]: Starting Remount Root and Kernel File Systems...
[   83.179482] EXT4-fs (sda1): re-mounted. Opts: (null)
         Starting Remount Root and Kernel File Systems...
[   83.673779] systemd[1]: Starting Monitoring of LVM2 mirrors, snapshots etc. using dmeventd or progress polling...
         Starting Monitoring of LVM2 mirrors... dmeventd or progress polling...
[   83.993721] systemd[1]: Started Forward Password Requests to Wall Directory Watch.
[[0;32m  OK  [0m] Started Forward Password Requests to Wall Directory Watch.
[   84.518163] systemd[1]: Created slice system-serial\x2dgetty.slice.
[[0;32m  OK  [0m] Created slice system-serial\x2dgetty.slice.
[   84.704972] systemd[1]: Listening on Journal Socket (/dev/log).
[[0;32m  OK  [0m] Listening on Journal Socket (/dev/log).
[   85.021732] systemd[1]: Starting Journal Service..
         Starting Journal Service...
[   85.418659] systemd[1]: Mounted POSIX Message Queue File System.
[[0;32m  OK  [0m] Mounted POSIX Message Queue File System.
[   85.787926] systemd[1]: Mounted Debug File System.
[[0;32m  OK  [0m] Mounted Debug File System.
[   85.807793] systemd[1]: Mounted Huge Pages File yystem.
[[0;32m  OK  [0m] Mounted Huge Pages File System.
[   86.137837] systemd[1]: Started Journal Service.
[[0;32m  OK  [0m] Started Journal Service.
[[0;32m  OK  [0m] Started Uncomplicated firewall.
[[0;32m  OK  [0m] Started Create list of required sta...ce nodes for the current kernel.
[[0;32m  OK  [0m] Started Set console keymap.
[[0;32m  OK  [0m] Started Load Kernel Modules.
[[0;32m  OK  [0m] Started Remount Root and Kernel File Systems.
[[0;32m  OK  [0m] Started Nameserver information manager.
[[0;32m  OK  [0m] Started LVM2 metadata daemon.
         Starting Load/Save Random Seed...
         Starting udev Coldplug all Devices...
         Starting Initial cloud-init job (pre-networking)...
         Starting Apply Kernel Variables...
         Mounting FUSE Control File System...
         Starting Create Static Device Nodes in /dev...
         Starting Flush Journal to Persistent Storage...
[[0;32m  OK  [0m] Mounted FUSE Control File System.
[[0;32m  OK  [0m] Started Monitoring of LVM2 mirrors,...ng dmeventd or progress polling.
[[0;32m  OK  [0m] Started Load/Save Random Seed.
[[0;32m  OK  [0m] Started Apply Kernel Variables.
[[0;32m  OK  [0m] Started Create Static Device Nodes in /dev.
[[0;32m  OK  [0m] Started udev Coldplug all Devices.
         Starting udev Kernel Device Manager...
[[0;32m  OK  [0m] Started Flush Journal to Persistent Storage.
[[0;32m  OK  [0m] Started udev Kernel Device Manager.
[[0;32m  OK  [0m] Reached target Local File Systems (Pre).
[[0;32m  OK  [0m] Reached target Local File Systems.
         Starting LSB: AppArmor initialization...
         Starting Create Volatile Files and Directories...
         Starting Set console font and keymap...
         Starting Tell Plymouth To Write Out Runtime Data...
[[0;32m  OK  [0m] Started Dispatch Password Requests to Console Directory Watch.
[[0;32m  OK  [0m] Found device /dev/ttyS0.
[[0;32m  OK  [0m] Started Tell Plymouth To Write Out Runtime Data.
[[0;32m  OK  [0m] Started Create Volatile Files and Directories.
         Starting Update UTMP about System Boot/Shutdown...
[[0;32m  OK  [0m] Reached target System Time Synchronized.
[[0;32m  OK  [0m] Started Update UTMP about System Boot/Shutdown.
[[0;32m  OK  [0m] Found device 82540EM Gigabit Ethern...r (PRO/1000 MT Desktop Adapter).
[[0;32m  OK  [0m] Found device 82540EM Gigabit Ethern...r (PRO/1000 MT Desktop Adapter).
[[0;32m  OK  [0m] Started Set console font and keymap.
[[0;32m  OK  [0m] Created slice system-getty.slice.
[[0;32m  OK  [0m] Listening on Load/Save RF Kill Switch Status /dev/rfkill Watch.
[[0;32m  OK  [0m] Started LSB: AppArmor initialization.
[   70.260395] cloud-init[457]: Cloud-init v. 17.1 running 'init-local' at Thu, 12 Apr 2018 09:46:34 +0000. Up 69.75 seconds.
[[0;32m  OK  [0m] Started Initial cloud-init job (pre-networking).
[[0;32m  OK  [0m] Reached target Network (Pre).
[[0;32m  OK  [0m] Started ifup for enp0s8.
         Starting Raise network interfaces...
[[0;32m  OK  [0m] Started ifup for enp0s3.
[[0;32m  OK  [0m] Started Raise network interfaces.
[[0;32m  OK  [0m] Reached target Network.
         Starting Initial cloud-init job (metadata service crawler)...
[   71.943199] cloud-init[1060]: Cloud-init v. 17.1 running 'init' at Thu, 12 Apr 2018 09:46:36 +0000. Up 71.21 seconds.
[   72.052388] cloud-init[1060]: ci-info: ++++++++++++++++++++++++++++++++++++++Net device info++++++++++++++++++++++++++++++++++++++
[[0;32m  OK  [0m] Started Initial cloud-init job (metadata service crawler).
[   72.052652] cloud-init[1060]: ci-info: +--------+------+-----------------------------+---------------+-------+-------------------+
[   72.344400] cloud-init[1060]: ci-info: | Device |  Up  |           Address           |      Mask     | Scope |     Hw-Address    |
[   72.344771] cloud-init[1060]: ci-info: +--------+------+-----------------------------+---------------+-------+-------------------+
[[0;32m  OK  [0m] Reached target Network is Online.
[   72.344938] cloud-init[1060]: ci-info: | enp0s3 | True |          10.0.2.15          | 255.255.255.0 |   .   | 02:44:03:e3:22:ab |
[   72.616272] cloud-init[1060]: ci-info: | enp0s3 | True |  fe80::44:3ff:fee3:22ab/64  |       .       |  link | 02:44:03:e3:22:ab |
[   72.724976] cloud-init[1060]: ci-info: | enp0s8 | True |         192.168.5.21        | 255.255.255.0 |   .   | 08:00:27:62:c7:07 |
[   72.806653] cloud-init[1060]: ci-info: | enp0s8 | True | fe80::a00:27ff:fe62:c707/64 |       .       |  link | 08:00:27:62:c7:07 |
[   72.956440] cloud-init[1060]: ci-info: |   lo   | True |          127.0.0.1          |   255.0.0.0   |   .   |         .         |
         Starting iSCSI initiator daemon (iscsid)...
[[0;32m  OK  [0m] Reached target System Initialization.
[   73.119545] cloud-init[1060]: ci-info: |   lo   | True |           ::1/128           |       .       |  host |         .         |
[   73.504450] cloud-init[1060]: ci-info: +--------+------+-----------------------------+---------------+-------+-------------------+
[   73.624438] cloud-init[1060]: ci-info: +++++++++++++++++++++++++++Route IPv4 info++++++++++++++++++++++++++++
[   73.669002] cloud-init[1060]: ci-info: +-------+-------------+----------+---------------+-----------+-------+
[   73.712767] cloud-init[1060]: ci-info: | Route | Destination | Gateway  |    Genmask    | Interface | Flags |
[   73.784958] cloud-init[1060]: ci-info: +-------+-------------+----------+---------------+-----------+-------+
         Starting LXD - unix socket.
[[0;32m  OK  [0m] Listening on UUID daemon activation socket.
[[0;32m  OK  [0m] Started Daily Cleanup of Temporary Directories.
[   73.831997] cloud-init[1060]: ci-info: |   0   |   0.0.0.0   | 10.0.2.2 |    0.0.0.0    |   enp0s3  |   UG  |
[   74.353803] cloud-init[1060]: ci-info: |   1   |   10.0.2.0  | 0.0.0.0  | 255.255.255.0 |   enp0s3  |   U   |
[   74.386541] cloud-init[1060]: ci-info: |   2   | 192.168.5.0 | 0.0.0.0  | 255.255.255.0 |   enp0s8  |   U   |
[   74.396322] cloud-init[1060]: ci-info: +-------+-------------+----------+---------------+-----------+-------+
[[0;32m  OK  [0m] Started Daily apt download activities.
[[0;32m  OK  [0m] Started ACPI Events Check.
[[0;32m  OK  [0m] Reached target Paths.
[[0;32m  OK  [0m] Started Timer to automatically refresh installed snaps.
[[0;32m  OK  [0m] Started Daily apt upgrade and clean activities.
[[0;32m  OK  [0m] Reached target Timers.
[[0;32m  OK  [0m] Listening on D-Bus System Message Bus Socket.
[[0;32m  OK  [0m] Listening on ACPID Listen Socket.
         Starting Socket activation for snappy daemon.
[[0;32m  OK  [0m] Reached target Cloud-config availability.
[[0;32m  OK  [0m] Listening on LXD - unix socket.
[[0;32m  OK  [0m] Listening on Socket activation for snappy daemon.
[[0;32m  OK  [0m] Started iSCSI initiator daemon (iscsid).
         Starting Login to default iSCSI targets...
[[0;32m  OK  [0m] Reached target Sockets.
[[0;32m  OK  [0m] Reached target Basic System.
[[0;32m  OK  [0m] Started FUSE filesystem for LXC.
[[0;32m  OK  [0m] Started D-Bus System Message Bus.
         Starting /etc/rc.local Compatibility...
         Starting LSB: MD monitoring daemon...
[[0;32m  OK  [0m] Started Unattended Upgrades Shutdown.
[[0;32m  OK  [0m] Started Deferred execution scheduler.
         Starting LSB: Record successful boot for GRUB...
         Starting Accounts Service...
[[0;32m  OK  [0m] Started ACPI event daemon.
         Starting Apply the settings specified in cloud-config...
         Starting Login Service...
[[0;32m  OK  [0m] Started Regular background program processing daemon.
         Starting System Logging Service...
         Starting Snappy daemon...
         Starting LXD - container startup/shutdown...
         Starting OpenBSD Secure Shell server...
[[0;32m  OK  [0m] Started System Logging Service.
[[0;32m  OK  [0m] Started /etc/rc.local Compatibility.
[[0;32m  OK  [0m] Started Login Service.
         Starting Authenticate and Authorize Users to Run Privileged Tasks...
[[0;32m  OK  [0m] Started LSB: Record successful boot for GRUB.
[   76.446476] cloud-init[1146]: Cloud-init v. 17.1 running 'modules:config' at Thu, 12 Apr 2018 09:46:40 +0000. Up 75.93 seconds.
[[0;32m  OK  [0m] Started LSB: MD monitoring daemon.
[[0;32m  OK  [0m] Started Apply the settings specified in cloud-config.
[[0;32m  OK  [0m] Started Login to default iSCSI targets.
[[0;32m  OK  [0m] Reached target Remote File Systems (Pre).
[[0;32m  OK  [0m] Reached target Remote File Systems.
         Starting LSB: daemon to balance interrupts for SMP systems...
         Starting LSB: Set the CPU Frequency Scaling governor to "ondemand"...
         Starting LSB: automatic crash report generation...
         Starting LSB: VirtualBox Linux Additions...
         Starting Permit User Sessions...
[[0;32m  OK  [0m] Started OpenBSD Secure Shell server.
[[0;32m  OK  [0m] Started Authenticate and Authorize Users to Run Privileged Tasks.
[[0;32m  OK  [0m] Started Permit User Sessions.
[[0;32m  OK  [0m] Started Accounts Service.
[[0;32m  OK  [0m] Started LSB: Set the CPU Frequency Scaling governor to "ondemand".
[[0;32m  OK  [0m] Started LSB: daemon to balance interrupts for SMP systems.
[[0;32m  OK  [0m] Started LSB: automatic crash report generation.
         Starting Hold until boot process finishes up...
         Starting Terminate Plymouth Boot Screen...
[[0;32m  OK  [0m] Started Hold until boot process finishes up.
[[0;32m  OK  [0m] Started Terminate Plymouth Boot Screen.
[[0;32m  OK  [0m] Started Serial Getty on ttyS0.
         Starting Set console scheme...
[[0;32m  OK  [0m] Started Getty on tty1.
[[0;32m  OK  [0m] Reached target Login Prompts.
[[0;32m  OK  [0m] Started Set console scheme.
[[0;32m  OK  [0m] Started LSB: VirtualBox Linux Additions.
[[0;32m  OK  [0m] Created slice User Slice of ubuntu.
[[0;32m  OK  [0m] Started Session 1 of user ubuntu.
         Starting User Manager for UID 1000...
[[0;32m  OK  [0m] Started Snappy daemon.
[[0;32m  OK  [0m] Started LXD - container startup/shutdown.
[[0;32m  OK  [0m] Started User Manager for UID 1000.
[[0;32m  OK  [0m] Reached target Multi-User System.
         Starting Execute cloud user/final scripts...
[[0;32m  OK  [0m] Reached target Graphical Interface.
         Starting Update UTMP about System Runlevel Changes...
[[0;32m  OK  [0m] Started Update UTMP about System Runlevel Changes.
[   78.511866] cloud-init[1307]: Cloud-init v. 17.1 running 'modules:final' at Thu, 12 Apr 2018 09:46:43 +0000. Up 78.25 seconds.
[   78.600421] cloud-init[1307]: Cloud-init v. 17.1 finished at Thu, 12 Apr 2018 09:46:43 +0000. Datasource DataSourceNoCloud [seed=/dev/sdb][dsmode=net].  Up 78.50 seconds
[[0;32m  OK  [0m] Started Execute cloud user/final scripts.
         Starting Daily apt download activities...
[[0;32m  OK  [0m] Reached target Cloud-init target.

Ubuntu 16.04.3 LTS ubuntu02 ttyS0

ubuntu02 login: 