[   .000000]Initalzi cro sbsys pus
[    0.0000 Iitilizngcgrp ubs cpu[   0.000] Itializng grou subss puacct
[  0.0000 Lin vsion .40-01-enric(bldd@cy-amd4-6)(gcc vesin .4. 216060 (butu 5..0-6ubunu1~1.04.5) )#124-Ubunu P Fri Nov 1 18:299 UTC 217(Ubutu4.4-11.14-neric.4.95)
    0.00000] Command line: BOT_IMAGE=/bot/vmlinuz-4.4.0-101-geeric root=LABEL=cloudimg-rootfs ro console=ty conso=ttyS0
  0.000000] KERNL upprt cus:
[   0.00000]  ItelGeineIntel
[   000000]   MDuthencAMD
[  0.0000  enauur CentaurHauls
[    0.000000] x86/fpu: xstate_offset[2]:  576, xstate_sizes[2]:  256
[    0.000000] x86/fpu: Supporting XSAVE feature 0x01: 'x87 floating point registers'
[    0.000000] x86/fpu: Supporting XSAVE feature 0x02: 'SSE registers'
[    0.000000] x86/fpu: Supporting XSAVE feature 0x04: 'AVX registers'
[    0.000000] x86/fpu: Enabled xstate features 0x7, context size is 832 bytes, using 'standard' format.
[    0.000000] x86/fpu: Using 'lazy' FPU context switches.
[    0.000000] e820: BIOS-provided physical RAM map:
[    0.000000] BIOS-e820: [mem 0x0000000000000000-0x000000000009fbff] usable
[    0.000000] BIOS-e820: [mem 0x000000000009fc00-0x000000000009ffff] reserved
[    0.000000] BIOS-e820: [mem 0x00000000000f0000-0x00000000000fffff] reserved
[    0.000000] BIOS-e820: [mem 0x0000000000100000-0x000000003ffeffff] usable
[    0.000000] BIOS-e820: [mem 0x000000003fff0000-0x000000003fffffff] ACPI data
[    0.000000] BIOS-e820: [mem 0x00000000fffc0000-0x00000000ffffffff] reserved
[    0.000000] NX (Execute Disable) protection: active
[    0.000000] SMBIOS 2.5 present.
[    0.000000] Hypervisor detected: KVM
[    0.000000] e820: last_pfn = 0x3fff0 max_arch_pfn = 0x400000000
[    0.000000] MTRR: Disabled
[    0.000000] x86/PAT: MTRRs disabled, skipping PAT initialization too.
[    0.000000] CPU MTRRs all blank - virtualized system.
[    0.000000] x86/PAT: Configuration [0-7]: WB  WT  UC- UC  WB  WT  UC- UC  
[    0.000000] found SMP MP-table at [mem 0x0009fff0-0x0009ffff] mapped at [ffff88000009fff0]
[    0.000000] Scanning 1 areas for low memory corruption
[    0.000000] RAMDISK: [mem 0x36abc000-0x37555fff]
[    0.000000] ACPI: Early table checksum verification disabled
[    0.000000] ACPI: RSDP 0x00000000000E0000 000024 (v02 VBOX  )
[    0.000000] ACPI: XSDT 0x000000003FFF0030 00003C (v01 VBOX   VBOXXSDT 00000001 ASL  00000061)
[    0.000000] ACPI: FACP 0x000000003FFF00F0 0000F4 (v04 VBOX   VBOXFACP 00000001 ASL  00000061)
[    0.000000] ACPI: DSDT 0x000000003FFF0470 002118 (v01 VBOX   VBOXBIOS 00000002 INTL 20160108)
[    0.000000] ACPI: FACS 0x000000003FFF0200 000040
[    0.000000] ACPI: FACS 0x000000003FFF0200 000040
[    0.000000] ACPI: APIC 0x000000003FFF0240 00005C (v02 VBOX   VBOXAPIC 00000001 ASL  00000061)
[    0.000000] ACPI: SSDT 0x000000003FFF02A0 0001CC (v01 VBOX   VBOXCPUT 00000002 INTL 20160108)
[    0.000000] No NUMA configuration found
[    0.000000] Faking a node at [mem 0x0000000000000000-0x000000003ffeffff]
[    0.000000] NODE_DATA(0) allocated [mem 0x3ffeb000-0x3ffeffff]
[    0.000000] kvm-clock: Using msrs 4b564d01 and 4b564d00
[    0.000000] kvm-clock: cpu 0, msr 0:3ffe3001, primary cpu clock
[    0.000000] kvm-clock: using sched offset of 15897823842 cycles
[    0.000000] clocksource: kvm-clock: mask: 0xffffffffffffffff max_cycles: 0x1cd42e4dffb, max_idle_ns: 881590591483 ns
[    0.000000] Zone ranges:
[    0.000000]   DMA      [mem 0x0000000000001000-0x0000000000ffffff]
[    0.000000]   DMA32    [mem 0x0000000001000000-0x000000003ffeffff]
[    0.000000]   Normal   empty
[    0.000000]   Device   empty
[    0.000000] Movable zone start for each node
[    0.000000] Early memory node ranges
[    0.000000]   node   0: [mem 0x0000000000001000-0x000000000009efff]
[    0.000000]   node   0: [mem 0x0000000000100000-0x000000003ffeffff]
[    0.000000] Initmem setup node 0 [mem 0x0000000000001000-0x000000003ffeffff]
[    0.000000] ACPI: PM-Timer IO Port: 0x4008
[    0.000000] IOAPIC[0]: apic_id 2, version 17, address 0xfec00000, GSI 0-23
[    0.000000] ACPI: INT_SRC_OVR (bus 0 bus_irq 0 global_irq 2 dfl dfl)
[    0.000 ACP: T_SRC_OVR(bs  busir 9lol_ir 9igh lel
[  .00000] sin API (MAD) orMPconfigutin infomaion
[  0.0000]smpboot: Alowg 2CPUs, 0 hoplug CPUs
[    0.000000] PM: Registered nosave memory: [me0x000000-x00000fff
[  0.00000] PM Registered osveemry: [mem 0x0009f000-0x00ffff]
[   0.000000]PM: egistred noave mmory: [me 0x000000-0x000eff][    000000 P: egistered nosav memory: [em 0x000f000-0x00fffff]
[  00000] e82: [m 040000-0xfffff] avilable fo PCI devices
[    0.000000] Booting paravirtualized kernel on KVM
[    0.000000] clocksource: refined-jiffies: mask: 0xffffffff max_cycles: 0xffffffff, max_idle_ns: 7645519600211568 ns
[    0.000000] setup_percpu: NR_CPUS:512 nr_cpumask_bts12 n_cu_s: n_ne_s:1
    0.0000PECPU Eeded 4 ages/pu@fff88003fc000 s98288192 d274 1057
[   0.000] PV qspinochash tableenries:56(order: 0 40 bytes)
[   00000Buil1 onlis  Node rdr, mobility grouping on.  Total pages: 257913
[    0.000000] Policy zone: DMA32
[    0.000000] Kernell coma lin: BOOIMAGE=/boot/vmlinuz-4.40-101-generc oot=AB=cloumgrootfroconsol=ty1 consolttS0
[   .000000] IDhash bl entries: 4096 (order: 3, 32768 bytes)
[    0.000000] Memory: 1001708K/1048120K available (8484K kernel code, 1294K rwdata, 3988K rodata, 1492K init, 1316K bss, 46412K reserved, 0K cma-reserved)
[    0.000000] SLUB: HWalign=64, Order=0-3, MinObjects=0, CPUs=2, Nodes=1
[    0.000000] Hierarchical RCU implementation.
[    0.000000] 	Build-time adjustment of leaf fanout to 64.
[    0.0000] 	RCU restricting CPUs from NR_CPUS=512 to nr_cpu_ids=2.
[    0.000000] RCU: Adjusting geometry for rcu_fanout_leaf=64, nr_cpu_ids=2
[    0.000000] NR_IRQS:33024 nr_irqs:440 16
[    0.000000] Console: colour VGA+ 80x25
[    0.000000] console [tty1] enabled
[    0.000000] console [ttyS0] enabled[    0.000000] tsc: Detected 3299.954 MHz processor
[    9.840717] Calibrating delay loop (skipped) preset value.. 6599.90 BogoMIPS (lpj=13199816)
[    9.843110] pid_max: default: 32768 minimum: 301
[    9.846140] ACPI: Core revision 20150930
[    9.854227] ACPI: 2 ACPI AML tables successfully acquired and loaded
[    9.942358] Security Framework initialized
[   10.012560] Yama: becoming mindful.
[   10.043358] AppArmor: AppArmor initialized
[   10.044623] Dentry cache hash table entries: 131072 (order: 8, 1048576 bytes)
[   10.048146] Inode-cache hash table entries: 65536 (order: 7, 524288 bytes)
[   10.050956] Mount-cache hash table entries: 2048 (order: 2, 16384 bytes)
[   10.054750] Mountpoint-cache hash table entries: 2048 (order: 2, 16384 bytes)
[   10.056986] Initializing cgroup subsys io
[   10.058363] Initializing cgroup subsys memory
[   10.060961] Initializing cgroup subsys devices
[   10.062492] Initializing cgroup subsys freezer
[   10.064053] Initializing cgroup subsys net_cls
[   10.065303] Initializing cgroup subsys perf_event
[   10.066840] Initializing cgroup subsys net_prio
[   10.068388] Initializing cgroup subsys hugetlb
[   10.070020] Initializing cgroup subsys pids
[   10.075373] CPU: Physical Processor ID: 0
[   10.077074] CPU: Processor Core ID: 0
[   10.133245] mce: CPU supports 0 MCE banks
[   10.193644] Last level iTLB entries: 4KB 512, 2MB 8, 4MB 8
[   10.230390] Last level dTLB entries: 4KB 512, 2MB 32, 4MB 32, 1GB 0
[   10.270064] Freeing SMP alternatives memory: 32K
[   10.371672] ftrace: allocating 32156 entries in 126 pages
[   10.512640] smpboot: APIC(0) Converting physical 0 to logical package 0
[   10.551030] smpboot: Max logical packages: 1
[   10.561747] ..TIMER: vector=0x30 apic1=0 pin1=2 apic2=-1 pin2=-1
[   10.681527] APIC calibration not consistent with PM-Timer: 103ms instead of 100ms
[   10.823313] APIC delta adjusted to PM-Timer: 6250026 (6461682)
[   10.904590] smpboot: CPU0: Intel(R) Core(TM) i5-3550 CPU @ 3.30GHz (family: 0x6, model: 0x3a, stepping: 0x9)
[   11.118588] Performance Events: unsupported p6 CPU model 58 no PMU driver, software events only.
[   11.133874] KVM setup paravirtual spinlock
[   11.136123] x86: Booting SMP configuration:
[   11.137402] .... node  #0, CPUs:      #1
[   11.151999] kvm-clock: cpu 1, msr 0:3ffe3041, secondary cpu clock
[   11.154980] mce: CPU supports 0 MCE banks
[   11.165722] x86: Booted up 1 node, 2 CPUs
[   11.167753] smpboot: Total of 2 processors activated (13199.81 BogoMIPS)
[   11.170660] devtmpfs: initialized
[   11.180872] evm: security.selinux
[   11.182018] evm: security.SMACK64
[   11.183084] evm: security.SMACK64EXEC
[   11.184145] evm: security.SMACK64TRANSMUTE
[   11.185568] evm: security.SMACK64MMAP
[   11.190337] evm: security.ima
[   11.192982] evm: security.capability
[   11.202464] clocksource: jiffies: mask: 0xffffffff max_cycles: 0xffffffff, max_idle_ns: 7645041785100000 ns
[   11.208844] futex hash table entries: 512 (order: 3, 32768 bytes)
[   11.215853] pinctrl core: initialized pinctrl subsystem
[   11.266384] RTC time: 13:55:21, date: 02/19/18
[   11.282328] NET: Registered protocol family 16
[   11.304300] cpuidle: using governor ladder
[   11.352575] cpuidle: using governor menu
[   11.406704] PCCT header not found.
[   11.441568] ACPI: bus type PCI registered
[   11.502622] acpiphp: ACPI Hot Plug PCI Controller Driver version: 0.5
[   11.620408] PCI: Using configuration type 1 for base access
[   11.766725] ACPI: Added _OSI(Module Device)
[   11.773703] ACPI: Added _OSI(Processor Device)
[   11.775392] ACPI: Added _OSI(3.0 _SCP Extensions)
[   11.783431] ACPI: Added _OSI(Processor Aggregator Device)
[   11.792527] ACPI: Executed 1 blocks of module-level executable AML code
[   11.800635] ACPI: Interpreter enabled
[   11.802259] ACPI: (supports S0 S5)
[   11.812120] ACPI: Using IOAPIC for interrupt routing
[   11.819357] PCI: Using host bridge windows from ACPI; if necessary, use "pci=nocrs" and report a bug
[   11.834883] ACPI: PCI Root Bridge [PCI0] (domain 0000 [bus 00-ff])
[   11.837389] acpi PNP0A03:00: _OSC: OS supports [ASPM ClockPM Segments MSI]
[   11.840263] acpi PNP0A03:00: _OSC failed (AE_NOT_FOUND); disabling ASPM
[   11.870760] acpi PNP0A03:00: fail to add MMCONFIG information, can't access extended PCI configuration space under this bridge.
[   11.889854] PCI host bridge to bus 0000:00
[   11.891595] pci_bus 0000:00: root bus resource [io  0x0000-0x0cf7 window]
[   11.894398] pci_bus 0000:00: root bus resource [io  0x0d00-0xffff window]
[   11.897685] pci_bus 0000:00: root bus resource [mem 0x000a0000-0x000bffff window]
[   11.901626] pci_bus 0000:00: root bus resource [mem 0x40000000-0xffdfffff window]
[   11.906157] pci_bus 0000:00: root bus resource [bus 00-ff]
[   11.933318] pci 0000:00:01.1: legacy IDE quirk: reg 0x10: [io  0x01f0-0x01f7]
[   11.935102] pci 0000:00:01.1: legacy IDE quirk: reg 0x14: [io  0x03f6]
[   11.937359] pci 0000:00:01.1: legacy IDE quirk: reg 0x18: [io  0x0170-0x0177]
[   11.941590] pci 0000:00:01.1: legacy IDE quirk: reg 0x1c: [io  0x0376]
[   11.993537] ACPI: PCI Interrupt Link [LNKA] (IRQs 5 9 10 11) *0, disabled.
[   12.001554] ACPI: PCI Interrupt Link [LNKB] (IRQs 5 9 10 *11)
[   12.008121] ACPI: PCI Interrupt Link [LNKC] (IRQs 5 9 *10 11)
[   12.013609] ACPI: PCI Interrupt Link [LNKD] (IRQs 5 *9 10 11)
[   12.020438] ACPI: Enabled 2 GPEs in block 00 to 07
[   12.024919] vgaarb: setting as boot device: PCI:0000:00:02.0
[   12.052273] vgaarb: device added: PCI:0000:00:02.0,decodes=io+mem,owns=io+mem,locks=none
[   12.057441] vgaarb: loaded
[   12.059443] vgaarb: bridge control possible 0000:00:02.0
[   12.063707] SCSI subsystem initialized
[   12.068355] ACPI: bus type USB registered
[   12.071851] usbcore: registered new interface driver usbfs
[   12.075274] usbcore: registered new interface driver hub
[   12.079674] usbcore: registered new device driver usb
[   12.084037] PCI: Using ACPI for IRQ routing
[   12.086091] NetLabel: Initializing
[   12.087855] NetLabel:  domain hash size = 128
[   12.089915] NetLabel:  protocols = UNLABELED CIPSOv4
[   12.092297] NetLabel:  unlabeled traffic allowed by default
[   12.095427] amd_nb: Cannot enumerate AMD northbridges
[   12.110612] clocksource: Switched to clocksource kvm-clock
[   12.123426] AppArmor: AppArmor Filesystem Enabled
[   12.124728] pnp: PnP ACPI init
[   12.127168] pnp: PnP ACPI: found 3 devices
[   12.138633] clocksource: acpi_pm: mask: 0xffffff max_cycles: 0xffffff, max_idle_ns: 2085701024 ns
[   12.140948] NET: Registered protocol family 2
[   12.142856] TCP established hash table entries: 8192 (order: 4, 65536 bytes)
[   12.144569] TCP bind hash table entries: 8192 (order: 5, 131072 bytes)
[   12.146996] TCP: Hash tables configured (established 8192 bind 8192)
[   12.149072] UDP hash table entries: 512 (order: 2, 16384 bytes)
[   12.150559] UDP-Lite hash table entries: 512 (order: 2, 16384 bytes)
[   12.152427] NET: Registered protocol family 1
[   12.153616] pci 0000:00:00.0: Limiting direct PCI/PCI transfers
[   12.155114] pci 0000:00:01.0: Activating ISA DMA hang workarounds
[   12.159108] Unpacking initramfs...
[   16.660383] Freeing initrd memory: 10856K
[   16.662351] RAPL PMU detected, API unit is 2^-32 Joules, 3 fixed counters 10737418240 ms ovfl timer
[   16.675209] hw unit of domain pp0-core 2^-0 Joules
[   16.679739] hw unit of domain package 2^-0 Joules
[   16.681000] hw unit of domain pp1-gpu 2^-0 Joules
[   16.683065] platform rtc_cmos: registered platform RTC device (no PNP device found)
[   16.688988] Scanning for low memory corruption every 60 seconds
[   16.703734] audit: initializing netlink subsys (disabled)
[   16.735230] audit: type=2000 audit(1519048532.096:1): initialized
[   16.737711] Initialise system trusted keyring
[   16.740977] HugeTLB registered 2 MB page size, pre-allocated 0 pages
[   16.755477] zbud: loaded
[   16.757140] VFS: Disk quotas dquot_6.6.0
[   16.760862] VFS: Dquot-cache hash table entries: 512 (order 0, 4096 bytes)
[   16.765645] squashfs: version 4.0 (2009/01/31) Phillip Lougher
[   16.768523] fuse init (API version 7.23)
[   16.770288] Key type big_key registered
[   16.779564] Allocating IMA MOK and blacklist keyrings.
[   16.794827] Key type asymmetric registered
[   16.796453] Asymmetric key parser 'x509' registered
[   16.798188] Block layer SCSI generic (bsg) driver version 0.4 loaded (major 249)
[   16.812744] io scheduler noop registered
[   16.815925] io scheduler deadline registered (default)
[   16.819751] io scheduler cfq registered
[   16.820941] pci_hotplug: PCI Hot Plug PCI Core version: 0.5
[   16.823509] pciehp: PCI Express Hot Plug Controller Driver version: 0.4
[   16.826763] ACPI: AC Adapter [AC] (on-line)
[   16.827933] input: Power Button as /devices/LNXSYSTM:00/LNXPWRBN:00/input/input0
[   16.829964] ACPI: Power Button [PWRF]
[   16.831089] input: Sleep Button as /devices/LNXSYSTM:00/LNXSLPBN:00/input/input1
[   16.839573] ACPI: Sleep Button [SLPF]
[   16.841547] GHES: HEST is not enabled!
[   16.845957] Serial: 8250/16550 driver, 32 ports, IRQ sharing enabled
[   16.885434] 00:02: ttyS0 at I/O 0x3f8 (irq = 4, base_baud = 115200) is a 16550A
[   16.945494] Linux agpgart interface v0.103
[   16.956759] loop: module loaded
[   16.959618] scsi host0: ata_piix
[   16.967029] scsi host1: ata_piix
[   16.969051] ata1: PATA max UDMA/33 cmd 0x1f0 ctl 0x3f6 bmdma 0xd000 irq 14
[   16.981794] ata2: PATA max UDMA/33 cmd 0x170 ctl 0x376 bmdma 0xd008 irq 15
[   16.985220] libphy: Fixed MDIO Bus: probed
[   16.986675] tun: Universal TUN/TAP device driver, 1.6
[   16.988496] tun: (C) 1999-2004 Max Krasnyansky <maxk@qualcomm.com>
[   16.991087] PPP generic driver version 2.4.2
[   16.992828] ehci_hcd: USB 2.0 'Enhanced' Host Controller (EHCI) Driver
[   16.995249] ehci-pci: EHCI PCI platform driver
[   16.996984] ehci-platform: EHCI generic platform driver
[   16.999292] ohci_hcd: USB 1.1 'Open' Host Controller (OHCI) Driver
[   17.001515] ohci-pci: OHCI PCI platform driver
[   17.003270] ohci-platform: OHCI generic platform driver
[   17.010078] uhci_hcd: USB Universal Host Controller Interface driver
[   17.013716] i8042: PNP: PS/2 Controller [PNP0303:PS2K,PNP0f03:PS2M] at 0x60,0x64 irq 1,12
[   17.019851] serio: i8042 KBD port at 0x60,0x64 irq 1
[   17.023039] serio: i8042 AUX port at 0x60,0x64 irq 12
[   17.027956] mousedev: PS/2 mouse device common for all mice
[   17.030701] input: AT Translated Set 2 keyboard as /devices/platform/i8042/serio0/input/input2
[   17.038426] rtc_cmos rtc_cmos: rtc core: registered rtc_cmos as rtc0
[   17.041374] rtc_cmos rtc_cmos: alarms up to one day, 114 bytes nvram
[   17.045530] i2c /dev entries driver
[   17.047932] device-mapper: uevent: version 1.0.3
[   17.054161] device-mapper: ioctl: 4.34.0-ioctl (2015-10-28) initialised: dm-devel@redhat.com
[   17.057451] ledtrig-cpu: registered to indicate activity on CPUs
[   17.073990] NET: Registered protocol family 10
[   17.079675] NET: Registered protocol family 17
[   17.082559] Key type dns_resolver registered
[   17.087300] microcode: CPU0 sig=0x306a9, pf=0x2, revision=0x19
[   17.094375] microcode: CPU1 sig=0x306a9, pf=0x2, revision=0x19
[   17.100897] microcode: Microcode Update Driver: v2.01 <tigran@aivazian.fsnet.co.uk>, Peter Oruba
[   17.105833] registered taskstats version 1
[   17.114297] Loading compiled-in X.509 certificates
[   17.124870] Loaded X.509 cert 'Build time autogenerated kernel key: f91c6829a34a801956ec6287af569c0a1f1f8d39'
[   17.128780] zswap: loaded using pool lzo/zbud
[   17.140625] Key type trusted registered
[   17.145925] Key type encrypted registered
[   17.147524] AppArmor: AppArmor sha1 policy hashing enabled
[   17.149525] ima: No TPM chip found, activating TPM-bypass!
[   17.151806] evm: HMAC attrs: 0x1
[   17.153562]   Magic number: 6:671:938
[   17.156295] rtc_cmos rtc_cmos: setting system clock to 2018-02-19 13:55:27 UTC (1519048527)
[   17.159809] BIOS EDD facility v0.16 2004-Jun-25, 0 devices found
[   17.161492] EDD information not available.
[   17.184696] Freeing unused kernel memory: 1492K
[   17.186617] Write protecting the kernel read-only data: 14336k
[   17.192503] Freeing unused kernel memory: 1744K
[   17.195127] Freeing unused kernel memory: 108K
Loading, please wait...
starting version 229
[   17.318843] random: udevadm: uninitialized urandom read (16 bytes read, 2 bits of entropy available)
[   17.321554] random: systemd-udevd: uninitialized urandom read (16 bytes read, 2 bits of entropy available)
[   17.321624] random: systemd-udevd: uninitialized urandom read (16 bytes read, 2 bits of entropy available)
[   17.321635] random: systemd-udevd: uninitialized urandom read (16 bytes read, 2 bits of entropy available)
[   17.321647] random: systemd-udevd: uninitialized urandom read (16 bytes read, 2 bits of entropy available)
[   17.336066] random: udevadm: uninitialized urandom read (16 bytes read, 2 bits of entropy available)
[   17.351111] random: systemd-udevd: uninitialized urandom read (16 bytes read, 2 bits of entropy available)
[   17.361182] random: systemd-udevd: uninitialized urandom read (16 bytes read, 2 bits of entropy available)
[   17.371749] random: systemd-udevd: uninitialized urandom read (16 bytes read, 2 bits of entropy available)
[   17.374168] random: udevadm: uninitialized urandom read (16 bytes read, 2 bits of entropy available)
[   17.686660] tsc: Refined TSC clocksource calibration: 3302.417 MHz
[   17.689057] clocksource: tsc: mask: 0xffffffffffffffff max_cycles: 0x2f9a3772183, max_idle_ns: 440795244284 ns
[   17.838379] e1000: Intel(R) PRO/1000 Network Driver - version 7.3.21-k8-NAPI
[   17.840946] e1000: Copyright (c) 1999-2006 Intel Corporation.
[   17.841356] Fusion MPT base driver 3.04.20
[   17.841357] Copyright (c) 1999-2008 LSI Corporation
[   18.048880] AVX version of gcm_enc/dec engaged.
[   18.061236] AES CTR mode by8 optimization enabled
[   18.084314] input: ImExPS/2 Generic Explorer Mouse as /devices/platform/i8042/serio1/input/input4
[   18.106993] Fusion MPT SPI Host driver 3.04.20
[   19.184994] e1000 0000:00:03.0 eth0: (PCI:33MHz:32-bit) 02:44:03:e3:22:ab
[   19.204425] e1000 0000:00:03.0 eth0: Intel(R) PRO/1000 Network Connection
[   21.038454] floppy0: no floppy controllers found
[   21.114471] e1000 0000:00:08.0 eth1: (PCI:33MHz:32-bit) 08:00:27:ee:ab:df
[   21.532305] e1000 0000:00:08.0 eth1: Intel(R) PRO/1000 Network Connection
[   21.914782] mptbase: ioc0: Initiating bringup
[   21.914981] e1000 0000:00:08.0 enp0s8: renamed from eth1
[   22.311441] e1000 0000:00:03.0 enp0s3: renamed from eth0
[   22.502547] ioc0: LSI53C1030 A0: Capabilities={Initiator}
[   22.926235] scsi host2: ioc0: LSI53C1030 A0, FwRev=00000000h, Ports=1, MaxQ=256, IRQ=20
[   23.231308] scsi 2:0:0:0: Direct-Access     VBOX     HARDDISK         1.0  PQ: 0 ANSI: 5
[   23.241243] scsi target2:0:0: Beginning Domain Validation
[   23.247361] scsi target2:0:0: Domain Validation skipping write tests
[   23.249975] scsi target2:0:0: Ending Domain Validation
[   23.257699] scsi target2:0:0: asynchronous
[   23.263772] scsi 2:0:1:0: Direct-Access     VBOX     HARDDISK         1.0  PQ: 0 ANSI: 5
[   23.270200] scsi target2:0:1: Beginning Domain Validation
[   23.395959] scsi target2:0:1: Domain Validation skipping write tests
[   23.399840] scsi target2:0:1: Ending Domain Validation
[   23.405614] scsi target2:0:1: asynchronous
[   23.444690] sd 2:0:0:0: Attached scsi generic sg0 type 0
[   23.448003] sd 2:0:0:0: [sda] 20971520 512-byte logical blocks: (10.7 GB/10.0 GiB)
[   23.456735] sd 2:0:0:0: [sda] Write Protect is off
[   23.460718] sd 2:0:1:0: [sdb] 20480 512-byte logical blocks: (10.5 MB/10.0 MiB)
[   23.464302] sd 2:0:1:0: [sdb] Write Protect is off
[   23.466234] sd 2:0:1:0: [sdb] Incomplete mode parameter data
[   23.472795] sd 2:0:1:0: [sdb] Assuming drive cache: write through
[   23.474364] sd 2:0:1:0: Attached scsi generic sg1 type 0
[   23.482821] sd 2:0:0:0: [sda] Incomplete mode parameter data
[   23.485201] sd 2:0:0:0: [sda] Assuming drive cache: write through
[   23.557694]  sda: sda1
[   23.562496] sd 2:0:1:0: [sdb] Attached SCSI disk
[   23.568876] sd 2:0:0:0: [sda] Attached SCSI disk
Begin: Loading essential drivers ... [   26.083245] md: linear personality registered for level -1
[   26.144293] md: multipath personality registered for level -4
[   26.171410] md: raid0 personality registered for level 0
[   26.195978] md: raid1 personality registered for level 1
[   26.298502] raid6: sse2x1   gen()  6675 MB/s
[   26.366718] raid6: sse2x1   xor()  5122 MB/s
[   26.435362] raid6: sse2x2   gen()  4717 MB/s
[   26.506780] raid6: sse2x2   xor()  1240 MB/s
[   26.578548] raid6: sse2x4   gen()  5842 MB/s
[   26.654986] raid6: sse2x4   xor()  5851 MB/s
[   26.657830] raid6: using algorithm sse2x1 gen() 6675 MB/s
[   26.659937] raid6: .... xor() 5122 MB/s, rmw enabled
[   26.661979] raid6: using ssse3x2 recovery algorithm
[   26.686385] xor: automatically using best checksumming function:
[   26.726673]    avx       : 16125.000 MB/sec
[   26.731809] async_tx: api initialized (async)
[   26.777284] md: raid6 personality registered for level 6
[   26.788040] md: raid5 personality registered for level 5
[   26.792463] md: raid4 personality registered for level 4
[   26.839772] md: raid10 personality registered for level 10
done.
Begin: Running /scripts/init-premount ... done.
Begin: Mounting root file system ... Begin: Running /scripts/local-top ... done.
Begin: Running /scripts/local-premount ... [   26.982924] Btrfs loaded
Scanning for Btrfs filesystems
done.
Warning: fsck not present, so skipping root file system
[   28.378899] EXT4-fs (sda1): mounted filesystem with ordered data mode. Opts: (null)
done.
Begin: Running /scripts/local-bottom ... done.
Begin: Running /scripts/init-bottom ... done.
[   28.886778] random: nonblocking pool is initialized
[   29.363875] systemd[1]: systemd 229 running in system mode. (+PAM +AUDIT +SELINUX +IMA +APPARMOR +SMACK +SYSVINIT +UTMP +LIBCRYPTSETUP +GCRYPT +GNUTLS +ACL +XZ -LZ4 +SECCOMP +BLKID +ELFUTILS +KMOD -IDN)
[   29.743973] systemd[1]: Detected virtualization oracle.
[   29.785789] systemd[1]: Detected architecture x86-64.

Welcome to [1mUbuntu 16.04.3 LTS[0m!

[   29.952614] systemd[1]: Set hostname to <ubuntu>.
[   30.193598] systemd[1]: Initializing machine ID from random generator.
[   30.342727] systemd[1]: Installed transient /etc/machine-id file.
[   31.015779] systemd[1]: Listening on Device-mapper event daemon FIFOs.
[[0;32m  OK  [0m] Listening on Device-mapper event daemon FIFOs.
[   31.083368] systemd[1]: Reached target Encrypted Volumes.
[[0;32m  OK  [0m] Reached target Encrypted Volumes.
[   31.222641] systemd[1]: Listening on /dev/initctl Compatibility Named Pipe.
[[0;32m  OK  [0m] Listening on /dev/initctl Compatibility Named Pipe.
[   31.370577] systemd[1]: Listening on udev Control Socket.
[[0;32m  OK  [0m] Listening on udev Control Socket.
[   31.532260] systemd[1]: Listening on Journal Audit Socket.
[[0;32m  OK  [0m] Listening on Journal Audit Socket.
[   31.627242] systemd[1]: Listening on Syslog Socket.
[[0;32m  OK  [0m] Listening on Syslog Socket.
[   31.776937] systemd[1]: Reached target User and Group Name Lookups.
[[0;32m  OK  [0m] Reached target User and Group Name Lookups.
[   32.034644] systemd[1]: Listening on udev Kernel Socket.
[[0;32m  OK  [0m] Listening on udev Kernel Socket.
[   32.214582] systemd[1]: Reached target Swap.
[[0;32m  OK  [0m] Reached target Swap.
[   32.278645] systemd[1]: Started Forward Password Requests to Wall Directory Watch.
[[0;32m  OK  [0m] Started Forward Password Requests to Wall Directory Watch.
[   32.309006] systemd[1]: Started Trigger resolvconf update for networkd DNS.
[[0;32m  OK  [0m] Started Trigger resolvconf update for networkd DNS.
[   32.329273] systemd[1]: Listening on LVM2 poll daemon socket.
[[0;32m  OK  [0m] Listening on LVM2 poll daemon socket.
[   32.346686] systemd[1]: Listening on Journal Socket (/dev/log).
[[0;32m  OK  [0m] Listening on Journal Socket (/dev/log).
[   32.367752] systemd[1]: Listening on Journal Socket.
[[0;32m  OK  [0m] Listening on Journal Socket.
[   32.376319] systemd[1]: Created slice System Slice.
[[0;32m  OK  [0m] Created slice System Slice.
[   32.394609] systemd[1]: Starting Create list of required static device nodes for the current kernel...
         Starting Create list of required st... nodes for the current kernel...
[   32.403944] systemd[1]: Starting Set console keymap...
         Starting Set console keymap...
[   32.435099] systemd[1]: Starting Nameserver information manager...
         Starting Nameserver information manager...
[   32.473887] systemd[1]: Mounting Huge Pages File System...
         Mounting Huge Pages File System...
[   32.638471] systemd[1]: Starting Remount Root and Kernel File Systems...
         Starting Remount Root and Kernel File Systems...
[   32.646114] systemd[1]: Starting Uncomplicated firewall...
         Starting Uncomplicated firewall...
[   32.718612] systemd[1]: Starting Journal Service...
         Starting Journal Service...
[   32.866575] systemd[1]: Mounting POSIX Message Queue File System...
[   32.969408] EXT4-fs (sda1): re-mounted. Opts: (null)
         Mounting POSIX Message Queue File System...
[   33.116106] systemd[1]: Created slice system-serial\x2dgetty.slice.
[[0;32m  OK  [0m] Created slice system-serial\x2dgetty.slice.
[   33.386589] systemd[1]: Starting Load Kernel Modules...
         Starting Load Kernel Modules...
[   33.586563] systemd[1]: Mounting Debug File System...
         Mounting Debug File System...
[   33.605231] systemd[1]: Listening on LVM2 metadata daemon socket.
[[0;32m  OK  [0m] Listening on LVM2 metadata daemon socket.
[   33.616065] systemd[1]: Starting Monitoring of LVM2 mirrors, snapshots etc. using dmeventd or progress polling...
         Starting Monitoring of LVM2 mirrors... dmeventd or progress polling...
[   33.635200] systemd[1]: Created slice User and Session Slice.
[[0;32m  OK  [0m] Created slice User and Session Slice.
[   33.644424] systemd[1]: Reached target Slices.
[   33.648774] Loading iSCSI transport class v2.0-870.
[[0;32m  OK  [0m] Reached target Slices.
[   33.653688] systemd[1]: Set up automount Arbitrary Executable File Formats File System Automount Point.
[[0;32m  OK  [0m] Set up automount Arbitrary Executab...ats File System Automount Point.
[   33.703358] systemd[1]: Mounted POSIX Message Queue File System.
[[0;32m  OK  [0m] Mounted POSIX Message Queue File System.
[   33.729735] systemd[1]: Mounted Debug File System.
[[0;32m  OK  [0m] Mounted Debug File System.
[   33.743685] iscsi: registered transport (tcp)
[   33.748883] systemd[1]: Mounted Huge Pages File System.
[[0;32m  OK  [0m] Mounted Huge Pages File System.
[   33.766943] systemd[1]: Started Journal Service.
[[0;32m  OK  [0m] Started Journal Service.
[[0;32m  OK  [0m] Started Create list of required sta...ce nodes for the current kernel.
[[0;32m  OK  [0m] Started Set console keymap.
[[0;32m  OK  [0m] Started Remount Root and Kernel File Systems.
[[0;32m  OK  [0m] Started Uncomplicated firewall.
[[0;32m  OK  [0m] Started Nameserver information manager.
[   33.944401] iscsi: registered transport (iser)
[[0;32m  OK  [0m] Started LVM2 metadata daemon.
         Starting Load/Save Random Seed...
         Starting Initial cloud-init job (pre-networking)...
         Starting udev Coldplug all Devices...
         Starting Create Static Device Nodes in /dev...
         Starting Flush Journal to Persistent Storage...
[[0;32m  OK  [0m] Started Load Kernel Modules.
[[0;32m  OK  [0m] Started Load/Save Random Seed.
         Mounting FUSE Control File System...
         Starting Apply Kernel Variables...
[[0;32m  OK  [0m] Mounted FUSE Control File System.
[   34.567863] systemd-journald[399]: Received request to flush runtime journal from PID 1
[[0;32m  OK  [0m] Started Monitoring of LVM2 mirrors,...ng dmeventd or progress polling.
[[0;32m  OK  [0m] Started Create Static Device Nodes in /dev.
[[0;32m  OK  [0m] Started Flush Journal to Persistent Storage.
[[0;32m  OK  [0m] Started Apply Kernel Variables.
[[0;32m  OK  [0m] Started udev Coldplug all Devices.
         Starting udev Kernel Device Manager...
[[0;32m  OK  [0m] Started udev Kernel Device Manager.
[[0;32m  OK  [0m] Started Dispatch Password Requests to Console Directory Watch.
[[0;32m  OK  [0m] Reached target Local File Systems (Pre).
[[0;32m  OK  [0m] Reached target Local File Systems.
         Starting Commit a transient machine-id on disk...
         Starting Tell Plymouth To Write Out Runtime Data...
         Starting LSB: AppArmor initialization...
         Starting Set console font and keymap...
         Starting Create Volatile Files and Directories...
[[0;32m  OK  [0m] Started Commit a transient machine-id on disk.
[[0;32m  OK  [0m] Started Tell Plymouth To Write Out Runtime Data.
[[0;32m  OK  [0m] Started Create Volatile Files and Directories.
         Starting Update UTMP about System Boot/Shutdown...
[[0;32m  OK  [0m] Reached target System Time Synchronized.
[[0;32m  OK  [0m] Started Update UTMP about System Boot/Shutdown.
[[0;32m  OK  [0m] Found device /dev/ttyS0.
[[0;32m  OK  [0m] Listening on Load/Save RF Kill Switch Status /dev/rfkill Watch.
[[0;32m  OK  [0m] Started LSB: AppArmor initialization.
[[0;32m  OK  [0m] Started Set console font and keymap.
[[0;32m  OK  [0m] Created slice system-getty.slice.
[   28.117215] cloud-init[442]: Cloud-init v. 17.1 running 'init-local' at Mon, 19 Feb 2018 13:55:49 +0000. Up 27.38 seconds.
[[0;32m  OK  [0m] Started Initial cloud-init job (pre-networking).
[[0;32m  OK  [0m] Reached target Network (Pre).
         Starting Raise network interfaces...
[[0;32m  OK  [0m] Started Raise network interfaces.
         Starting Initial cloud-init job (metadata service crawler)...
[[0;32m  OK  [0m] Reached target Network.
[   31.364563] cloud-init[971]: Cloud-init v. 17.1 running 'init' at Mon, 19 Feb 2018 13:55:51 +0000. Up 29.32 seconds.
[   31.407011] cloud-init[971]: ci-info: +++++++++++++++++++++++++++++++++++++Net device info++++++++++++++++++++++++++++++++++++++
[   31.419323] cloud-init[971]: ci-info: +--------+-------+---------------------------+---------------+-------+-------------------+
[   31.532431] cloud-init[971]: ci-info: | Device |   Up  |          Address          |      Mask     | Scope |     Hw-Address    |
[   31.596475] cloud-init[971]: ci-info: +--------+-------+---------------------------+---------------+-------+-------------------+
[   31.660344] cloud-init[971]: ci-info: | enp0s3 |  True |         10.0.2.15         | 255.255.255.0 |   .   | 02:44:03:e3:22:ab |
[   31.756435] cloud-init[971]: ci-info: | enp0s3 |  True | fe80::44:3ff:fee3:22ab/64 |       .       |  link | 02:44:03:e3:22:ab |
[   31.828439] cloud-init[971]: ci-info: | enp0s8 | False |             .             |       .       |   .   | 08:00:27:ee:ab:df |
[   31.908408] cloud-init[971]: ci-info: |   lo   |  True |         127.0.0.1         |   255.0.0.0   |   .   |         .         |
[   31.960389] cloud-init[971]: ci-info: |   lo   |  True |          ::1/128          |       .       |  host |         .         |
[   32.016412] cloud-init[971]: ci-info: +--------+-------+---------------------------+---------------+-------+-------------------+
[   32.096430] cloud-init[971]: ci-info: +++++++++++++++++++++++++++Route IPv4 info++++++++++++++++++++++++++++
[[0;32m  OK  [0m] Started Initial cloud-init job (metadata service crawler).
[[0;32m  OK  [0m] Reached target Cloud-config availability.
[[0;32m  OK  [0m] Reached target System Initialization.
         Starting Socket activation for snappy daemon.
[[0;32m  OK  [0m] Listening on ACPID Listen Socket.
[   32.170138] cloud-init[971]: ci-info: +-------+-------------+----------+---------------+-----------+-------+
[   32.548291] cloud-init[971]: ci-info: | Route | Destination | Gateway  |    Genmask    | Interface | Flags |
[   32.712343] cloud-init[971]: ci-info: +-------+-------------+----------+---------------+-----------+-------+
[   32.860310] cloud-init[971]: ci-info: |   0   |   0.0.0.0   | 10.0.2.2 |    0.0.0.0    |   enp0s3  |   UG  |
[   33.024539] cloud-init[971]: ci-info: |   1   |   10.0.2.0  | 0.0.0.0  | 255.255.255.0 |   enp0s3  |   U   |
[   33.197004] cloud-init[971]: ci-info: +-------+-------------+----------+---------------+-----------+-------+
[   33.340278] cloud-init[971]: Generating public/private rsa key pair.
[   33.456329] cloud-init[971]: Your identification has been saved in /etc/ssh/ssh_host_rsa_key.
[   33.539362] cloud-init[971]: Your public key has been saved in /etc/ssh/ssh_host_rsa_key.pub.
         Starting LXD - unix socket.
[   33.609879] cloud-init[971]: The key fingerprint is:
[   33.684324] cloud-init[971]: SHA256:lw5roDzA3zQuePaK53ImPvviw2wSU1TYSpgDelojQQE root@ubuntu-xenial
[   33.688697] cloud-init[971]: The key's randomart image is:
[[0;32m  OK  [0m] Started ACPI Events Check.
[[0;32m  OK  [0m] Reached target Paths.
[   33.688748] cloud-init[971]: +---[RSA 2048]----+
[   33.920281] cloud-init[971]: |E=.+.            |
[   33.965214] [cloud-init[0;32m  OK  [0m[971]: ] |=.+ .            |Started Timer to automatically refresh installed snaps.

[[0;32m  OK  [0m] Started Daily Cleanup of Temporary Directories.
[[0;32m  OK  [0m] Listening on UUID daemon activation socket.
[[0;32m  OK  [0m] Listening on D-Bus System Message Bus Socket.
[[0;32m  OK  [0m] Reached target Network is Online.
[   33.965542] cloud-init[971]: |o++.             |
[   34.304284] cloud-init[971]: | *o.       .     |
[   34.344363] cloud-init[971]: |..o   + S o      |
[   34.349638] cloud-init[971]: |o  = = o =       |
[   34.349687] cloud-init[971]: | =. O o o .      |
[   34.349723] cloud-init[971]: |. X+++ .         |
[   34.349759] cloud-init[971]: | ==&+..          |
[   34.349794] cloud-init[971]: +----[SHA256]-----+
[   34.349829] cloud-init[971]: Generating public/private dsa key pair.
[   34.349864] cloud-init[971]: Your identification has been saved in /etc/ssh/ssh_host_dsa_key.
[   34.349904] cloud-init[971]: Your public key has been saved in /etc/ssh/ssh_host_dsa_key.pub.
[   34.349939] cloud-init[971]: The key fingerprint is:
[   34.349978] cloud-init[971]: SHA256:q+VTVjX5HPR/rZeeBpLVJj20MrnkBlE+6rowupwMjW0 root@ubuntu-xenial
[   34.350014] cloud-init[971]: The key's randomart image is:
[   34.350048] cloud-init[971]: +---[DSA 1024]----+
[   34.350083] cloud-init[971]: |            ...o |
[   34.350117] cloud-init[971]: |           .. +o.|
[   34.350151] cloud-init[971]: |            .+=++|
[   34.350187] cloud-init[971]: |           .oB.*=|
[   34.350220] cloud-init[971]: |        S  o* * =|
[   34.350255] cloud-init[971]: |    +    .+o = .o|
[   34.350290] cloud-init[971]: |   o E ooo .o o..|
[   34.350327] cloud-init[971]: |    = o++ .   .o.|
[   34.350362] cloud-init[971]: |     *o .+.   .o |
[   34.350397] cloud-init[971]: +----[SHA256]-----+
[   34.350430] cloud-init[971]: Generating public/private ecdsa key pair.
[   34.350474] cloud-init[971]: Your identification has been saved in /etc/ssh/ssh_host_ecdsa_key.
[   34.350510] cloud-init[971]: Your public key has been saved in /etc/ssh/ssh_host_ecdsa_key.pub.
[   34.350546] cloud-init[971]: The key fingerprint is:
[   34.350580] cloud-init[971]: SHA256:SHZC7I49Ua1ceHIxGmAw8eeiORgjDka5s+rAFcVu7Qw root@ubuntu-xenial
[   34.350613] cloud-init[971]: The key's randomart image is:
[   34.350648] cloud-init[971]: +---[ECDSA 256]---+
[   34.350682] cloud-init[971]: |    ==+..oo.     |
[   34.350717] cloud-init[971]: |  . .*. +o=.     |
[   34.350755] cloud-init[971]: | o ...*o+*       |
[   34.350789] cloud-init[971]: |. . .EoBo        |
[   34.350824] cloud-init[971]: |o+o..+*.S        |
[   34.350859] cloud-init[971]: |=.++.o++         |
[   34.350893] cloud-init[971]: |.+. +  .         |
[   34.350940] cloud-init[971]: |o    .           |
[   34.350976] cloud-init[971]: |o.               |
[   34.351011] cloud-init[971]: +----[SHA256]-----+
[   34.351045] cloud-init[971]: Generating public/private ed25519 key pair.
[   34.351079] cloud-init[971]: Your identification has been saved in /etc/ssh/ssh_host_ed25519_key.
[   34.351116] cloud-init[971]: Your public key has been saved in /etc/ssh/ssh_host_ed25519_key.pub.
[   34.351155] cloud-init[971]: The key fingerprint is:
[   34.351188] cloud-init[971]: SHA256:D0nVD6EW1TBgfus5tjPHCJ7GAS+QUpmebnudlgCJrfE root@ubuntu-xenial
[   34.351225] cloud-init[971]: The key's randomart image is:
[   34.351260] cloud-init[971]: +--[ED25519 256]--+
[   34.351294] cloud-init[971]: |       o  =+=+   |
[   34.351329] cloud-init[971]: |      +  + oo..  |
[   34.351363] cloud-init[971]: |     = +. + .o   |
[   34.351398] cloud-init[971]: |    + O..o . ..  |
[   34.351432] cloud-init[971]: |     * oSo  .    |
[   34.351467] cloud-init[971]: |    . E oo+. .   |
[   34.351503] cloud-init[971]: |     . . *.*=o   |
[   34.351536] cloud-init[971]: |      . . X.+oo  |
[   34.351572] cloud-init[971]: |       . o  .+   |
[   34.351609] cloud-init[971]: +----[SHA256]-----+
[[0;32m  OK  [0m] Started Daily apt download activities.
[[0;32m  OK  [0m] Started Daily apt upgrade and clean activities.
[[0;32m  OK  [0m] Reached target Timers.
         Starting iSCSI initiator daemon (iscsid)...
[[0;32m  OK  [0m] Listening on Socket activation for snappy daemon.
[[0;32m  OK  [0m] Listening on LXD - unix socket.
[[0;32m  OK  [0m] Reached target Sockets.
[[0;32m  OK  [0m] Reached target Basic System.
[[0;32m  OK  [0m] Started ACPI event daemon.
[[0;32m  OK  [0m] Started Unattended Upgrades Shutdown.
         Starting /etc/rc.local Compatibility...
         Starting Accounts Service...
         Starting Login Service...
         Starting Pollinate to seed the pseudo random number generator...
         Starting LXD - container startup/shutdown...
[[0;32m  OK  [0m] Started FUSE filesystem for LXC.
         Starting LSB: Record successful boot for GRUB...
         Starting Apply the settings specified in cloud-config...
[[0;32m  OK  [0m] Started D-Bus System Message Bus.
         Starting LSB: MD monitoring daemon...
         Starting System Logging Service...
[[0;32m  OK  [0m] Started Regular background program processing daemon.
[[0;32m  OK  [0m] Started Deferred execution scheduler.
         Starting Snappy daemon...
[[0;32m  OK  [0m] Started iSCSI initiator daemon (iscsid).
[[0;32m  OK  [0m] Started /etc/rc.local Compatibility.
[[0;32m  OK  [0m] Started System Logging Service.
[[0;32m  OK  [0m] Started Login Service.
         Starting Authenticate and Authorize Users to Run Privileged Tasks...
[   40.493429] cloud-init[1097]: Generating locales (this might take a while)...
         Starting Login to default iSCSI targets...
[[0;32m  OK  [0m] Started LSB: Record successful boot for GRUB.
[[0;32m  OK  [0m] Started LSB: MD monitoring daemon.
[[0;32m  OK  [0m] Started Pollinate to seed the pseudo random number generator.
         Starting OpenBSD Secure Shell server...
[[0;32m  OK  [0m] Started Login to default iSCSI targets.
[[0;32m  OK  [0m] Started Authenticate and Authorize Users to Run Privileged Tasks.
[[0;32m  OK  [0m] Started OpenBSD Secure Shell server.
[[0;32m  OK  [0m] Started LXD - container startup/shutdown.
[[0;32m  OK  [0m] Started Accounts Service.
[[0;32m  OK  [0m] Reached target Remote File Systems (Pre).
[[0;32m  OK  [0m] Reached target Remote File Systems.
         Starting LSB: daemon to balance interrupts for SMP systems...
         Starting LSB: automatic crash report generation...
         Starting Permit User Sessions...
         Starting LSB: VirtualBox Linux Additions...
         Starting LSB: Set the CPU Frequency Scaling governor to "ondemand"...
[[0;32m  OK  [0m] Started Snappy daemon.
[[0;32m  OK  [0m] Started Permit User Sessions.
[[0;32m  OK  [0m] Started LSB: automatic crash report generation.
[[0;32m  OK  [0m] Started LSB: daemon to balance interrupts for SMP systems.
[[0;32m  OK  [0m] Started LSB: Set the CPU Frequency Scaling governor to "ondemand".
[[0;32m  OK  [0m] Started LSB: VirtualBox Linux Additions.
         Starting Terminate Plymouth Boot Screen...
         Starting Hold until boot process finishes up...
[[0;32m  OK  [0m] Started Terminate Plymouth Boot Screen.
[[0;32m  OK  [0m] Started Hold until boot process finishes up.
[   42.578622] cloud-init[1097]:   en_US.UTF-8... done
         Starting Set console scheme...
[   42.640558] cloud-init[1097]: Generation complete.
[[0;32m  OK  [0m] Started Serial Getty on ttyS0.
[[0;32m  OK  [0m] Started Getty on tty1.
[[0;32m  OK  [0m] Reached target Login Prompts.
[[0;32m  OK  [0m] Reached target Multi-User System.
[[0;32m  OK  [0m] Reached target Graphical Interface.
         Starting Update UTMP about System Runlevel Changes...
[[0;32m  OK  [0m] Started Set console scheme.
[[0;32m  OK  [0m] Started Update UTMP about System Runlevel Changes.
         Stopping OpenBSD Secure Shell server...
[[0;32m  OK  [0m] Stopped OpenBSD Secure Shell server.
         Starting OpenBSD Secure Shell server...
[[0;32m  OK  [0m] Started OpenBSD Secure Shell server.
[[0;32m  OK  [0m] Created slice User Slice of ubuntu.
         Starting User Manager for UID 1000...
[[0;32m  OK  [0m] Started Session 1 of user ubuntu.
[[0;32m  OK  [0m] Started User Manager for UID 1000.
[   44.498930] cloud-init[1097]: Cloud-init v. 17.1 running 'modules:config' at Mon, 19 Feb 2018 13:56:01 +0000. Up 39.79 seconds.
[[0;32m  OK  [0m] Started Apply the settings specified in cloud-config.
         Starting Execute cloud user/final scripts...
ci-info: no authorized ssh keys fingerprints found for user ubuntu.
<14>Feb 19 13:56:07 ec2: 
<14>Feb 19 13:56:07 ec2: #############################################################
<14>Feb 19 13:56:07 ec2: -----BEGIN SSH HOST KEY FINGERPRINTS-----
<14>Feb 19 13:56:07 ec2: 1024 SHA256:q+VTVjX5HPR/rZeeBpLVJj20MrnkBlE+6rowupwMjW0 root@ubuntu-xenial (DSA)
<14>Feb 19 13:56:07 ec2: 256 SHA256:SHZC7I49Ua1ceHIxGmAw8eeiORgjDka5s+rAFcVu7Qw root@ubuntu-xenial (ECDSA)
<14>Feb 19 13:56:07 ec2: 256 SHA256:D0nVD6EW1TBgfus5tjPHCJ7GAS+QUpmebnudlgCJrfE root@ubuntu-xenial (ED25519)
<14>Feb 19 13:56:07 ec2: 2048 SHA256:lw5roDzA3zQuePaK53ImPvviw2wSU1TYSpgDelojQQE root@ubuntu-xenial (RSA)
<14>Feb 19 13:56:07 ec2: -----END SSH HOST KEY FINGERPRINTS-----
<14>Feb 19 13:56:07 ec2: #############################################################
-----BEGIN SSH HOST KEY KEYS-----
ecdsa-sha2-nistp256 AAAAE2VjZHNhLXNoYTItbmlzdHAyNTYAAAAIbmlzdHAyNTYAAABBBLU+++T2jL+bwERpaYCEQMjerux02WY/IIgKs7NsLvRfIgK111cMiFVwkhFExfB7bPISxY42DnTHsW4Q5od7Re8= root@ubuntu-xenial
ssh-ed25519 AAAAC3NzaC1lZDI1NTE5AAAAIL2iOfu0ejOfpOrVbh6hTigHm+tUvzOfw+GrR0Qh+idS root@ubuntu-xenial
ssh-rsa AAAAB3NzaC1yc2EAAAADAQABAAABAQDpP2Ch/gM3MoQoo9xumHiBqgLHcL5R7zerkQpOL55KsrTpDgqP2GL9oWI2QRdhqT3MKH7DYdeobSSsrQfyC9V5is/OwPsuZ4MJgKAmT24EXikc/9fZPzP0ECOOtLVEPQgZi39F5h659U6wSxbIOm/+sDh8jTB0pIWvsTz/fmqGT9lPCvx27Pp+5Fh+g6PW8dLOM/72m6lcBctRg8wo/Ifm8gauGpeuQrLjX7AfWvasbiF/bkxHevhHCYyTJo64gbhr+gmR4SbE/CUtVBwAs7ss48Q1WwsMTFp4PA3CGgw/ZNkBRy7Y/x3caeNcyzgpWQ7shFKapP/8k4p8FUSqnB69 root@ubuntu-xenial
-----END SSH HOST KEY KEYS-----
[   46.787859] cloud-init[1413]: Cloud-init v. 17.1 running 'modules:final' at Mon, 19 Feb 2018 13:56:07 +0000. Up 45.25 seconds.
[   46.892991] cloud-init[1413]: ci-info: no authorized ssh keys fingerprints found for user ubuntu.
[   46.972387] cloud-init[1413]: Cloud-init v. 17.1 finished at Mon, 19 Feb 2018 13:56:08 +0000. Datasource DataSourceNoCloud [seed=/dev/sdb][dsmode=net].  Up 46.77 seconds
[[0;32m  OK  [0m] Started Execute cloud user/final scripts.
[[0;32m  OK  [0m] Reached target Cloud-init target.

Ubuntu 16.04.3 LTS ubuntu-xenial ttyS0

ubuntu-xenial login:          Stoppiv         Stopping Snappy daemon...
[  OK  ] Unmounted /var/lib/lxcfs.
[  OK  ] Stopped ACPI event daemon.
[  OK  ] Stopped Accounts Service.
[  OK  ] Stopped System Logging Service.
[  OK  ] Stopped Regular background program processing daemon.
[  OK  ] Stopped Deferred execution scheduler.
[  OK  ] Stopped Snappy daemon.
[  OK  ] Stopped Authenticate and Authorize Users to Run Privileged Tasks.
[  OK  ] Stopped Serial Getty on ttyS0.
[  OK  ] Stopped Getty on tty1.
[  OK  ] Stopped OpenBSD Secure Shell server.
[  OK  ] Stopped User Manager for UID 1000.
[  OK  ] Stopped Session 52 of user ubuntu.
[  OK  ] Stopped Unattended Upgrades Shutdown.
[  OK  ] Stopped D-Bus System Message Bus.
[  OK  ] Stopped FUSE filesystem for LXC.
[  OK  ] Stopped LSB: daemon to balance interrupts for SMP systems.
[  OK  ] Stopped LSB: MD monitoring daemon.
[  OK  ] Stopped LSB: VirtualBox Linux Additions.
[  OK  ] Stopped LXD - container startup/shutdown.
[  OK  ] Stopped LSB: Record successful boot for GRUB.
[  OK  ] Stopped LSB: Set the CPU Frequency Scaling governor to "ondemand".
[  OK  ] Stopped LSB: automatic crash report generation.
[  OK  ] Removed slice User Slice of ubuntu.
         Stopping Login Service...
[  OK  ] Removed slice system-getty.slice.
[  OK  ] Stopped /etc/rc.local Compatibility.
         Stopping Permit User Sessions...
[  OK  ] Removed slice system-serial\x2dgetty.slice.
[  OK  ] Stopped Login Service.
[  OK  ] Stopped Permit User Sessions.
[  OK  ] Stopped target Remote File Systems.
[  OK  ] Stopped target Remote File Systems (Pre).
         Stopping Login to default iSCSI targets...
[  OK  ] Stopped target User and Group Name Lookups.
[  OK  ] Stopped target Basic System.
[  OK  ] Stopped target Paths.
[  OK  ] Stopped ACPI Events Check.
[  OK  ] Stopped Forward Password Requests to Wall Directory Watch.
[  OK  ] Stopped Dispatch Password Requests to Console Directory Watch.
[  OK  ] Stopped target Slices.
[  OK  ] Removed slice User and Session Slice.
[  OK  ] Stopped target Sockets.
[  OK  ] Closed LXD - unix socket.
[  OK  ] Closed Syslog Socket.
[  OK  ] Closed UUID daemon activation socket.
[  OK  ] Closed ACPID Listen Socket.
[  OK  ] Closed Socket activation for snappy daemon.
[  OK  ] Closed D-Bus System Message Bus Socket.
[  OK  ] Stopped target System Initialization.
[  OK  ] Stopped Commit a transient machine-id on disk.
         Stopping Load/Save Random Seed...
[  OK  ] Stopped target Encrypted Volumes.
[  OK  ] Stopped Create Volatile Files and Directories.
[  OK  ] Stopped target Swap.
[  OK  ] Stopped Load/Save Random Seed.
[  OK  ] Stopped Login to default iSCSI targets.
         Stopping iSCSI initiator daemon (iscsid)...
[  OK  ] Stopped iSCSI initiator daemon (iscsid).
[  OK  ] Stopped target Network is Online.
[  OK  ] Stopped target Network.
[  OK  ] Stopped Initial cloud-init job (metadata service crawler).
         Stopping Raise network interfaces...
[  OK  ] Stopped Raise network interfaces.
[  OK  ] Stopped target Local File Systems.
         Unmounting /run/user/1000...
         Unmounting /vagrant_data...
[  OK  ] Stopped target Network (Pre).
[  OK  ] Stopped Initial cloud-init job (pre-networking).
[  OK  ] Stopped Apply Kernel Variables.
[  OK  ] Stopped Load Kernel Modules.
[  OK  ] Unmounted /run/user/1000.
[  OK  ] Unmounted /vagrant_data.
[  OK  ] Reached target Unmount All Filesystems.
[  OK  ] Stopped target Local File Systems (Pre).
[  OK  ] Stopped Remount Root and Kernel File Systems.
[  OK  ] Stopped Create Static Device Nodes in /dev.
[  OK  ] Reached target Shutdown.
[159373.789896] reboot: Power down
