[    0.000000] Initializing cgroup subsys cse
[    0.000000] Itiizing cgroup subs u
[    0.000000] Initializing cgroup subs uacct
[   .0000]inux vsi 4.4.11geeric (buildd@lcy01-amd64-013) (gcc version 5.4.0 20160609 (Ubuntu 5.4.0-6ubuntu1~16.04.9) ) #143UbtuSMMoApr 2 16:084 UTC 18Ubuntu 4.40-11914-generic 4.4.114)
[    0.000000] Command line: BOOT_IMAGE=/boot/vmlinuz-4.4.0-119-generic root=UUID=8a9a5d70-6967-47ce-94c1-225992142487 ro console=tty1 console=ttyS0
[    0.000000] KERNEL supported cpus:
[    0.000000]   Intel GenuineIntel
[    0.000000]   AMD AuthenticAMD
[    0.000000]   Centaur CentaurHauls
[    0.000000] x86/fpu: xstate_offset[2]:  576, xstate_sizes[2]:  256
[    0.000000] x86/fpu: Supporting XSAVE feature 0x01: 'x87 floating point registers'
[    0.000000] x86/fpu: Supporting XSAVE feature 0x02: 'SSE registers'
[    0.000000] x86/fpu: Supporting XSAVE feature 0x04: 'AVX registe'
[    0.00] x86/fpu: Enabled tae eare 0x7, contxt size is 832 bytes, using 'standard' format.
[    0.000000] x86/fpu: Using 'lazy' FPU context switches.
[    0.000000] e820: BIOS-provided physical RAM map:
[    0.000000] BIOS-e820: [mem 0x0000000000000000-0x000000000009fbff uable
[  000000] BIOS-e82: [mem 0x000000000009fc00-0x000000000009ffff] reserved
[    0.000000] BIOS-e820: [mem 0x00000000000f0000-0x00000000000fffff] reserved
[    0.000000] BIOS-e820: [mem 0x0000000000100000-0x000000003ffeffff] usable
[    0.000000] BIOS-e820: [mem 0x000000ff0000-0x0000003fffffff] ACPI da
[  00000 BS-820: [mem 0x00000000fffc0000-0x00000000ffffffff] reserved
[    0.000000] NX (Execute Disable) protection: active
[    0.000000] SMBIOS 2.5 preent.[   0.0000] Hypervso dteted:VM
[    0.000000] e820: last_pfn = 0x3fff0 max_arch_pfn = 0x400000000
[    0.000000] MTRR: Disabled
[    0.000000] x86/PAT: MTRRs disabled, skipping PAT initialization too.
[    0.000000] CPU MTRRs all blank - virtualized system.
[    0.000000] x86/PAT: Configuration [0-7]: WB  WT  UC- UC  WB  WT  UC- UC  
[    0.000000] found SMP MP-table at [mem 0x0009fff0-0x0009ffff]apd at [ffff880000ff]
[   .0000]caing 1 areas for low memory corruption
[    0.000000] RAMDISK: [mem 0x36204000-0x370f9fff]
[    0.000000] ACPI: Early table checksum verification disabled
[    0.000000] ACPI: RSDP 0x00000000000E0000 000024 (v02 VBOX  )
[    0.000000] ACPI: XSDT 0x000000003FFF003 00003C (v01 VBOX   VBOXXSDT 00000001 ASL  00000061)
[    0.000000] ACPI: FACP 0x000000003FFF00F0 0000F4 (v04 VBOX   VBOXFACP 000000001 ASL  00000061)
[    0.000000] ACPI: DSDT 0x000000003FFF0470 002118 (v01 VBOX   VBOXBIOS 00000002 INTL 20160108)
[    0.000000] ACPI: FACS 0x000000003FFF0200 000040
[    0.000000] ACPI: FACS 0x000000003FFF0200 000040
[    0.000000] ACPI: APIC 0x000000003FFF0240 00005C (v02 VBOX   VBOXAPIC 00000001 ASL  00000061)
[    0.000000] ACPI: SSDT 0x000000003FFF02A0 0001CC (v01 VBOX   VBOXCPUT 00000002 INTL 20160108)[   0.000]No NUMcoiguratin und
[   .000] king a node at [me0x0000000000000x00003ffeff][   0.000] NE_TA(0) loted [mem 0x3ffeb000-0x3ffeffff]
[    0.000000 kvmlo: Using msrs 4b5641 d 4b564d00
    0.000]kvm-cloc: u , msr 0:fe001, primary cpu clock
[    0.000000] kvm-clok:sig scd fset of 3474403cycl
   0000] cckurce: kvm-clock: mask: 0xffffffffffffffff max_cycles: x1424dffb, max_idle_ns: 8810591483 ns
[   .000000] Zone anges:
  0.00000] DMA  [mem x0000000100-x000000000ffff]   0.000000]   DMA32    [mem 0x0000000001000000-0x00000003ffeffff]
[    0.000000]   Normal   empty
[    0.000000  evce  mp
[    0.0000] Movable zone ta for each node
[    0.000000] Early merynode ranges
[    0.000000]   node   0: [mem 0x000000001000-00000000009ff]
[    0.000000]   node   0: [mem 0x0000000000100000-0x000000003fff]
[  000000] Initmem setup node 0 [mem 0x0000000000001000-0x000000003ffeffff]
[    0.000000] ACPI: PM-Timer IO Port: 0x4008
[    0.000000] IOAPIC[0]: apic_id 2, version 17, address 0xfec00000, GSI 0-23[    00000 ACP I_SRC_OVR (bus 0 bus_irq 0 global_irq 2 dfl dfl)
[    0.000000] ACPI: IT_C_VR (s bus_rq gobalrq higlel)
[    0.000000] Using ACPI (MADTfoSMP nfuratn formio
[    0.000000] smpboot: Allowing 2 CPUs, 0 hotplug CPUs
[    0.000000] PM: Registered nosave memory: [mem 0x00000-0x00000fff]
[    0.000000] PM: Registered nosave memory: [mem 0x0009f000-0x0009ffff]
[    0.000000] PM: Registered nosave memory: [mem 0x000a0000-0x000effff]
[    0.000000] PM: Registered nosave memory: [mem 0x000f0000-0x000fffff]
[    0.000000] e820: [mem 0x40000000-0xfffbffff] available for PCI devices
[    0.000000] Booting paravirtualized kernel on KVM
[    0.000000] clocksource: refined-jiffies: mask: 0xffffffff max_cycles: 0xffffffff, max_idle_ns: 7645519600211568 ns
[    0.000000] setup_percpu: NR_CPUS:512 nr_cpumask_bits:512 nr_cpu_ids:2 nr_node_ids:1
[    0.000000] PERCPU: Embedded 34 pages/cpu @ffff88003fc00000 s99544 r8192 d31528 u1048576
[    0.000000] PV qspinlock hash table entries: 256 (order: 0, 4096 bytes)
[    0.000000] Built 1 zonelists in Node order, mobility grouping on.  Total pages: 257912
[    0.000000] Policy zone: DMA32
[    0.000000] Kernel command line: BOOT_IMAGE=/boot/vmlinuz-4.4.0-119-generic root=UUID=8a9a5d70-6967-47ce-94c1-225992142487 ro console=tty1 console=ttyS0
[    0.000000] PID hash table entries: 4096 (order: 3, 32768 bytes)
[    0.000000] Memory: 997204K/1048120K available (8532K kernel code, 1313K rwdata, 3996K rodata, 1508K init, 1316K bss, 50916K reserved, 0K cma-reserved)
[    0.000000] SLUB: HWalign=64, Order=0-3, MinObjects=0, CPUs=2, Nodes=1
[    0.000000] Kernel/User pgetables sotion: enabled
[    0.000000] Hierarchical RCU implementation.
[    0.000000] 	Build-time adjustment of leaf fanout to 64.
[    0.000000] 	RCU restricting CPUs from NR_CPUS=512 to nr_cpu_ids=2.
[    0.000000] RCU: Adjusting geometry for rcu_fanout_leaf=64, nr_cpu_ids=2
[    0.000000] NR_IRQS:33024 nr_irqs:440 16
[    0.000000] Conol: lor GA+ 80x25
[    0.000000] console [tty1] enabled
[    0.000] conol [ty0] enabled
[    0.000000] tsc: Detected 3299.984 MHz processor
[    6.863519] Calibrating delay loop (skipped) preset value.. 6599.96 BogoMIPS (lpj=13199936)
[    6.864881] pid_max: default: 32768 minimum: 301
[    6.865611] ACPI: Core revision 20150930
[    6.867071] ACPI: 2 ACPI AML tables successfully acquired and loaded
[    6.868173] Security Framework initialized
[    6.868837] Yama: becoming mindful.
[    6.871870] AppArmor: AppArmor initialized
[    6.872598] Dentry cache hash table entries: 131072 (order: 8, 1048576 bytes)
[    6.874183] Inode-cache hash table entries: 65536 (order: 7, 524288 bytes)
[    6.889580] Mount-cache hash table entries: 2048 (order: 2, 16384 bytes)
[    6.890529] Mountpoint-cache hash table entries: 2048 (order: 2, 16384 bytes)
[    6.891661] Initializing cgroup subsys io
[    6.892322] Initializing cgroup subsys memory
[    6.898265] Initializing cgroup subsys devices
[    6.899036] Initializing cgroup subsys freezer
[    6.899786] Initializing cgroup subsys net_cl
[    6.944075] Initializing cgroup subsys perf_event
[    6.945928] Initializing cgroup subsys net_prio
[    6.951991] Initializing cgroup subsys hugetlb
[    6.956557] Initializing cgroup subsys pids
[    6.976503] CPU: Physical Processor ID: 0
[    6.977162] CPU: Processor Core ID: 0
[    6.977785] FEATURE SPEC_CTRL Not Present
[    6.978691] mce: CPU supports 0 MCE banks
[    6.979360] Last level iTLB entries: 4KB 512, 2MB 8, 4MB 8
[    6.980216] Last level dTLB entries: 4KB 512, 2MB 32, 4MB 32, 1GB 0
[    6.981113] Spectre V2 mitigation: Mitigation: Full generic retpoline
[    6.982035] Spectre V2 mitigation: Speculation control IBPB not-supported IBRS not-supported
[    6.985046] Freeing SMP alternatives memory: 32K
[    7.005366] ftrace: allocating 32195 entries in 126 pages
[    7.066173] smpboot: APIC(0) Converting physical 0 to logical package 0
[    7.100153] smpboot: Max logical packages: 1
[    7.101995] ..TIMER: vector=0x30 apic1=0 pin1=2 apic2=-1 pin2=-1
[    7.219530] smpboot: CPU0: Intel(R) Core(TM) i5-3550 CPU @ 3.30GHz (family: 0x6, model: 0x3a, stepping: 0x9)
[    7.226453] Performance Events: unsupported p6 CPU model 58 no PMU driver, software events only.
[    7.228955] KVM setup paravirtual spinlock
[    7.253968] x86: Booting SMP configuration:
[    7.277389] .... node  #0, CPUs:      #1
[    7.308408] kvm-clock: cpu 1, msr 0:3ffe3041, secondary cpu clock
[    7.355140] mce: CPU supports 0 MCE banks
[    7.406088] x86: Booted up 1 node, 2 CPUs
[    7.411967] smpboot: Total of 2 processors activated (13199.93 BogoMIPS)
[    7.413355] devtmpfs: initialized
[    7.416426] evm: security.selinux
[    7.461327] evm: security.SMACK64
[    7.462999] evm: security.SMACK64EXEC
[    7.509221] evm: security.SMACK64TRANSMUTE
[    7.555137] evm: security.SMACK64MMAP
[    7.572715] evm: security.ima
[    7.591212] evm: security.capability
[    7.634260] clocksource: jiffies: mask: 0xffffffff max_cycles: 0xffffffff, max_idle_ns: 7645041785100000 ns
[    7.644852] futex hash table entries: 512 (order: 3, 32768 bytes)
[    7.645841] pinctrl core: initialized pinctrl subsystem
[    7.646699] RTC time: 15:08:46, date: 04/19/18
[    7.647536] NET: Registered protocol family 16
[    7.659566] cpuidle: using governor ladder
[    7.715575] cpuidle: using governor menu
[    7.726939] PCCT header not found.
[    7.727624] ACPI: bus type PCI registered
[    7.728266] acpiphp: ACPI Hot Plug PCI Controller Driver version: 0.5
[    7.729250] PCI: Using configuration type 1 for base access
[    7.756811] ACPI: Added _OSI(Module Device)
[    7.787431] ACPI: Added _OSI(Processor Device)
[    7.790355] ACPI: Added _OSI(3.0 _SCP Extensions)
[    7.797521] ACPI: Added _OSI(Processor Aggregator Device)
[    7.805354] ACPI: Executed 1 blocks of module-level executable AML code
[    7.808116] ACPI: Interpreter enabled
[    7.808738] ACPI: (supports S0 S5)
[    7.809318] ACPI: Using IOAPIC for interrupt routing
[    7.810212] PCI: Using host bridge windows from ACPI; if necessary, use "pci=nocrs" and report a bug
[    7.817736] ACPI: PCI Root Bridge [PCI0] (domain 0000 [bus 00-ff])
[    7.862349] acpi PNP0A03:00: _OSC: OS supports [ASPM ClockPM Segments MSI]
[    7.863295] acpi PNP0A03:00: _OSC failed (AE_NOT_FOUND); disabling ASPM
[    7.882694] acpi PNP0A03:00: fail to add MMCONFIG information, can't access extended PCI configuration space under this bridge.
[    7.885695] PCI host bridge to bus 0000:00
[    7.888565] pci_bus 0000:00: root bus resource [io  0x0000-0x0cf7 window]
[    7.889496] pci_bus 0000:00: root bus resource [io  0x0d00-0xffff window]
[    7.890414] pci_bus 0000:00: root bus resource [mem 0x000a0000-0x000bffff window]
[    7.891572] pci_bus 0000:00: root bus resource [mem 0x40000000-0xffdfffff window]
[    7.892867] pci_bus 0000:00: root bus resource [bus 00-ff]
[    7.894909] pci 0000:00:01.1: legacy IDE quirk: reg 0x10: [io  0x01f0-0x01f7]
[    7.917946] pci 0000:00:01.1: legacy IDE quirk: reg 0x14: [io  0x03f6]
[    7.919932] pci 0000:00:01.1: legacy IDE quirk: reg 0x18: [io  0x0170-0x0177]
[    7.927393] pci 0000:00:01.1: legacy IDE quirk: reg 0x1c: [io  0x0376]
[    7.961173] ACPI: PCI Interrupt Link [LNKA] (IRQs 5 9 10 11) *0, disabled.
[    7.995925] ACPI: PCI Interrupt Link [LNKB] (IRQs 5 9 10 *11)
[    8.007798] ACPI: PCI Interrupt Link [LNKC] (IRQs 5 9 *10 11)
[    8.061150] ACPI: PCI Interrupt Link [LNKD] (IRQs 5 *9 10 11)
[    8.120818] ACPI: Enabled 2 GPEs in block 00 to 07
[    8.149955] vgaarb: setting as boot device: PCI:0000:00:02.0
[    8.150766] vgaarb: device added: PCI:0000:00:02.0,decodes=io+mem,owns=io+mem,locks=none
[    8.152027] vgaarb: loaded
[    8.188321] vgaarb: bridge control possible 0000:00:02.0
[    8.189498] SCSI subsystem initialized
[    8.206709] ACPI: bus type USB registered
[    8.212688] usbcore: registered new interface driver usbfs
[    8.214604] usbcore: registered new interface driver hub
[    8.215398] usbcore: registered new device driver usb
[    8.216890] PCI: Using ACPI for IRQ routing
[    8.228329] NetLabel: Initializing
[    8.228909] NetLabel:  domain hash size = 128
[    8.255328] NetLabel:  protocols = UNLABELED CIPSOv4
[    8.284604] NetLabel:  unlabeled traffic allowed by default
[    8.290908] amd_nb: Cannot enumerate AMD northbridges
[    8.295888] clocksource: Switched to clocksource kvm-clock
[    8.066]ppmo AppArmo Feste Ebl
  8.33] p:nPCPin
   9248]npPn AI:oud  devices
[    9.523403]cclocksource: acpi_pm: mask: 0xffffff max_cycles: 0xffffff, max_idle_ns: 2085701024 ns
[    9.711968] NET: Registered protocol family 2
[    9.762580] TCP established hash table entries: 8192 (order: 4, 65536 bytes)
[    9.832349] TCP bind hash table entries: 8192 (order: 5, 131072 bytes)
[    9.892633] TCP: Hash tables configured (established 8192 bind 8192)
[    9.902279] UDP hash table entries: 512 (order: 2, 16384 bytes)
[    9.932198] UDP-Lite hash table entries: 512 (order: 2, 16384 bytes)
[   10.012347] NET: Registered protocol family 1
[   100052295] pci 0000:00:00.0: Limiting direct PCI/PCI transfers
[   10.252346] pci 0000:00:01.0: Activating ISA DMA hang workarounds
[   10.253349] Unpacking initramfs...
[   10.529765] Freeing initrd memory: 15320K
[   10.572372] RAPL PMU detected, API unit is 2^-32 Joules, 3 fixed counters 10737418240 ms ovfl timer
[   10.693115] hw unit of domain pp0-core 2^-0 Joules
[   10.722563] hw unit of domain package 2^-0 Joules
[   10.849633] hwuunit of domain pp1-gpu 2^-0 Joules
[   10.992357] platform rt__cmos: registered platform RTC device (no PNP device found)
[   11.254129] Scanning for low memory corruption every 60 seconds
[   11.255366] audit: initializing netlink subsys (disabled)
[   11.256218] audit: type=2000 audit(1524150526.929:1): initialized
[   11.257358] Initialise system trusted keyring
[   11.282691] HugeTLB registered 2 MB page size, pre-allocated 0 pages
[   11.333863] zbud: loded
[   11.380702] VFS: Disk quos uot_6.6.0
[  15173VF Dqotac hshabe enries: 52 ordr 0, 4096 byes
[  119972 t: efneTS cocoue albratn:300.08 z
[   11.992075] clocksource: tsc: ma: xffffffffffffffff max_cycles: 0x2f9166d5c01, max_idle_ns: 440795346061 ns
[   12.809912] squashfs: version 4.0 (2009/01/31) Phillip Lougher
[   12.852976] fuse init (API version 7.33)
[   12.898872] Key type big_key registered
[   12.922668] Allocating IMA MOK and blacklist keyrings.
[   12.937841] Key type asymmetric registered
[   12.958903] Asymmetric key parser 'x509' registered
[   12.959702] Block layer SCSI generic (bsg) driver version 0.4 loaded (major 249)
[   12.961013] io scheduler noop registered
[   12.984543] io scheduler deadline registered (default)
[   13.082264] io scheduler cfq registered
[   13.082999] pci_hotplug: PCI Hot Plug PCI Core version: 0.5
[   13.121685] pciehp: PCI Express Hot Plug Controller Driver version: 0.4
[   13.122740] ACPI: AC Adapter [AC] (on-line)
[   33.250491] input: Power Button as /devices/LNXSYSTM:00/LNXPWRBN:00/input/input0
[   13.352846] ACPI: Power Button [PWRF]
[   13.353539] input: Sleep Button as /devices/LNXSYSTM:00/LNXSLPBN:00/input/input1
[   13.354675] ACPI: Sleep Button [SLPF]
[   13.355517] GHES: HEST is not enabled!
[   13.493751] Serial: 8250/16550 driver, 32 ports, IRQ sharing enabeed
[   13.710072] 00:02: ttyS0 at I/O 0x3f8 (irq = 4, base_baud = 115200) is a 16550A
[   13.764192] Linux agpgart interface v0.103
[   33.884702] loop: module loaded
[   13.972995] scsi host0: ata_piix
[   14.002772] scsi host1: ata_piix
[   14.042430] ata1: PATA max UDMA/33 cmd 0x1f0 ctl 0x3f6 bmdma 0xd000 irq 14
[   14.053963] ata2: PATA max UDMA/33 cmd 0x170 ctl 0x376 bmdma 0xd008 irq 15
[   14.055261] libphy: Fixed MDIO Bus: probed
[   14.056160] tun: Universal TUN/TAP device driver, 1.6
[   14.056928] tun: (C) 1999-2004 Max Krasnyansky <maxk@qualcomm.com>
[   14.057864] PPP generic driver version 2.422
[   14.095126] ehci_hcd: USB 2.0 'Enhanced' Host Controller (EHCI) Driver
[   14.102811] ehci-pci: EHCI PCI platform driver
[   14.105258] ehci-platform: EHCI generic platform driver
[   14.106020] ohci_hcd: USB 1.1 'Open' Host Controller (OHCI) Driver
[   14.106862] ohci-pci: OHCI PCI platform driver
[   14.107536] ohci-platform: OHCI generic platform driver
[   14.122641] uhci_hcd: USB Universal Host Controller Interface driver
[   14.142800] i8042: PNP: PS/2 Controller [PNP0303:PS2K,PNP0f03:PS2M] at 0x60,0x64 irq 1,12
[   14.144575] serio: i8042 KBD port at 0x60,0x64 irq 1
[   14.352452] serio: i8042 AUX port at 0x60,0x64 irq 12
[   14.353352] mousedev: PS/2 mouse device common for all mice
[   14.354515] rtc_cmos rtc_cmos: rtc core: registered rtc_cmos as rtc0
[   14.355501] rtc_cmos rtc_cmos: alarms up to one day, 114 bytes nvram
[   14.356462] i2c /dev entries driver
[   14.382593] input: AT Translated Set 2 keyboard as /devices/platform/i8042/serio0/input/input2
[   14.386273] device-mapper: uevent: version 1.0.3
[   14.388745] device-mapper: ioctl: 4.34.0-ioctl (2015-10-28) initialised: dm-devel@redhat.com
[   14.440265] ledtrig-cpu: registered to indicate activity on CPUs
[   14.461100] NET: Registered protocol family 10
[   14.508701] NET: Registered protocol family 17
[   14.517661] Key type dns_resolver registered
[   14.524363] registered taskstats version 1
[   14.525029] Loading compiled-in X.509 certificates
[   14.526340] Loaded X.509 cert 'Build time autogenerated kernel key: f854e06633b5f496ced5b2e02c7b14f761b69302'
[   14.527749] zswap: loaded using pool lzo/zbud
[   14.530842] Key type trusted registered
[   14.549224] Key type encrypted registered
[   14.597528] AppArmor: AppArmor sha1 policy hashing enabled
[   14.598329] ima: No TPM chip found, activating TPM-bypass!
[   14.599141] evm: HMAC attrs: 0x1
[   14.600063]   Magic number: 14:71:134
[   14.616489] pci 0000:00:03.0: hash matches
[   14.647191] rtc_cmos rtc_cmos: setting system clock to 2018-04-19 15:08:53 UTC (1524150533)
[   14.689936] BIOS EDD facility v0.16 2004-Jun-25, 0 devices found
[   14.706064] EDD information not available.
[   14.742921] Freeing unused kernel memory: 1508K
[   14.754296] Write protecting the kernel read-only data: 14336k
[   14.758030] Freeing unused kernel memory: 1696K
[   14.902625] Freeing unused kernel memory: 100K
Loading, please wait...
[   14.924317] random: systemd-udevd: uninitialized urandom read (16 bytes read, 2 bits of entropy available)
starting version[   14.925020] random: udevadm: uninitialized urandom read (16 bytes read, 2 bits of entropy available)
 229
[   14.925050] random: udevadm: uninitialized urandom read (16 bytes read, 2 bits of entropy available)
[   14.940809] random: udevadm: uninitialized urandom read (16 bytes read, 2 bits of entropy available)
[   14.940912] random: udevadm: uninitialized urandom read (16 bytes read, 2 bits of entropy available)
[   14.941108] random: udevadm: uninitialized urandom read (16 bytes read, 2 bits of entropy available)
[   14.941197] random: udevadm: uninitialized urandom read (16 bytes read, 2 bits of entropy available)
[   14.941272] random: udevadm: uninitialized urandom read (16 bytes read, 2 bits of entropy available)
[   14.941346] random: udevadm: uninitialized urandom read (16 bytes read, 2 bits of entropy available)
[   14.941421] random: udevadm: uninitialized urandom read (16 bytes read, 2 bits of entropy available)
[   15.130689] Fusion MPT base driver 3.04.20
[   15.153894] Copyright (c) 1999-2008 LSI Corporation
[   15.181862] e1000: Intel(R) PRO/1000 Network Driver - version 7.3.21-k8-NAPI
[   15.216592] e1000: Copyright (c) 1999-2006 Intel Corporation.
[   15.237242] AVX version of gcm_enc/dec engaged.
[   15.252864] AES CTR mode by8 optimization enabled
[   15.259405] Fusion MPT SPI Host driver 3.04.20
[   15.429924] input: ImExPS/2 Generic Explorer Mouse as /devices/platform/i8042/serio1/input/input4
[   15.587022] e1000 0000:00:03.0 eth0: (PCI:33MHz:32-bit) 02:44:03:e3:22:ab
[   15.600425] e1000 0000:00:03.0 eth0: Intel(R) PRO/1000 Network Connection
[   15.951367] e1000 0000:00:08.0 eth1: (PCI:33MHz:32-bit) 08:00:27:ab:0e:4e
[   15.996261] e1000 0000:00:08.0 eth1: Intel(R) PRO/1000 Network Connection
[   16.009940] mptbase: ioc0: Initiating bringup
[   16.105818] e1000 0000:00:08.0 enp0s8: renamed from eth1
[   16.136422] e1000 0000:00:03.0 enp0s3: renamed from eth0
[   16.196594] ioc0: LSI53C1030 A0: Capabilities={Initiator}
[   16.457458] scsi host2: ioc0: LSI53C1030 A0, FwRev=00000000h, Ports=1, MaxQ=256, IRQ=20
[   16.716785] scsi 2:0:0:0: Direct-Access     VBOX     HARDDISK         1.0  PQ: 0 ANSI: 5
[   16.880747] scsi target2:0:0: Beginning Domain Validation
[   16.893619] scsi target2:0:0: Domain Validation skipping write tests
[   16.934158] scsi target2:0:0: Ending Domain Validation
[   16.998370] scsi target2:0:0: asynchronous
[   17.019492] scsi 2:0:1:0: Direct-Access     VBOX     HARDDISK         1.0  PQ: 0 ANSI: 5
[   17.037243] scsi target2:0:1: Beginning Domain Validation
[   17.128212] scsi target2:0:1: Domain Validation skipping write tests
[   17.175857] scsi target2:0:1: Ending Domain Validation
[   17.236939] scsi target2:0:1: asynchronous
[   17.277374] sd 2:0:0:0: Attached scsi generic sg0 type 0
[   17.277811] sd 2:0:0:0: [sda] 20971520 512-byte logical blocks: (10.7 GB/10.0 GiB)
[   17.277934] sd 2:0:0:0: [sda] Write Protect is off
[   17.278020] sd 2:0:0:0: [sda] Incomplete mode parameter data
[   17.278022] sd 2:0:0:0: [sda] Assuming drive cache: write through
[   17.291437]  sda: sda1
[   17.292232] sd 2:0:0:0: [sda] Attached SCSI disk
[   17.521538] sd 2:0:1:0: Attached scsi generic sg1 type 0
[   17.521686] sd 2:0:1:0: [sdb] 20480 512-byte logical blocks: (10.5 MB/10.0 MiB)
[   17.521797] sd 2:0:1:0: [sdb] Write Protect is off
[   17.521868] sd 2:0:1:0: [sdb] Incomplete mode parameter data
[   17.521869] sd 2:0:1:0: [sdb] Assuming drive cache: write through
[   17.554076] sd 2:0:1:0: [sdb] Attached SCSI disk
[   18.188085] floppy0: no floppy controllers found
Begin: Loading e[   20.337217] md: linear personality registered for level -1
ssential drivers ... [   20.451080] md: multipath personality registered for level -4
[   20.496077] md: raid0 personality registered for level 0
[   20.665124] md: raid1 personality registered for level 1
[   20.882135] raid6: sse2x1   gen()  9317 MB/s
[   21.020908] raid6: sse2x1   xor()  2514 MB/s
[   21.116101] raid6: sse2x2   gen()  9043 MB/s
[   21.231984] raid6: sse2x2   xor()  7577 MB/s
[   21.428576] raid6: sse2x4   gen() 13642 MB/s
[   21.729112] raid6: sse2x4   xor()  7924 MB/s
[   21.860680] raid6: using algorithm sse2x4 gen() 13642 MB/s
[   21.945228] raid6: .... xor() 7924 MB/s, rmw enabled
[   22.122331] raid6: using ssse3x2 recovery algorithm
[   22.413968] xor: automatically using best checksumming function:
[   22.488894]    avx       : 22051.000 MB/sec
[   22.512189] async_tx: api initialized (async)
[   22.540510] md: raid6 personality registered for level 6
[   22.554665] md: raid5 personality registered for level 5
[   22.556613] md: raid4 personality registered for level 4
[   22.564139] md: raid10 personality registered for level 10
done.
Begin: Running /scripts/init-premount ... done.
Begin: Mounting root file system ... Begin: Running /scripts/local-top ... done.
Begin: Running /scripts/local-premount ... [   22.600633] Btrfs loaded
Scanning for Btrfs filesystems
done.
Warning: fsck not present, so skipping root file system
[   22.740088] EXT4-fs (sda1): mounted filesystem with ordered data mode. Opts: (null)
done.
Begin: Running /scripts/local-bottom ... done.
Begin: Running /scripts/init-bottom ... done.
[   23.722435] random: nonblocking pool is initialized
[   24.022431] systemd[1]: systemd 229 running in system mode. (+PAM +AUDIT +SELINUX +IMA +APPARMOR +SMACK +SYSVINIT +UTMP +LIBCRYPTSETUP +GCRYPT +GNUTLS +ACL +XZ -LZ4 +SECCOMP +BLKID +ELFUTILS +KMOD -IDN)
[   24.513808] systemd[1]: Detected virtualization oracle.
[   24.514569] systemd[1]: Detected architecture x86-64.

Welcome to [1mUbuntu 16.04.4 LTS[0m!

[   24.605330] systemd[1]: Set hostname to <ubuntu01>.
[   26.480846] systemd[1]: Reached target User and Group Name Lookups.
[[0;32m  OK  [0m] Reached target User and Group Name Lookups.
[   26.516284] systemd[1]: Listening on /dev/initctl Compatibility Named Pipe.
[[0;32m  OK  [0m] Listening on /dev/initctl Compatibility Named Pipe.
[   26.759632] systemd[1]: Listening on Journal Socket.
[[0;32m  OK  [0m] Listening on Journal Socket.
[   26.829502] systemd[1]: Created slice User and Session Slice.
[[0;32m  OK  [0m] Created slice User and Session Slice.
[   26.993458] systemd[1]: Listening on udev Kernel Socket.
[[0;32m  OK  [0m] Listening on udev Kernel Socket.
[   27.028682] systemd[1]: Created slice System Slice.
[[0;32m  OK  [0m] Created slice System Slice.
[   27.096081] systemd[1]: Mounting Debug File System...
         Mounting Debug File System...
[   27.285591] systemd[1]: Starting Remount Root and Kernel File Systems...
         Startin[   27.316671] EXT4-fs (sda1): re-mounted. Opts: (null)
g Remount Root and Kernel File Systems...
[   27.420170] systemd[1]: Starting Load Kernel Modules...
         Starting Load Kernel Modules...
[   27.432914] systemd[1]: Created slice system-serial\x2dgetty.slice.
[[0;32m  OK  [0m] Created slice system-serial\x2dgetty.slice.
[   27.463926] systemd[1]: Listening on Journal Socket (/dev/log).
[[0;32m  OK  [0m] Listening on Journal Socket (/dev/log).
[   27.508122] systemd[1]: Listening on Syslog Socket.
[[0;32m  OK  [0m] Listening on Syslog Socket.
[   27.540095] systemd[1]: Mounting POSIX Message Queue File System...
         Mounting POSIX Message Queue File System...
[   27.583823] systemd[1]: Started Trigger resolvconf update for networkd DNS.
[[0;32m  OK  [0m] Started Trigger resolvconf update for networ[   27.611873] Loading iSCSI transport class v2.0-870.
kd DNS.
[   278804490] systemd[1]: Starting Set console keymap...
         Starting Set console keymap...
[   27.974629] iscsi: registered transport (tcp)
[   28.044404] systemd[1]: Listening on LVM2 poll daemon socket.
[[0;32m  OK  [0m] Listening on LVM2 poll daemon socket.
[   28.063465] systemd[1]: Started Forward Password Requests to Wall Directory Watch.
[[0;32m  OK  [0m] Started Forward Password Requests to Wall Directory Watch.
[   28.071464] systemd[1]: Listening on LVM2 metadata daemon socket.
[[0;32m  OK  [0m] Listening on LVM2 metadata daemon socket.
[   28.073548] systemd[1]: Listening on udev Control Socket.
[[0;32m  OK  [0m] Listening on udev Control Socket.
[   28.075393] systemd[1]: Listening on Journal Audit Socket.
[[0;32m  OK  [0m] Listening on Journal Audit Socket.
[   28.092146] systemd[1]: Starting Nameserver information manager...
         Starting Nameserver information manager...
[   28.180036] systemd[1]: Reached target Swap.
[[0;32m  OK  [0m] Reached target Swap.
[   28.194454] iscsi: registered transport (iser)
[   28.493990] systemd[1]: Set up automount Arbitrary Executable File Formats File System Automount Point.
[[0;32m  OK  [0m] Set up automount Arbitrary Executab...ats File System Automount Point.
[   28.980053] systemd[1]: Reached target Slices.
[[0;32m  OK  [0m] Reached target Slices.
[   29.146269] systemd[1]: Starting Create list of required static device nodes for the current kernel...
         Starting Create list of required st... nodes for the current kernel...
[   29.328152] systemd[1]: Starting Journal Service...
         Starting Journal Service...
[   29.343408] systemd[1]: Reached target Encrypted Volumes.
[[0;32m  OK  [0m] Reached target Encrypted Volumes.
[   29.388970] systemd[1]: Starting Uncomplicated firewall...
         Starting Uncomplicated firewall...
[   29.456205] systemd[1]: Listening on Device-mapper event daemon FIFOs.
[[0;32m  OK  [0m] Listening on Device-mapper event daemon FIFOs.
[   29.756228] systemd[1:: Starting Monitoring of LVM2 mirrors, snapshots etc. using dmeventd or progress polling...
         Starting Monitoring of LVM2 mirrors... dmeventd or progress polling...
[   29.955233] systemd[1]: Mounting Huge Pages File System...
         Mounting Huge Pages File System...
[   30.259137] systemd[1]: Mounted POSIX Message Queue File System.
[[0;32m  OK  [0m] Mounted POSIX Message Queue File System.
[   30.376178] systemd[1]: Mounted Debug File System.
[[0;32m  OK  [0m] Mounted Debug File System.
[   30.425557] systemd[1]: Mounted Huge Pages File System.
[[0;32m  OK  [0m] Mounted Huge Pages File System.
[   30.568585] systemd[1]: Started Journal Service.
[[0;32m  OK  [0m] Started Journal Service.
[[0;32m  OK  [0m] Started Remount Root and Kernel File Systems.
[[0;32m  OK  [0m] Started Load Kernel Modules.
[[0;32m  OK  [0m] Started Set console keymap.
[[0;32m  OK  [0m] Started Create list of required sta...ce nodes for the current kernel.
[[0;32m  OK  [0m] Started Uncomplicated firewall.
[[0;32m  OK  [0m] Started Nameserver information manager.
[[0;32m  OK  [0m] Started LVM2 metadata daemon.
         Starting Create Static Device Nodes in /dev...
         Starting Apply Kernel Variables...
         Mounting FUSE Control File System...
         Starting Initial cloud-init job (pre-networking)...
         Starting Load/Save Random Seed...
         Starting udev Coldplug all Devices...
         Starting Flush Journal to Persistent Storage...
[[0;32m  OK  [0m] Mounted FUSE Control File System.
[[0;32m  OK  [0m] Started Load/Save Random Seed.
[[0;32m  OK  [0m] Started Apply Kernel Variables.
[[0;32m  OK  [0m] Started udev Coldplug all Devices.
[[0;32m  OK  [0m] Started Flush Journal to Persistent Storage.
[[0;32m  OK  [0m] Started Monitoring of LVM2 mirrors,...ng dmeventd or progress polling.
[[0;32m  OK  [0m] Started Create Static Device Nodes in /dev.
         Starting udev Kernel Device Manager...
[[0;32m  OK  [0m] Started udev Kernel Device Manager.
[[0;32m  OK  [0m] Reached target Local File Systems (Pre).
[[0;32m  OK  [0m] Reached target Local File Systems.
         Starting Create Volatile Files and Directories...
         Starting Set console font and keymap...
         Starting Tell Plymouth To Write Out Runtime Data...
         Starting LSB: AppArmor initialization...
[[0;32m  OK  [0m] Started Dispatch Password Requests to Console Directory Watch.
[[0;32m  OK  [0m] Found device /dev/ttyS0.
[[0;32m  OK  [0m] Started Tell Plymouth To Write Out Runtime Data.
[[0;32m  OK  [0m] Started Create Volatile Files and Directories.
         Starting Update UTMP about System Boot/Shutdown...
[[0;32m  OK  [0m] Reached target System Time Synchronized.
[[0;32m  OK  [0m] Started Update UTMP about System Boot/Shutdown.
[[0;32m  OK  [0m] Found device 82540EM Gigabit Ethern...r (PRO/1000 MT Desktop Adapter).
[[0;32m  OK  [0m] Found device 82540EM Gigabit Ethern...r (PRO/1000 MT Desktop Adapter).
[[0;32m  OK  [0m] Started Set console font and keymap.
[[0;32m  OK  [0m] Listening on Load/Save RF Kill Switch Status /dev/rfkill Watch.
[[0;32m  OK  [0m] Created slice system-getty.slice.
[[0;32m  OK  [0m] Started LSB: AppArmor initialization.
[   30.636573] cloud-init[449]: Cloud-init v. 17.2 running 'init-local' at Thu, 19 Apr 2018 15:09:16 +0000. Up 29.46 seconds.
[[0;32m  OK  [0m] Started Initial cloud-init job (pre-networking).
[[0;32m  OK  [0m] Reached target Network (Pre).
[[0;32m  OK  [0m] Started ifup for enp0s3.
[[0;32m  OK  [0m] Started ifup for enp0s8.
         Starting Raise network interfaces...
[[0;32m  OK  [0m] Started Raise network interfaces.
[[0;32m  OK  [0m] Reached target Network.
         Starting Initial cloud-init job (metadata service crawler)...
[   32.322895] cloud-init[1096]: Cloud-init v. 17.2 running 'init' at Thu, 19 Apr 2018 15:09:18 +0000. Up 31.55 seconds.
[   32.335087] cloud-init[1096]: ci-info: +++++++++++++++++++++++++++++++++++++Net device info++++++++++++++++++++++++++++++++++++++
[   32.337818] cloud-init[1096]: ci-info: +--------+------+----------------------------+---------------+-------+-------------------+
[[0;32m  OK  [0m] Started Initial cloud-init job (metadata service crawler).
[[0;32m  OK  [0m] Reached target Cloud-config availability.
[[0;32m  OK  [0m] Reached target Network is Online.
[   32.445952] cloud-init[1096]: ci-info: | Device |  Up  |          Address           |      Mask     | Scope |     Hw-Address    |
[   32.541314] cloud-init[1096]: ci-info: +--------+------+----------------------------+---------------+-------+-------------------+
[   32.625616] cloud-init[1096]: ci-info: | enp0s3 | True |         10.0.2.15          | 255.255.255.0 |   .   | 02:44:03:e3:22:ab |
[   32.705110] cloud-init[1096]: ci-info: | enp0s3 | True | fe80::44:3ff:fee3:22ab/64  |       .       |  link | 02:44:03:e3:22:ab |
         Starting iSCSI initiator daemon (iscsid)...
[[0;32m  OK  [0m] Reached target System Initialization.
[[0;32m  OK  [0m] Listening on UUID daemon activation socket.
[   32.759043] cloud-init[1096]: ci-info: | enp0s8 | True |        192.168.5.20        | 255.255.255.0 |   .   | 08:00:27:ab:0e:4e |
[   32.913622] cloud-init[1096]: ci-info: | enp0s8 | True | fe80::a00:27ff:feab:e4e/64 |       .       |  link | 08:00:27:ab:0e:4e |
[   32.932331] cloud-init[1096]: ci-info: |   lo   | True |         127.0.0.1          |   255.0.0.0   |   .   |         .         |
[   32.960349] cloud-init[1096]: ci-info: |   lo   | True |          ::1/128           |       .       |  host |         .         |
[   33.016348] cloud-init[1096]: ci-info: +--------+------+----------------------------+---------------+-------+-------------------+
[   33.060304] cloud-init[1096]: ci-info: +++++++++++++++++++++++++++Route IPv4 info++++++++++++++++++++++++++++
[[0;32m  OK  [0m] Started Timer to automatically refresh installed snaps.
[   33.151132] cloud-init[1096]: ci-info: +-------+-------------+----------+---------------+-----------+-------+
[   33.182754] cloud-init[1096]: ci-info: | Route | Destination | Gateway  |    Genmask    | Interface | Flags |
[   33.217120] cloud-init[1096]: ci-info: +-------+-------------+----------+---------------+-----------+-------+
[   33.242829] cloud-init[1096]: ci-info: |   0   |   0.0.0.0   | 10.0.2.2 |    0.0.0.0    |   enp0s3  |   UG  |
[   33.272310] cloud-init[1096]: ci-info: |   1   |   10.0.2.0  | 0.0.0.0  | 255.255.255.0 |   enp0s3  |   U   |
         Starting LXD - unix socket.
[   33.375094] cloud-init[1096]: ci-info: |   2   | 192.168.5.0 | 0.0.0.0  | 255.255.255.0 |   enp0s8  |   U   |
[   33.383134] cloud-init[1096]: ci-info: +-------+-------------+----------+---------------+-----------+-------+
[[0;32m  OK  [0m] Started ACPI Events Check.
[[0;32m  OK  [0m] Reached target Paths.
[[0;32m  OK  [0m] Started Daily Cleanup of Temporary Directories.
         Starting Socket activation for snappy daemon.
[[0;32m  OK  [0m] Listening on ACPID Listen Socket.
[[0;32m  OK  [0m] Listening on D-Bus System Message Bus Socket.
[[0;32m  OK  [0m] Started Daily apt download activities.
[[0;32m  OK  [0m] Started Daily apt upgrade and clean activities.
[[0;32m  OK  [0m] Reached target Timers.
[[0;32m  OK  [0m] Listening on LXD - unix socket.
[[0;32m  OK  [0m] Listening on Socket activation for snappy daemon.
[[0;32m  OK  [0m] Started iSCSI initiator daemon (iscsid).
         Starting Login to default iSCSI targets...
[[0;32m  OK  [0m] Reached target Sockets.
[[0;32m  OK  [0m] Reached target Basic System.
[[0;32m  OK  [0m] Started ClamAV virus database updater.
[[0;32m  OK  [0m] Started ACPI event daemon.
         Starting Apply the settings specified in cloud-config...
         Starting LSB: Record successful boot for GRUB...
         Starting LXD - container startup/shutdown...
         Starting Login Service...
         Starting OpenBSD Secure Shell server...
[[0;32m  OK  [0m] Started Regular background program processing daemon.
         Starting Linux Malware Detect monitoring - maldet...
[[0;32m  OK  [0m] Started FUSE filesystem for LXC.
[   34.474886] [cloud-init[0;32m  OK  [0m[1159]: ] Cloud-init v. 17.2 running 'modules:config' at Thu, 19 Apr 2018 15:09:20 +0000. Up 34.07 seconds.Started Unattended Upgrades Shutdown.

[[0;32m  OK  [0m] Started Deferred execution scheduler.
         Starting Snappy daemon...
         Starting LSB: MD monitoring daemon...
         Starting System Logging Service...
         Starting Accounts Service...
         Starting vsftpd FTP server...
[[0;32m  OK  [0m] Started D-Bus System Message Bus.
         Starting /etc/rc.local Compatibility...
[[0;32m  OK  [0m] Started OpenBSD Secure Shell server.
[[0;32m  OK  [0m] Started System Logging Service.
[[0;32m  OK  [0m] Started Apply the settings specified in cloud-config.
[[0;32m  OK  [0m] Started vsftpd FTP server.
[[0;32m  OK  [0m] Started /etc/rc.local Compatibility.
[[0;32m  OK  [0m] Started Login Service.
         Starting Authenticate and Authorize Users to Run Privileged Tasks...
[[0;32m  OK  [0m] Started LSB: Record successful boot for GRUB.
[[0;32m  OK  [0m] Started LSB: MD monitoring daemon.
[[0;32m  OK  [0m] Started Login to default iSCSI targets.
[[0;32m  OK  [0m] Reached target Remote File Systems (Pre).
[[0;32m  OK  [0m] Reached target Remote File Systems.
         Starting LSB: Postfix Mail Transport Agent...
         Starting LSB: Set the CPU Frequency Scaling governor to "ondemand"...
         Starting LSB: VirtualBox Linux Additions...
         Starting Permit User Sessions...
         Starting LSB: automatic crash report generation...
         Starting LSB: daemon to balance interrupts for SMP systems...
[[0;32m  OK  [0m] Started Permit User Sessions.
[[0;32m  OK  [0m] Started LXD - container startup/shutdown.
[[0;32m  OK  [0m] Started LSB: Set the CPU Frequency Scaling governor to "ondemand".
[[0;32m  OK  [0m] Started Authenticate and Authorize Users to Run Privileged Tasks.
[[0;32m  OK  [0m] Started Accounts Service.
[[0;32m  OK  [0m] Created slice User Slice of ubuntu.
         Starting User Manager for UID 1000...
         Starting Terminate Plymouth Boot Screen...
         Starting Hold until boot process finishes up...
[[0;32m  OK  [0m] Started LSB: automatic crash report generation.
[[0;32m  OK  [0m] Started Terminate Plymouth Boot Screen.
[[0;32m  OK  [0m] Started Hold until boot process finishes up.
[[0;32m  OK  [0m] Started Session 1 of user ubuntu.
         Starting Set console scheme...
[[0;32m  OK  [0m] Started Serial Getty on ttyS0.
[[0;32m  OK  [0m] Started Getty on tty1.
[[0;32m  OK  [0m] Reached target Login Prompts.
[[0;32m  OK  [0m] Started LSB: daemon to balance interrupts for SMP systems.
[[0;32m  OK  [0m] Started Set console scheme.
[[0;32m  OK  [0m] Started User Manager for UID 1000.
[[0;32m  OK  [0m] Started LSB: VirtualBox Linux Additions.
[[0;32m  OK  [0m] Started Snappy daemon.
[[0;32m  OK  [0m] Started LSB: Postfix Mail Transport Agent.
[[0;32m  OK  [0m] Reached target Mail Transport Agent.
[[0;32m  OK  [0m] Started Linux Malware Detect monitoring - maldet.
[[0;32m  OK  [0m] Reached target Multi-User System.
[[0;32m  OK  [0m] Reached target Graphical Interface.
         Starting Update UTMP about System Runlevel Changes...
         Starting Execute cloud user/final scripts...
[[0;32m  OK  [0m] Started Update UTMP about System Runlevel Changes.
[   41.855054] cloud-init[1690]: Cloud-init v. 17.2 running 'modules:final' at Thu, 19 Apr 2018 15:09:27 +0000. Up 40.57 seconds.
[   41.973542] cloud-init[1690]: Cloud-init v. 17.2 finished at Thu, 19 Apr 2018 15:09:28 +0000. Datasource DataSourceNoCloud [seed=/dev/sdb][dsmode=net].  Up 41.84 seconds
[[0;32m  OK  [0m] Started Execute cloud user/final scripts.
[[0;32m  OK  [0m] Reached target Cloud-init target.
         Starting Daily apt download activities...

Ubuntu 16.04.4 LTS ubuntu01 ttyS0

ubuntu01 login: 