[    0.000000] Initialzi croup subsys cpet
[   0000] Itiizing cgroup subsys cpu
[    0.000000] Initializing cgroup subsys cpuacct
[    0.000000] Linux version 4.4.0-101-generic (buildd@lcy01-amd64-006) (gcc version 5.0 01609 bunt5.0-6untu1~.04.5) #4-Ubntu SMP Fri Nov 10 18:29:59 UTC 2017 (Ubuntu 4.4.0-101.124-generic 4.4.95)
[    0.000000] Command line: BOOT_IMAGE=/boot/vmlinuz-4.4.0-101-generic root=LABEL=cloudimg-rootfs ro console=tty1 console=ttyS0
[    0.000000] KERNEL supported cpus:
[    0.000000]   Intel GenuineIntel
[    0.000000]   AMD AuthenticAMD
[    0.000000]   Centaur CentaurHauls
[    0.000000] x86/fpu: xstate_offset[2]:  576, xstate_sizes[2]:  256
[    0.000000] x86/fpu: Supporting XSAVE feature 0x01: 'x87 floating point registers'
[    0.000000] x86/fpu: Supporting XSAVE feature 0x02: 'SSE registers'
[    0.000000] x86/fpu: Supporting XSAVE feature 0x04: 'AVX registers'
[    0.000000] x86/fpu: Enabled xstate features 0x7, context size is 832 bytes, using 'standard' foat
[  00000] 6/pu: Using 'lazy' FPU context switches.
[    0.0000] e20BIOS-pvid physicl M map:[   0000] IOS-e820: [mem 0x0000000000000000-0x000000000009fbff] usable
[    0.000000] BIOS-e820: [mem 0x000000000009fc00-0x000000000009ffff] reserved
[    0.000000] BIOS-e820: [mem 0x00000000000f0000-0x00000000000fffff] reserved
[    0.000000] BIOS-e820: [mem 0x0000000000100000-0x000000003ffeffff] usable
[    0.000000] BIOS-e820: [mem 0x000000003fff0000-0x000000003fffffff] ACPI data
[    0.000000] BIOS-e820: [mem 0x00000000fffc0000-0x00000000ffffffff] reserved
[    0.000000] NX (Execute Disable) protection: active
[    0.000000] SMBIOS 2.5 present.
[    0.000000] Hypervisor detected: M[   0.000000] e820: last_p =x3fff0 axarh_fn = 0x400000000
[    0.000000] MTRR: Disabled
[    0.000000] x86/PAT:MTs isabed siping PAT initialization too.
[    0.000000] CPU MTRRs all blank - vtulied system.
[    0.000000] x86/PAT: Configuration [0-7]: WB  WT  UC- UC  WB  WT  UC- UC  
[    0.000000] found SMP MP-table at [mem 0x0009fff0-0x0009ffff] mapped at [ffff88000009fff0]
[    0.000000] Scanning 1 areas for low memory corruption
[    0.0000] MDSK: [m 036c0-0x37555fff]
[    0.0000]CPI: Elyablehesum veriictin disabled
[    0.000000] ACPI: RSDP 0x00000000000E0000 00004 (v02 VBOX  )
[   00000] ACPI: XSDT 0x000000003FFF0030 00003C (v01 VBOX   VBOXXSDT 00000001 ASL  00000061)
[    0.000000] ACPI: FACP 0x000000003FFF00F0 0000F4 (v04 VBOX   VBOXFACP 00000001 ASL  00000061)
[    0.000000] ACPI: DSDT 0x000000003FFF0470 002118 (v01 VBOX   VBOXBIOS 00000002 INTL 20160108)
[    0.000000] ACPI: FACS 0x000000003FFF0200 000040
[    0.000000] ACPI: FACS 0x000000003FFF0200 000040
[    0.000000] ACPIAPC x000000003FFF2400005C (v02 VBOX   VBOXAPIC 00000001 ASL  0000006)    0.000000] ACPI: SSDT 0x000000003FFF02A0 001C (v01 VBOX   VBOXCPUT 00000002 INTL 20160108)
[    0.000000] No NUMA configuration found
[    0.000000] Faking a node at [mem 00000000000000-0000000ffeffff]
[   0.000000] ODE_DATA(0) allocedmem 0x3ffeb000-0x3ffeffff]
[    0.000000] kvm-clock: Using msrs 4b564d01 and 4b564d0
[  0.000000] kvm-clock: cpu 0, msr 0:3ffe3001, primary cpu clock
[    0.000000] kvm-clock: using sched offset of 3137293606 cycles
[    0000000] clocksurcekvcloc mk: 0xffffffffffffffff max_cycles: 0x1cd42e4dffb, max_idle_ns: 88105913 
[    0.00000] Ze nges:
[    0.000000]   DMA      [me0x00000001000-0x00000000ffff]
[    0.00000  DMA32    [mem 0x000000000000-0000003ffeffff]
[  00000]  orl   pt
[    0.000000] Dvice   emp
[    0.00000] vae zone srtfor eah de
[    0000] rlmemory node ranges[   0.00]   de 0: [mem 0x0000000001000-0x000000000009efff]
[    0.000000]   node   0: [mem 0x0000000000100000-0x000000003ffeffff]
[    0.000000] Initmem setup node 0 [mem 0x0000000000001000-0x000000003ffeffff]
[    0.000000] ACPI: PM-Timer IO Port: 0x4008
[    0.000000] IOAPIC[0]: apic_id 2, version 17, address 0xfec00000, GSI 0-23
[    0.000000] ACPI: INT_SRC_OVR (bus 0 bus_irq 0 global_irq 2 dfl dfl)
[    0.000000] ACPI: INT_SRC_OVR (bus 0 bus_irq 9 global_irq 9 high lvel)
[    0.000000] Using ACPI (MADT) for SMP configuration information
[    0.000000] smpboot: Allowing 2 CPUs, 0 hotplug CPUs
[    0.000000] PM: Registered nosave memory: [mem 0x00000000-0x00000fff]
[    0.000000] PM: Registered nosave memory: [mem 0x0009f000-0x0009ffff]
[    0.000000] PM: Registered nosave memory: [mem 0x000a0000-0x000effff]
[    0.000000] PM: Registered nosave memory: [mem 0x000f0000-0x000fffff]
[    0.000000] e820: [mem 0x40000000-0xfffbffff] available for PCI devices
[    0.000000] Booting paravirtualized kernel on KVM
[    0.000000] clocksource: refined-jiffiesma: 0xffffffff maxycs: 0xffffff, maide_ns: 7651002168s
[    0.0000] stupercpu: NR_CPUS:2 _cpumask_bits:51nrpu_ids nnodeds
[    0000] PCP Embedded 4 ges/cpu @ffff880030000s98328 19d32744 u1048576
[    0.000000] PV qspinlockastable entries: 256 (order: 0, 4096 bytes)[   0.0000 Built 1 zonelists in No order, mobiity grouping on.  Total pages: 257913
[    0.00000 Plicy zone: DMA32[   0.000000Kern cmand le:OOT_AG/boot/vmluz.4.001eneric rooLABEcldimg-rootfs ro console=tty1 console=ttyS0
[    0.000000] PID hash tabl eries: 4096 (order: 3,278 ytes)
[    0.000000] Memory: 1001708K/0420K availble 48 kernel code, 12K wdta, 88roda, 92K init, 1316K bss, 46412K reserved, 0K cma-reserved)
[   .0000] SLUB: HWali=6 Order=0-3, MinOec=0, CPUs=2, Node1[    0.000000]Hierarchical RCU impmentio
[   .0000] 	Build-time adjustment of leaf fanout to 64.
[    0.000000] 	RCU restricting CPUs from NR_CPUS=512 to nr_cpu_ids=2.
[    0.000000] RCU: Adjusting geometry for rcu_fanout_leaf=6 ncp_ids
   0000] NR_IRQS:33024r_qs:440 16
[    0.000000] Console: colour VGA+ 80x25
[    0.000000] console [tty1] enabled
[    0.000000] console [ttyS0] enabled
[    0.000000] tsc: Detected 3299.932 MHz processor
[    9.501352] Calibrating delay loop (skipped) preset value.. 6599.86 BogoMIPS (lpj=13199728)
[    9.502565] pid_max: default: 32768 minimum: 301
[    9.503214] ACPI: Core revision 20150930
[    9.504619] ACPI: 2 ACPI AML tables successfully acquired and loaded
[    9.505644] Security Framework initialized
[    9.506295] Yama: becoming mindful.
[    9.506858] AppArmor: AppArmor initialized
[    9.507541] Dentry cache hash table entries: 131072 (oer8, 1048576 bytes)
[    9.600848] Inode-cache hash table entries: 65536 (order: 7, 524288 bytes)
[    9.685524] Mount-cache hash table entries: 2048 (order: 2, 16384 bytes)
[    9.686405] Mountpoint-cache hash table entries: 2048 (order: 2, 16384 bytes)
[    9.687433] Initializing cgroup subsys io
[    9.688045] Initializing cgroup subsys memory
[    9.688694] Initializing cgroup subsys devices
[    9.777137] Initializing cgroup subsys freezer
[    9.793769] Initializing cgroup subsys net_cls
[    9.799737] Initializing cgroup subsys perf_event
[    9.800440] Initializing cgroup subsys net_prio
[    9.821144] Initializing cgroup subsys hugetlb
[    9.833688] Initializing cgroup subsys pids
[    9.834417] CPU: Physical Processor ID: 0
[    9.835054] CPU: Processor Core ID: 0
[    9.835928] mce: CPU supports 0 MCE banks
[    9.836574] Last level iTLB entries: 4KB 512, 2MB 8, 4MB 8
[    9.837344] Last level dTLB entries: 4KB 512, 2MB 32, 4MB 32, 1GB 0
[    9.839908] Freeing SMP alternatives memory: 32K
[    9.976702] frce: allocating 32156 entries in 126 pages
[   10.103246] smpboot: APIC(0) Converting physical 0 to logical package 0
[   10.289701] smpboot: Max logical packages: 1
[   10.408602] ..TIMER: vector=0x30 apic1=0 pin1=2 apic2=-1 pin2=-1
[   10.685374] smpboot: CPU0: Intel(R) Core(TM) i5-3550 CPU @ 3.30GHz (family: 0x6, model: 0x3a, stepping: 0x9)
[   10.865380] Performance Events: unsupported p6 CPU model 58 no PMU driver, software events only.
[   10.891385] KVM setup paravirtual spinlock
[   10.908533] x86: Booting SMP configuration:
[   11.041904] .... node  #0, CPUs:      #1
[   11.142162] kvm-clock: cpu 1, msr 0:3ffe3041, secondary cpu clock
[   11.367632] mce: CPU supports 0 MCE banks
[   11.539675] x86: Booted up 1 node, 2 CPUs
[   11.579526] smpboot: Total of 2 processors activated (13199.72 BogoMIPS)
[   11.613878] devtmpfs: initialized
[   11.635015] evm: security.selinux
[   11.640928] evm: security.SMACK64
[   11.641558] evm: security.SMACK64EXEC
[   11.642132] evm: security.SMACK64TRANSMUTE
[   11.642746] evm: security.SMACK64MMAP
[   11.643350] evm: security.ima
[   11.643884] evm: security.capability
[   11.644781] clocksource: jiffies: mask: 0xffffffff max_cycles: 0xffffffff, max_idle_ns: 7645041785100000 ns
[   11.650406] futex hash table entries: 512 (order: 3, 32768 bytes)
[   11.681547] pinctrl core: initialized pinctrl subsystem
[   11.716164] RTC time: 10:16:44, date: 12/21/17
[   11.717383] NET: Registered protocol family 16
[   11.737189] cpuidle: using governor ladder
[   11.761260] cpuidle: using governor menu
[   11.856408] PCCT header not found.
[   11.900725] ACPI: bus type PCI registered
[   11.929928] acpiphp: ACPI Hot Plug PCI Controller Driver version: 0.5
[   12.033552] PCI: Using configuration type 1 for base access
[   12.173946] ACPI: Added _OSI(Module Device)
[   12.292112] ACPI: Added _OSI(Processor Device)
[   12.348112] ACPI: Added _OSI(3.0 _SCP Extensions)
[   12.367967] ACPI: Added _OSI(Processor Aggregator Device)
[   12.369301] ACPI: Executed 1 blocks of module-level executable AML code
[   12.371844] ACPI: Interpreter enabled
[   12.388265] ACPI: (supports S0 S5)
[   12.388885] ACPI: Using IOAPIC for interrupt routing
[   12.412594] PCI: Using host bridge windows from ACPI; if necessary, use "pci=nocrs" and report a bug
[   12.562725] ACPI: PCI Root Bridge [PCI0] (domain 0000 [bus 00-ff])
[   12.730563] acpi PNP0A03:00: _OSC: OS supports [ASPM ClockPM Segments MSI]
[   12.892428] acpi PNP0A03:00: _OSC failed (AE_NOT_FOUND); disabling ASPM
[   13.001700] acpi PNP0A03:00: fail to add MMCONFIG information, can't access extended PCI configuration space under this bridge.
[   13.085540] PCI host bridge to bus 0000:00
[   13.086156] pci_bus 0000:00: root bus resource [io  0x0000-0x0cf7 window]
[   13.087023] pci_bus 0000:00: root bus resource [io  0x0d00-0xffff window]
[   13.087896] pci_bus 0000:00: root bus resource [mem 0x000a0000-0x000bffff window]
[   13.088998] pci_bus 0000:00: root bus resource [mem 0x40000000-0xffdfffff window]
[   13.090106] pci_bus 0000:00: root bus resource [bus 00-ff]
[   13.092008] pci 0000:00:01.1: legacy IDE quirk: reg 0x10: [io  0x01f0-0x01f7]
[   13.278601] pci 0000:00:01.1: legacy IDE quirk: reg 0x14: [io  0x03f6]
[   13.463921] pci 0000:00:01.1: legacy IDE quirk: reg 0x18: [io  0x0170-0x0177]
[   13.663070] pci 0000:00:01.1: legacy IDE quirk: reg 0x1c: [io  0x0376]
[   13.807355] ACPI: PCI Interrupt Link [LNKA] (IRQs 5 9 10 11) *0, disabled.
[   13.982985] ACPI: PCI Interrupt Link [LNKB] (IRQs 5 9 10 *11)
[   14.068734] ACPI: PCI Interrupt Link [LNKC] (IRQs 5 9 *10 11)
[   14.084717] ACPI: PCI Interrupt Link [LNKD] (IRQs 5 *9 10 11)
[   14.085960] ACPI: Enabled 2 GPEs in block 00 to 07
[   14.087046] vgaarb: setting as boot device: PCI:0000:00:02.0
[   14.096840] vgaarb: device added: PCI:0000:00:02.0,decodes=io+mem,owns=io+mem,locks=none
[   14.098083] vgaarb: loaded
[   14.107049] vgaarb: bridge control possible 0000:00:02.0
[   14.254762] SCSI subsystem initialized
[   14.323956] ACPI: bus type USB registered
[   14.409449] usbcore: registered new interface driver usbfs
[   14.538325] usbcore: registered new interface driver hub
[   14.697730] usbcore: registered new device driver usb
[   14.721358] PCI: Using ACPI for IRQ routing
[   14.722204] NetLabel: Initializing
[   14.722750] NetLabel:  domain hash size = 128
[   14.723380] NetLabel:  protocols = UNLABELED CIPSOv4
[   14.724092] NetLabel:  unlabeled traffic allowed by default
[   14.725102] amd_nb: Cannot enumerate AMD northbridges
[   14.801704] clocksource: Switched to clocksource kvm-clock
[   14.808032] AppArmor: AppArmor Filesystem Enabled
[   14.852629] pnp: PnP ACPI init
[   14.853808] pnp: PnP ACPI: found 3 devices
[ 14649]losoceac_p mk:xfffma_cle 0fff,axdlns2070024 ns
  5.26] T:egted proocol amy 

[   16.324139] TCP established hash table entries: 8192 (orde: , 55 bes
[  176643] TCP bind hash table entries: 8192 (order: 5, 131072 bytes)
[   16.9228]CPHa tlecoigre(eabsh 82 nd19
  7.88] P shable entries: 512 (order: 2, 16384 bytes)
[   17.922602] UDP-Lite hash table entries: 512 (order: 2, 16384 bytes)
[   17.923514] NET: Registered protocol family 1
[   17.924203] pci 0000:00:00.0: Limiting direct PCI/PCI transfers
[   17.925036] pci 0000:00:01.0: Activating ISA DMA hang workarounds
[   17.926389] Unpacking initramfs...
[   19.379075] Freeing initrd memory: 10856K
[   19.391655] RAPL PMU detected, API unit is 2^-32 Joules, 3 fixed counters 10737418240 ms ovfl timer
[   19.529281] hw unit of domain pp0-core 2^-0 Joules
[   19.672653] hw unit of domain package 2^-0 Joules
[   19.809761] hw unit of domain pp1-gpu 2^-0 Joules
[   19.923026] platform rtc_cmos: registered platform RTC device (no PNP device found)
[   19.924241] Scanning for low memory corruption every 60 seconds
[   20.059109] audit: initializing netlink subsys (disabled)
[   20.061783] audit: type=2000 audit(1513851403.749:1): initialized
[   20.062876] Initialise system trusted keyring
[   20.063917] HugeTLB registered 2 MB page size, pre-allocated 0 pages
[   20.065974] zbud: loaded
[   20.066713] VFS: Disk quotas dquot_6.6.0
[   20.067363] VFS: Dquot-cache hash table entries: 512 (order 0, 4096 bytes)
[   20.068509] squashfs: version 4.0 (2009/01/31) Phillip Lougher
[   20.069633] fuse init (API version 7.23)
[   20.080928] Key type big_key registered
[   20.087839] Allocating IMA MOK and blacklist keyrings.
[   20.090112] Key type asymmetric registered
[   20.201639] Asymmetric key parser 'x509' registered
[   20.330824] Block layer SCSI generic (bsg) driver version 0.4 loaded (major 249)
[   20.342160] io scheduler noop registered
[   20.342760] io scheduler deadline registered (default)
[   20.343496] io scheduler cfq registered
[   20.344173] pci_hotplug: PCI Hot Plug PCI Core version: 0.5
[   20.344930] pciehp: PCI Express Hot Plug Controller Driver version: 0.4
[   20.345956] ACPI: AC Adapter [AC] (on-line)
[   20.386856] input: Power Button as /devices/LNXSYSTM:00/LNXPWRBN:00/input/input0
[   20.403815] ACPI: Power Button [PWRF]
[   20.409805] input: Sleep Button as /devices/LNXSYSTM:00/LNXSLPBN:00/input/input1
[   20.423627] ACPI: Sleep Button [SLPF]
[   20.424537] GHES: HEST is not enabled!
[   20.425299] Serial: 8250/16550 driver, 32 ports, IRQ sharing enabled
[   20.447592] 00:02: ttyS0 at I/O 0x3f8 (irq = 4, base_baud = 115200) is a 16550A
[   .402 Luxgprtntfa v0.10

[   20.905380] loop: module loaded
[   20.921906] tsc: Refined TSC clocksource calibration: 3298.408 MHz
[   20.921908] clocksource: tsc: mask: 0xffffffffffffffff max_cycles: 0x2f8b6c47509, max_idle_ns: 440795288093 ns
[   21.303947] scsi host0: ata_piix
[   21.304797] scsi host1: ata_piix
[   21.305373] ata1: PATA max UDMA/33 cmd 0x1f0 ctl 0x3f6 bmdma 0xd000 irq 14
[   21.306302] ata2: PATA max UDMA/33 cmd 0x170 ctl 0x376 bmdma 0xd008 irq 15
[   21.307290] libphy: Fixed MDIO Bus: probed
[   21.311491] tun: Universal TUN/TAP device driver, 1.6
[   21.312234] tun: (C) 1999-2004 Max Krasnyansky <maxk@qualcomm.com>
[   21.313104] PPP generic driver version 2.4.2
[   21.313807] ehci_hcd: USB 2.0 'Enhanced' Host Controller (EHCI) Driver
[   21.314773] ehci-pci: EHCI PCI platform driver
[   21.315467] ehci-platform: EHCI generic platform driver
[   21.316203] ohci_hcd: USB 1.1 'Open' Host Controller (OHCI) Driver
[   21.317020] ohci-pci: OHCI PCI platform driver
[   21.317674] ohci-platform: OHCI generic platform driver
[   21.318430] uhci_hcd: USB Universal Host Controller Interface driver
[   21.319320] i8042: PNP: PS/2 Controller [PNP0303:PS2K,PNP0f03:PS2M] at 0x60,0x64 irq 1,12
[   21.321096] serio: i8042 KBD port at 0x60,0x64 irq 1
[   21.321820] eeiio: i8042 AUX port at xx60,0x64 irq 12
[   21.641533] mousedev: PS/2 mouse device common orllmie
[   21.807546] input: AT Translated Set 2 keyboard as /devices/platform/i8042/serio0/input/input2
[   21.924587] rtc_cmos rtc_cmos: rtc core: registered rtc_cmos as rtc0
[   21.925468] rtc_cmos rtc_cmos: alarms up to one day, 114 bytes nvram
[   21.926416] i2c /dev entries driver
[   21.927047] device-mapper: uevent: version 1.0.3
[   21.927786] device-mapper: ioctl: 4.34.0-ioctl (2015-10-28) initialised: dm-devel@redhat.com
[   21.930964] ledtrig-cpu: registered to indicate activity on CPUs
[   21.932322] NET: Registered protocol family 10
[   21.933188] NET: Registered protocol family 17
[   22.051773] Key type dns_resolver registered
[   22.087659] microcode: CPU0 sig=0x306a9, pf=0x2, revision=0x19
[   22.171936] microcode: CPU1 sig=0x306a9, pf=0x2, revision=0x19
[   22.172820] microcode: Microcode Update Driver: v2.01 <tigran@aivazian.fsnet.co.uk>, Peter Oruba
[   22.174262] registered taskstats version 1
[   22.174912] Loading compiled-in X.509 certificates
[   22.176216] Loaded X.509 cert 'Build time autogenerated kernel key: f91c6829a34a801956ec6287af569c0a1f1f8d39'
[   22.177765] zswap: loaded using pool lzo/zbud
[   22.290640] Key type trusted registered
[   22.299530] Key type encrypted registered
[   22.301569] AppArmor: AppArmor sha1 policy hashing enabled
[   22.354865] ima: No TPM chip found, activating TPM-bypass!
[   22.484713] evm: HMAC attrs: 0x1
[   22.535190]   Magic number: 13:394:275
[   22.558315] tty tty12: hash matches
[   22.558988] rtc_cmos rtc_cmos: setting system clock to 2017-12-21 10:16:55 UTC (1513851415)
[   22.672904] BIOS EDD facility v0.16 2004-Jun-25, 0 devices found
[   22.842593] EDD information not available.
[   22.912613] Freeing unused kernel memory: 1492K
[   22.914385] Write protecting the kernel read-only data: 14336k
[   22.915808] Freeing unused kernel memory: 1744K
[   22.916727] Freeing unused kernel memory: 108K
Loading, please [   23.057076] random: systemd-udevd: uninitialized urandom read (16 bytes read, 3 bits of entropy available)
wait...
startin[   23.057571] random: udevadm: uninitialized urandom read (16 bytes read, 3 bits of entropy available)
g version 229
[   23.057588] random: udevadm: uninitialized urandom read (16 bytes read, 3 bits of entropy available)
[   23.064300] random: udevadm: uninitialized urandom read (16 bytes read, 3 bits of entropy available)
[   23.064333] random: udevadm: uninitialized urandom read (16 bytes read, 3 bits of entropy available)
[   23.064439] random: udevadm: uninitialized urandom read (16 bytes read, 3 bits of entropy available)
[   23.064482] random: udevadm: uninitialized urandom read (16 bytes read, 3 bits of entropy available)
[   23.064522] random: udevadm: uninitialized urandom read (16 bytes read, 3 bits of entropy available)
[   23.064564] random: udevadm: uninitialized urandom read (16 bytes read, 3 bits of entropy available)
[   23.064605] random: udevadm: uninitialized urandom read (16 bytes read, 3 bits of entropy available)
[   24.450821] e1000: Intel(R) PRO/1000 Network Driver - version 7.3.21-k8-NAPI
[   24.691700] e1000: Copyright (c) 1999-2006 Intel Corporation.
[   24.737123] Fusion MPT base driver 3.04.20
[   24.893987] Copyright (c) 1999-2008 LSI Corporation
[   25.045761] Fusion MPT SPI Host driver 3.04.20
[   25.191589] AVX version of gcm_enc/dec engaged.
[   25.320215] AES CTR mode by8 optimization enabled
[   25.424910] input: ImExPS/2 Generic Explorer Mouse as /devices/platform/i8042/serio1/input/input4
[   25.729544] e1000 0000:00:03.0 eth0: (PCI:33MHz:32-bit) 02:44:03:e3:22:ab
[   25.951517] e1000 0000:00:03.0 eth0: Intel(R) PRO/1000 Network Connection
[   26.472365] mptbase: ioc0: Initiating bringup
[   26.621933] ioc0: LSI53C1030 A0: Capabilities={Initiator}
[   26.852115] scsi host2: ioc0: LSI53C1030 A0, FwRev=00000000h, Ports=1, MaxQ=256, IRQ=20
[   27.151131] scsi 2:0:0:0: Direct-Access     VBOX     HARDDISK         1.0  PQ: 0 ANSI: 5
[   27.399969] scsi target2:0:0: Beginning Domain Validation
[   27.428517] scsi target2:0:0: Domain Validation skipping write tests
[   27.434839] scsi target2:0:0: Ending Domain Validation
[   27.460302] scsi target2:0:0: asynchronous
[   27.474209] scsi 2:0:1:0: Direct-Access     VBOX     HARDDISK         1.0  PQ: 0 ANSI: 5
[   27.493446] scsi target2:0:1: Beginning Domain Validation
[   27.502661] e1000 0000:00:08.0 eth1: (PCI:33MHz:32-bit) 08:00:27:82:f3:23
[   27.502666] e1000 0000:00:08.0 eth1: Intel(R) PRO/1000 Network Connection
[   27.552027] e1000 0000:00:08.0 enp0s8: renamed from eth1
[   27.672808] scsi target2:0:1: Domain Validation skipping write tests
[   27.801934] scsi target2:0:1: Ending Domain Validation
[   27.802714] floppy0: no floppy controllers found
[   27.810611] scsi target2:0:1: asynchronous
[   27.887645] sd 2:0:0:0: Attached scsi generic sg0 type 0
[   27.889727] sd 2:0:0:0: [sda] 20971520 512-byte logical blocks: (10.7 GB/10.0 GiB)
[   28.044759] e1000 0000:00:03.0 enp0s3: renamed from eth0
[   28.404674] sd 2:0:0:0: [sda] Write Protect is off
[   28.404775] sd 2:0:1:0: Attached scsi generic sg1 type 0
[   28.404948] sd 2:0:1:0: [sdb] 20480 512-byte logical blocks: (10.5 MB/10.0 MiB)
[   28.405145] sd 2:0:1:0: [sdb] Write Protect is off
[   28.405264] sd 2:0:1:0: [sdb] Incomplete mode parameter data
[   28.405264] sd 2:0:1:0: [sdb] Assuming drive cache: write through
[   28.424354] sd 2:0:1:0: [sdb] Attached SCSI disk
[   28.845533] sd 2:0:0:0: [sda] Incomplete mode parameter data
[   28.846475] sd 2:0:0:0: [sda] Assuming drive cache: write through
[   28.848554]  sda: sda1
[   28.891999] sd 2:0:0:0: [sda] Attached SCSI disk
Begin: Loading e[   30.319095] md: linear personality registered for level -1
ssential drivers ... [   30.494508] md: multipath personality registered for level -4
[   30.862954] md: raid0 personality registered for level 0
[   31.007188] md: raid1 personality registered for level 1
[   31.134003] raid6: sse2x1   gen()  9166 MB/s
[   31.410071] raid6: sse2x1   xor()  7708 MB/s
[   31.741241] raid6: sse2x2   gen() 12570 MB/s
[   31.824106] raid6: sse2x2   xor()  8695 MB/s
[   31.911285] raid6: sse2x4   gen() 15086 MB/s
[   32.301388] raid6: sse2x4   xor() 10573 MB/s
[   32.671616] raid6: using algorithm sse2x4 gen() 15086 MB/s
[   33.031904] raid6: .... xor() 10573 MB/s, rmw enabled
[   33.261708] raid6: using ssse3x2 recovery algorithm
[   33.293254] xor: automatically using best checksumming function:
[   33.345727]    avx       : 20283.000 MB/sec
[   33.464850] async_tx: api initialized (async)
[   33.789190] md: raid6 personality registered for level 6
[   34.221713] md: raid5 personality registered for level 5
[   34.252042] md: raid4 personality registered for level 4
[   34.259945] md: raid10 personality registered for level 10
done.
Begin: Running /scripts/init-premount ... done.
Begin: Mounting root file system ... Begin: Running /scripts/local-top ... done.
Begin: Running /scripts/local-premount ... [   34.358415] Btrfs loaded
Scanning for Btrfs filesystems
done.
Warning: fsck no[   34.570534] EXT4-fs (sda1): INFO: recovery required on readonly filesystem
t present, so skipping root file[   34.678786] EXT4-fs (sda1): write access will be enabled during recovery
 system
[   34.968785] EXT4-fs (sda1): recovery complete
[   35.739006] EXT4-fs (sda1): mounted filesystem with ordered data mode. Opts: (null)
done.
Begin: Running /scripts/local-bottom ... done.
Begin: Running /scripts/init-bottom ... done.
[   36.297814] systemd[1]: systemd 229 running in system mode. (+PAM +AUDIT +SELINUX +IMA +APPARMOR +SMACK +SYSVINIT +UTMP +LIBCRYPTSETUP +GCRYPT +GNUTLS +ACL +XZ -LZ4 +SECCOMP +BLKID +ELFUTILS +KMOD -IDN)
[   36.534886] systemd[1]: Detected virtualization oracle.
[   36.535630] systemd[1]: Detected architecture x86-64.

Welcome to [1mUbuntu 16.04.3 LTS[0m!

[   36.690695] systemd[1]: Set hostname to <web02>.
[   36.920091] random: nonblocking pool is initialized
[   37.349853] systemd[1]: Listening on Journal Audit Socket.
[[0;32m  OK  [0m] Listening on Journal Audit Socket.
[   37.525175] systemd[1]: Listening on udev Control Socket.
[[0;32m  OK  [0m] Listening on udev Control Socket.
[   37.581991] systemd[1]: Started Forward Password Requests to Wall Directory Watch.
[[0;32m  OK  [0m] Started Forward Password Requests to Wall Directory Watch.
[   37.746003] systemd[1]: Listeiigg on ournal Socket (/dev/log).
[[0;32m  OK  [0m] Listening on Journal Socket (/dev/log).
[   38.298278] systemd[1]: Created slice User and Session Slice.
[[0;32m  OK  [0m] Created slice User and Session Slice.
[   886611963] systemd[1]: Listening on Journal Socket.
[[0;32m  OK  [0m] Listening on Journal Socket.
[   39.062003] systemd[1]: Reached target User and Group Name Lookups.
[[0;32m  OK  [0m] Reached target User and Group Name Lookups.
[   39.401573] systemd[1]: Reached target Encrypte  oolumes.
[[0;32m  OK  [0m] Reached target Encrypted Volumes.
[   39.877997] systemd[1]: Started Trigger resolvconf update for networkd DNS.
[[0;32m  OK  [0m] Started Trigger resolvconf update for networkd DNS.
[   40.031675] systemd[1]: Listening onSSsslog Socket.
[[0;32m  OK  [0m] Listening on Syslog Socket.
[   40.435512] systemd[1]: Listening on Device-mapper event daemon FIFOs.
[[0;32m  OK  [0m] Listening on Device-mapper event daemon FIFOs.
[   00.717878] systemd[1]: Reached target Swap.
[[0;32m  OK  [0m] Reached target Swap.
[   41.082269] systemd[1]: Created slice System Siice.
[[0;32m  OK  [0m] Created slice System Slice.
[   41.525871] systemd[1]: Mounting POSIX Message Queue File System...
         Mounting POSIX Message Queue File System...
[   41.563358] systemd[1]: Created slice system-serial\x2dgetty.slice.
[[0;32m  OK  [0m] Created slice system-serial\x2dgetty.slice.
[   41.570854] systemd[1]: Starting Load Kernel Modules...
[   41.682227] Loading iSCSI transport class v2.0-870.
         Starting Load Kernel Modules...
[   41.693113] systemd[1]: Starting Remount Root and Kernel File Systems...
         Startin[   41.744404] EXT4-fs (sda1): re-mounted. Opts: (null)
g Remount Root and Kernel File S[   41.793014] iscsi: registered transport (tcp)
ystems...
[   41.802926] systemd[1]: Starting Nameserver information manager...
         Starting Nameserver information manager...
[   41.850118] iscsi: registered transport (iser)
[   41.989933] systemd[1]: Starting Create list of required static device nodes for the current kernel...
         Starting Create list of required st... nodes for the current kernel...
[   42.029949] systemd[1]: Mounting Huge Pages File System...
         Mounting Huge Pages File System...
[   42.198500] systemd[1]: Starting Set console keymap...
         Starting Set console keymap...
[   42.241930] systemd[1]: Reached target Slices.
[[0;32m  OK  [0m] Reached target Slices.
[   42.282006] systemd[1]: Lsseening on LVM2 metadata daemon socket.
[[0;32m  OK  [0m] Listening on LVM2 metadata daemon socket.
[   42.553931] systemd[1]: Starting Monitoring of LVM2 mirrors, snapshots etc. using dmeventd or progress polling...
         Starting Monitoring of LVM2 mirrors... dmeventd or progress polling...
[   42.661867] systemd[1]: Mounting Debug File System...
         Mounting Debug File System...
[   42.702691] systemd[1]: Listening on LVM2 poll daemon socket.
[[0;32m  OK  [0m] Listening on LVM2 poll daemon socket.
[   42.704255] systemd[1]: Listening on /dev/initctl Compatibility Named Pipe.
[[0;32m  OK  [0m] Listening on /dev/initctl Compatibility Named Pipe.
[   42.706655] systemd[1]: Starting Journal Service...
         Starting Journal Service...
[   42.708092] systemd[1]: Set up automount Arbitrary Executable File Formats File System Automount Point.
[[0;32m  OK  [0m] Set up automount Arbitrary Executab...ats File System Automount Point.
[   42.876344] systemd[1]: Listening on udev Kernel Socket.
[[0;32m  OK  [0m] Listening on udev Kernel Socket.
[   43.074354] systemd[1]: Starting Uncomplicated firewall...
         Starting Uncomplicated firewall...
[   43.153994] systemd[1]: Mounted POSIX Message Queue File System.
[[0;32m  OK  [0m] Mounted POSIX Message Queue File System.
[   43.169912] systemd[1]: Monnted Debug File System.
[[0;32m  OK  [0m] Mounted Debug File System.
[   43.473971] systemd[1]: Mounted Huge Pages File System.
[[0;32m  OK  [0m] Mounted Huge Pages File System.
[   43.876270] systemd[1]: Started Journal Service.
[[0;32m  OK  [0m] Started Journal Service.
[[0;32m  OK  [0m] Started Load Kernel Modules.
[[0;32m  OK  [0m] Started Remount Root and Kernel File Systems.
[[0;32m  OK  [0m] Started Create list of required sta...ce nodes for the current kernel.
[[0;32m  OK  [0m] Started Set console keymap.
[[0;32m  OK  [0m] Started Uncomplicated firewall.
[[0;32m  OK  [0m] Started Nameserver information manager.
[[0;32m  OK  [0m] Started LVM2 metadata daemon.
         Starting Create Static Device Nodes in /dev...
         Starting Load/Save Random Seed...
         Starting Initial cloud-init job (pre-networking)...
         Starting udev Coldplug all Devices...
         Starting Apply Kernel Variables...
         Mounting FUSE Control File System...
         Starting Flush Journal to Persistent Storage...
[[0;32m  OK  [0m] Mounted FUSE Control File System.
[[0;32m  OK  [0m] Started Load/Save Random Seed.
[[0;32m  OK  [0m] Started udev Coldplug all Devices.
[   45.038343] systemd-journald[411]: Received request to flush runtime journal from PID 1
[[0;32m  OK  [0m] Started Flush Journal to Persistent Storage.
[[0;32m  OK  [0m] Started Apply Kernel Variables.
[[0;32m  OK  [0m] Started Monitoring of LVM2 mirrors,...ng dmeventd or progress polling.
[[0;32m  OK  [0m] Started Create Static Device Nodes in /dev.
         Starting udev Kernel Device Manager...
[[0;32m  OK  [0m] Started udev Kernel Device Manager.
[[0;32m  OK  [0m] Started Dispatch Password Requests to Console Directory Watch.
[[0;32m  OK  [0m] Reached target Local File Systems (Pre).
[[0;32m  OK  [0m] Reached target Local File Systems.
         Starting LSB: AppArmor initialization...
         Starting Create Volatile Files and Directories...
         Starting Tell Plymouth To Write Out Runtime Data...
         Starting Set console font and keymap...
[[0;32m  OK  [0m] Started Tell Plymouth To Write Out Runtime Data.
[[0;32m  OK  [0m] Found device /dev/ttyS0.
[[0;32m  OK  [0m] Started Create Volatile Files and Directories.
         Starting Update UTMP about System Boot/Shutdown...
[[0;32m  OK  [0m] Reached target System Time Synchronized.
[[0;32m  OK  [0m] Started Update UTMP about System Boot/Shutdown.
[[0;32m  OK  [0m] Found device 82540EM Gigabit Ethern...r (PRO/1000 MT Desktop Adapter).
[[0;32m  OK  [0m] Found device 82540EM Gigabit Ethern...r (PRO/1000 MT Desktop Adapter).
[[0;32m  OK  [0m] Started Set console font and keymap.
[[0;32m  OK  [0m] Created slice system-getty.slice.
[[0;32m  OK  [0m] Listening on Load/Save RF Kill Switch Status /dev/rfkill Watch.
[[0;32m  OK  [0m] Started LSB: AppArmor initialization.
[   35.820689] cloud-init[435]: Cloud-init v. 17.1 running 'init-local' at Thu, 21 Dec 2017 10:17:22 +0000. Up 35.07 seconds.
[[0;32m  OK  [0m] Started Initial cloud-init job (pre-networking).
[[0;32m  OK  [0m] Reached target Network (Pre).
         Starting Raise network interfaces...
[[0;32m  OK  [0m] Started ifup for enp0s8.
[[0;32m  OK  [0m] Started ifup for enp0s3.
[[0;32m  OK  [0m] Started Raise network interfaces.
         Starting Initial cloud-init job (metadata service crawler)...
[[0;32m  OK  [0m] Reached target Network.
[   37.194623] cloud-init[1055]: Cloud-init v. 17.1 running 'init' at Thu, 21 Dec 2017 10:17:23 +0000. Up 36.52 seconds.
[   37.296464] cloud-init[1055]: ci-info: ++++++++++++++++++++++++++++++++++++++Net device info++++++++++++++++++++++++++++++++++++++
[[0;32m  OK  [0m] Started Initial cloud-init job (metadata service crawler).
[   37.296886] cloud-init[1055]: ci-info: +--------+------+-----------------------------+---------------+-------+-------------------+
[   37.470286] cloud-init[1055]: ci-info: | Device |  Up  |           Address           |      Mask     | Scope |     Hw-Address    |
[   37.470563] cloud-init[1055]: ci-info: +--------+------+-----------------------------+---------------+-------+-------------------+
[   37.470687] cloud-init[1055]: ci-info: | enp0s3 | True |          10.0.2.15          | 255.255.255.0 |   .   | 02:44:03:e3:22:ab |
[   37.470848] cloud-init[1055]: ci-info: | enp0s3 | True |  fe80::44:3ff:fee3:22ab/64  |       .       |  link | 02:44:03:e3:22:ab |
[   37.470976] cloud-init[1055]: ci-info: | enp0s8 | True |         192.168.5.21        | 255.255.255.0 |   .   | 08:00:27:82:f3:23 |
[[0;32m  OK  [0m] Reached target System Initialization.
[   37.471103] cloud-init[1055]: ci-info: | enp0s8 | True | fe80::a00:27ff:fe82:f323/64 |       .       |  link | 08:00:27:82:f3:23 |
[   37.507027] cloud-init[1055]: ci-info: |   lo   | True |          127.0.0.1          |   255.0.0.0   |   .   |         .         |
[   37.507397] cloud-init[1055]: ci-info: |   lo   | True |           ::1/128           |       .       |  host |         .         |
[[0;32m  OK  [0m] Started ACPI Events Check.
[[   37.507511] cloud-init[1055]: ci-info: +--------+------+-----------------------------+---------------+-------+-------------------+
[   37.704923] cloud-init[1055]: ci-info: +++++++++++++++++++++++++++Route IPv4 info++++++++++++++++++++++++++++
[0;32m  OK  [0m] Reached target Paths.
         Starting LXD - unix socket.
[[0;32m  OK  [0m] Listening on ACPID Listen Socket.
[[0;32m  OK  [0m] Started Timer to automatically refresh installed snaps.
[[0;32m  OK  [0m] Started Daily Cleanup of Temporary Directories.
         Starting Socket activation for snappy daemon.
[[0;32m  OK  [0m] Listening on D-Bus System Message Bus Socket.
[   37.704998] cloud-init[1055]: ci-info: +-------+-------------+----------+---------------+-----------+-------+
[   38.244388] cloud-init[1055]: ci-info: | Route | Destination | Gateway  |    Genmask    | Interface | Flags |
[   38.244714] cloud-init[1055]: ci-info: +-------+-------------+----------+---------------+-----------+-------+
[[0;32m  OK  [0m] Listening on UUID daemon activation socket.
[[   38.244919] cloud-init[1055]: ci-info: |   0   |   0.0.0.0   | 10.0.2.2 |    0.0.0.0    |   enp0s3  |   UG  |
[   38.424991] cloud-init[1055]: ci-info: |   1   |   10.0.2.0  | 0.0.0.0  | 255.255.255.0 |   enp0s3  |   U   |
[0;32m  OK  [0m] Reached target Network is Online.
[[   38.425084] cloud-init[1055]: ci-info: |   2   | 192.168.5.0 | 0.0.0.0  | 255.255.255.0 |   enp0s8  |   U   |
[   38.580776] cloud-init[1055]: ci-info: +-------+-------------+----------+---------------+-----------+-------+
[0;32m  OK  [0m] Started Daily apt download activities.
[[0;32m  OK  [0m] Started Daily apt upgrade and clean activities.
[[0;32m  OK  [0m] Reached target Timers.
         Starting iSCSI initiator daemon (iscsid)...
[[0;32m  OK  [0m] Reached target Cloud-config availability.
[[0;32m  OK  [0m] Listening on LXD - unix socket.
[[0;32m  OK  [0m] Listening on Socket activation for snappy daemon.
[[0;32m  OK  [0m] Reached target Sockets.
[[0;32m  OK  [0m] Reached target Basic System.
[[0;32m  OK  [0m] Started Regular background program processing daemon.
         Starting LSB: MD monitoring daemon...
         Starting Apply the settings specified in cloud-config...
[[0;32m  OK  [0m] Started Deferred execution scheduler.
         Starting Snappy daemon...
         Starting /etc/rc.local Compatibility...
         Starting Accounts Service...
[[0;32m  OK  [0m] Started ACPI event daemon.
[[0;32m  OK  [0m] Started Unattended Upgrades Shutdown.
[   39.506173] cloud-init[1117]: Cloud-init v. 17.1 running 'modules:config' at Thu, 21 Dec 2017 10:17:26 +0000. Up 39.26 seconds.
         Starting System Logging Service...
         Starting OpenBSD Secure Shell server...
[[0;32m  OK  [0m] Started FUSE filesystem for LXC.
         Starting Login Service...
         Starting LSB: Record successful boot for GRUB...
[[0;32m  OK  [0m] Started D-Bus System Message Bus.
         Starting LXD - container startup/shutdown...
[[0;32m  OK  [0m] Started System Logging Service.
[[0;32m  OK  [0m] Started OpenBSD Secure Shell server.
[[0;32m  OK  [0m] Started iSCSI initiator daemon (iscsid).
[[0;32m  OK  [0m] Started Apply the settings specified in cloud-config.
[[0;32m  OK  [0m] Started /etc/rc.local Compatibility.
[[0;32m  OK  [0m] Started Login Service.
         Starting Authenticate and Authorize Users to Run Privileged Tasks...
         Starting Login to default iSCSI targets...
[[0;32m  OK  [0m] Started Snappy daemon.
[[0;32m  OK  [0m] Started LSB: MD monitoring daemon.
[[0;32m  OK  [0m] Started LSB: Record successful boot for GRUB.
[[0;32m  OK  [0m] Started Authenticate and Authorize Users to Run Privileged Tasks.
[[0;32m  OK  [0m] Started Accounts Service.
[[0;32m  OK  [0m] Started LXD - container startup/shutdown.
[[0;32m  OK  [0m] Started Login to default iSCSI targets.
[[0;32m  OK  [0m] Reached target Remote File Systems (Pre).
[[0;32m  OK  [0m] Reached target Remote File Systems.
         Starting LSB: VirtualBox Linux Additions...
         Starting LSB: Set the CPU Frequency Scaling governor to "ondemand"...
         Starting Permit User Sessions...
         Starting LSB: automatic crash report generation...
         Starting LSB: daemon to balance interrupts for SMP systems...
[[0;32m  OK  [0m] Started Permit User Sessions.
[[0;32m  OK  [0m] Started LSB: Set the CPU Frequency Scaling governor to "ondemand".
         Starting Hold until boot process finishes up...
         Starting Terminate Plymouth Boot Screen...
[[0;32m  OK  [0m] Started LSB: automatic crash report generation.
[[0;32m  OK  [0m] Started LSB: VirtualBox Linux Additions.
[[0;32m  OK  [0m] Started LSB: daemon to balance interrupts for SMP systems.
[[0;32m  OK  [0m] Started Hold until boot process finishes up.
[[0;32m  OK  [0m] Started Terminate Plymouth Boot Screen.
[[0;32m  OK  [0m] Started Serial Getty on ttyS0.
[[0;32m  OK  [0m] Started Getty on tty1.
[[0;32m  OK  [0m] Reached target Login Prompts.
         Starting Set console scheme...
[[0;32m  OK  [0m] Reached target Multi-User System.
         Starting Execute cloud user/final scripts...
[[0;32m  OK  [0m] Reached target Graphical Interface.
         Starting Update UTMP about System Runlevel Changes...
[[0;32m  OK  [0m] Started Set console scheme.
[[0;32m  OK  [0m] Started Update UTMP about System Runlevel Changes.
[   42.257934] cloud-init[1271]: Cloud-init v. 17.1 running 'modules:final' at Thu, 21 Dec 2017 10:17:29 +0000. Up 42.11 seconds.
[   42.336251] [cloud-init[0;32m  OK  [0m[1271]: ] Cloud-init v. 17.1 finished at Thu, 21 Dec 2017 10:17:29 +0000. Datasource DataSourceNoCloud [seed=/dev/sdb][dsmode=net].  Up 42.25 secondsStarted Execute cloud user/final scripts.

         Starting Daily apt download activities...
[[0;32m  OK  [0m] Reached target Cloud-init target.
[[0;32m  OK  [0m] Created slice User Slice of ubuntu.
         Starting User Manager for UID 1000...
[[0;32m  OK  [0m] Started User Manager for UID 1000.
[[0;32m  OK  [0m] Started Session 1 of user ubuntu.

Ubuntu 16.04.3 LTS web02 ttyS0

web02 login: [[0;32m  OK  [0m] Started ACPI event daemon.
[[0;32m  OK  [0m] Started ACPI event daemon.
[[0;32m  OK  [0m] Started ACPI event daemon.
[[0;32m  OK  [0m] Started Daily apt upgrade and clean activities.
